Archive member included to satisfy reference by file (symbol)

.pio/build/stm32_racedash/lib093/libSD.a(File.cpp.o)
                              .pio/build/stm32_racedash/src/main.cpp.o (SDLib::File::flush())
.pio/build/stm32_racedash/lib093/libSD.a(SD.cpp.o)
                              .pio/build/stm32_racedash/src/main.cpp.o (SDLib::SDClass::begin(unsigned char))
.pio/build/stm32_racedash/lib093/libSD.a(Sd2Card.cpp.o)
                              .pio/build/stm32_racedash/lib093/libSD.a(SD.cpp.o) (Sd2Card::setSpiClock(unsigned long))
.pio/build/stm32_racedash/lib093/libSD.a(SdFile.cpp.o)
                              .pio/build/stm32_racedash/lib093/libSD.a(SD.cpp.o) (SdFile::dirName(directoryEntry const&, char*))
.pio/build/stm32_racedash/lib093/libSD.a(SdVolume.cpp.o)
                              .pio/build/stm32_racedash/lib093/libSD.a(SdFile.cpp.o) (SdVolume::cacheMirrorBlockFlush(unsigned char))
.pio/build/stm32_racedash/lib538/libTinyGPSPlus.a(TinyGPS++.cpp.o)
                              .pio/build/stm32_racedash/src/main.cpp.o (TinyGPSPlus::TinyGPSPlus())
.pio/build/stm32_racedash/lib04b/libWire.a(Wire.cpp.o)
                              .pio/build/stm32_racedash/src/main.cpp.o (TwoWire::available())
.pio/build/stm32_racedash/lib04b/libWire.a(twi.c.o)
                              .pio/build/stm32_racedash/lib04b/libWire.a(Wire.cpp.o) (i2c_init)
.pio/build/stm32_racedash/libFrameworkArduino.a(HardwareSerial.cpp.o)
                              .pio/build/stm32_racedash/src/main.cpp.o (HardwareSerial::available())
.pio/build/stm32_racedash/libFrameworkArduino.a(Print.cpp.o)
                              .pio/build/stm32_racedash/lib093/libSD.a(SdFile.cpp.o) (Print::write(unsigned char const*, unsigned int))
.pio/build/stm32_racedash/libFrameworkArduino.a(Stream.cpp.o)
                              .pio/build/stm32_racedash/lib093/libSD.a(File.cpp.o) (Stream::readBytes(char*, unsigned int))
.pio/build/stm32_racedash/libFrameworkArduino.a(WInterrupts.cpp.o)
                              .pio/build/stm32_racedash/src/main.cpp.o (attachInterrupt(unsigned long, std::function<void ()>, unsigned long))
.pio/build/stm32_racedash/libFrameworkArduino.a(WMath.cpp.o)
                              .pio/build/stm32_racedash/src/main.cpp.o (random(long, long))
.pio/build/stm32_racedash/libFrameworkArduino.a(WString.cpp.o)
                              .pio/build/stm32_racedash/libFrameworkArduino.a(Stream.cpp.o) (String::String(char const*))
.pio/build/stm32_racedash/libFrameworkArduino.a(dtostrf.c.o)
                              .pio/build/stm32_racedash/libFrameworkArduino.a(WString.cpp.o) (dtostrf)
.pio/build/stm32_racedash/libFrameworkArduino.a(itoa.c.o)
                              .pio/build/stm32_racedash/libFrameworkArduino.a(WString.cpp.o) (ltoa)
.pio/build/stm32_racedash/libFrameworkArduino.a(main.cpp.o)
                              c:/users/craft/.platformio/packages/toolchain-gccarmnoneeabi/bin/../lib/gcc/arm-none-eabi/12.3.1/../../../../arm-none-eabi/lib/thumb/v7-m/nofp/crt0.o (main)
.pio/build/stm32_racedash/libFrameworkArduino.a(pins_arduino.c.o)
                              .pio/build/stm32_racedash/SrcWrapper/src/HardwareTimer.cpp.o (pinNametoDigitalPin)
.pio/build/stm32_racedash/libFrameworkArduino.a(startup_stm32yyxx.S.o)
                              (Reset_Handler)
.pio/build/stm32_racedash/libFrameworkArduino.a(wiring_analog.c.o)
                              .pio/build/stm32_racedash/src/main.cpp.o (analogRead)
.pio/build/stm32_racedash/libFrameworkArduino.a(wiring_digital.c.o)
                              .pio/build/stm32_racedash/SrcWrapper/src/HardwareTimer.cpp.o (pinMode)
.pio/build/stm32_racedash/libFrameworkArduino.a(wiring_time.c.o)
                              .pio/build/stm32_racedash/src/main.cpp.o (millis)
.pio/build/stm32_racedash/libFrameworkArduino.a(WSerial.cpp.o)
                              .pio/build/stm32_racedash/libFrameworkArduino.a(main.cpp.o) (serialEventRun())
.pio/build/stm32_racedash/libFrameworkArduino.a(board.c.o)
                              .pio/build/stm32_racedash/libFrameworkArduino.a(main.cpp.o) (init)
.pio/build/stm32_racedash/libFrameworkArduino.a(hooks.c.o)
                              .pio/build/stm32_racedash/libFrameworkArduino.a(wiring_time.c.o) (yield)
c:/users/craft/.platformio/packages/toolchain-gccarmnoneeabi/bin/../lib/gcc/arm-none-eabi/12.3.1/thumb/v7-m/nofp\libgcc.a(_arm_muldf3.o)
                              .pio/build/stm32_racedash/SrcWrapper/src/HardwareTimer.cpp.o (__aeabi_dmul)
c:/users/craft/.platformio/packages/toolchain-gccarmnoneeabi/bin/../lib/gcc/arm-none-eabi/12.3.1/thumb/v7-m/nofp\libgcc.a(_arm_mulsf3.o)
                              .pio/build/stm32_racedash/src/main.cpp.o (__aeabi_fmul)
c:/users/craft/.platformio/packages/toolchain-gccarmnoneeabi/bin/../lib/gcc/arm-none-eabi/12.3.1/thumb/v7-m/nofp\libgcc.a(_arm_addsubdf3.o)
[...]
Memory Configuration

Name             Origin             Length             Attributes
*default*        0x00000000         0xffffffff
RAM              0x20000000         0x0000c000         xrw
FLASH            0x08000000         0x00040000         xr

Linker script and memory map

                0x2000c000                        _estack = (ORIGIN (RAM) + LENGTH (RAM))
                0x00000200                        _Min_Heap_Size = 0x200
                0x00000400                        _Min_Stack_Size = 0x400

.isr_vector     0x08000000      0x1e4
                0x08000000                        . = ALIGN (0x4)
 *(.isr_vector)
 .isr_vector    0x08000000      0x1e4 .pio/build/stm32_racedash/libFrameworkArduino.a(startup_stm32yyxx.S.o)
                0x08000000                g_pfnVectors
                0x080001e4                        . = ALIGN (0x4)

.text           0x080001e8     0xc7f0
                0x080001e8                        . = ALIGN (0x4)
 *(.text)
 .text          0x080001e8      0x378 c:/users/craft/.platformio/packages/toolchain-gccarmnoneeabi/bin/../lib/gcc/arm-none-eabi/12.3.1/thumb/v7-m/nofp\libgcc.a(_arm_addsubdf3.o)
                0x080001e8                __aeabi_drsub
                0x080001f0                __aeabi_dsub
                0x080001f0                __subdf3
                0x080001f4                __aeabi_dadd
                0x080001f4                __adddf3
                0x0800046c                __floatunsidf
                0x0800046c                __aeabi_ui2d
                0x0800048c                __floatsidf
                0x0800048c                __aeabi_i2d
                0x080004b0                __aeabi_f2d
                0x080004b0                __extendsfdf2
                0x080004f4                __floatundidf
                0x080004f4                __aeabi_ul2d
                0x08000504                __floatdidf
                0x08000504                __aeabi_l2d
 .text          0x08000560      0x424 c:/users/craft/.platformio/packages/toolchain-gccarmnoneeabi/bin/../lib/gcc/arm-none-eabi/12.3.1/thumb/v7-m/nofp\libgcc.a(_arm_muldivdf3.o)
                0x08000560                __aeabi_dmul
                0x08000560                __muldf3
                0x080007b4                __divdf3
                0x080007b4                __aeabi_ddiv
 .text          0x08000984      0x110 c:/users/craft/.platformio/packages/toolchain-gccarmnoneeabi/bin/../lib/gcc/arm-none-eabi/12.3.1/thumb/v7-m/nofp\libgcc.a(_arm_cmpdf2.o)
                0x08000984                __gtdf2
                0x08000984                __gedf2
                0x0800098c                __ltdf2
                0x0800098c                __ledf2
                0x08000994                __nedf2
                0x08000994                __eqdf2
                0x08000994                __cmpdf2
                0x08000a10                __aeabi_cdrcmple
                0x08000a20                __aeabi_cdcmpeq
                0x08000a20                __aeabi_cdcmple
                0x08000a30                __aeabi_dcmpeq
                0x08000a44                __aeabi_dcmplt
                0x08000a58                __aeabi_dcmple
                0x08000a6c                __aeabi_dcmpge
                0x08000a80                __aeabi_dcmpgt
 .text          0x08000a94       0x2c c:/users/craft/.platformio/packages/toolchain-gccarmnoneeabi/bin/../lib/gcc/arm-none-eabi/12.3.1/thumb/v7-m/nofp\libgcc.a(_arm_unorddf2.o)
                0x08000a94                __unorddf2
                0x08000a94                __aeabi_dcmpun
 .text          0x08000ac0       0x40 c:/users/craft/.platformio/packages/toolchain-gccarmnoneeabi/bin/../lib/gcc/arm-none-eabi/12.3.1/thumb/v7-m/nofp\libgcc.a(_arm_fixunsdfsi.o)
                0x08000ac0                __aeabi_d2uiz
                0x08000ac0                __fixunsdfsi
 .text          0x08000b00       0xa0 c:/users/craft/.platformio/packages/toolchain-gccarmnoneeabi/bin/../lib/gcc/arm-none-eabi/12.3.1/thumb/v7-m/nofp\libgcc.a(_arm_truncdfsf2.o)
                0x08000b00                __truncdfsf2
                0x08000b00                __aeabi_d2f
 .text          0x08000ba0      0x21c c:/users/craft/.platformio/packages/toolchain-gccarmnoneeabi/bin/../lib/gcc/arm-none-eabi/12.3.1/thumb/v7-m/nofp\libgcc.a(_arm_addsubsf3.o)
                0x08000ba0                __aeabi_frsub
                0x08000ba8                __subsf3
                0x08000ba8                __aeabi_fsub
                0x08000bac                __aeabi_fadd
                0x08000bac                __addsf3
                0x08000d0c                __aeabi_ui2f
                0x08000d0c                __floatunsisf
                0x08000d14                __aeabi_i2f
                0x08000d14                __floatsisf
                0x08000d30                __aeabi_ul2f
                0x08000d30                __floatundisf
                0x08000d40                __aeabi_l2f
                0x08000d40                __floatdisf
 .text          0x08000dbc      0x2a0 c:/users/craft/.platformio/packages/toolchain-gccarmnoneeabi/bin/../lib/gcc/arm-none-eabi/12.3.1/thumb/v7-m/nofp\libgcc.a(_arm_muldivsf3.o)
                0x08000dbc                __mulsf3
                0x08000dbc                __aeabi_fmul
                0x08000f24                __aeabi_fdiv
                0x08000f24                __divsf3
 .text          0x0800105c       0xec c:/users/craft/.platformio/packages/toolchain-gccarmnoneeabi/bin/../lib/gcc/arm-none-eabi/12.3.1/thumb/v7-m/nofp\libgcc.a(_arm_cmpsf2.o)
                0x0800105c                __gesf2
                0x0800105c                __gtsf2
                0x08001064                __lesf2
                0x08001064                __ltsf2
                0x0800106c                __nesf2
                0x0800106c                __eqsf2
                0x0800106c                __cmpsf2
                0x080010cc                __aeabi_cfrcmple
                0x080010d4                __aeabi_cfcmpeq
                0x080010d4                __aeabi_cfcmple
                0x080010e4                __aeabi_fcmpeq
                0x080010f8                __aeabi_fcmplt
                0x0800110c                __aeabi_fcmple
                0x08001120                __aeabi_fcmpge
                0x08001134                __aeabi_fcmpgt
 .text          0x08001148       0x2c c:/users/craft/.platformio/packages/toolchain-gccarmnoneeabi/bin/../lib/gcc/arm-none-eabi/12.3.1/thumb/v7-m/nofp\libgcc.a(_arm_unordsf2.o)
                0x08001148                __unordsf2
                0x08001148                __aeabi_fcmpun
 .text          0x08001174       0x4c c:/users/craft/.platformio/packages/toolchain-gccarmnoneeabi/bin/../lib/gcc/arm-none-eabi/12.3.1/thumb/v7-m/nofp\libgcc.a(_arm_fixsfsi.o)
                0x08001174                __aeabi_f2iz
                0x08001174                __fixsfsi
 .text          0x080011c0       0x40 c:/users/craft/.platformio/packages/toolchain-gccarmnoneeabi/bin/../lib/gcc/arm-none-eabi/12.3.1/thumb/v7-m/nofp\libgcc.a(_arm_fixunssfsi.o)
                0x080011c0                __fixunssfsi
                0x080011c0                __aeabi_f2uiz
 .text          0x08001200       0x14 c:/users/craft/.platformio/packages/toolchain-gccarmnoneeabi/bin/../lib/gcc/arm-none-eabi/12.3.1/../../../../arm-none-eabi/lib/thumb/v7-m/nofp\libc_nano.a(libc_a-strcmp.o)
                0x08001200                strcmp
 .text          0x08001214       0x10 c:/users/craft/.platformio/packages/toolchain-gccarmnoneeabi/bin/../lib/gcc/arm-none-eabi/12.3.1/../../../../arm-none-eabi/lib/thumb/v7-m/nofp\libc_nano.a(libc_a-strlen.o)
                0x08001214                strlen
 *(.text*)
 .text.__do_global_dtors_aux
                0x08001224       0x24 c:/users/craft/.platformio/packages/toolchain-gccarmnoneeabi/bin/../lib/gcc/arm-none-eabi/12.3.1/thumb/v7-m/nofp/crtbegin.o
 .text.frame_dummy
                0x08001248       0x1c c:/users/craft/.platformio/packages/toolchain-gccarmnoneeabi/bin/../lib/gcc/arm-none-eabi/12.3.1/thumb/v7-m/nofp/crtbegin.o
 .text.SystemClock_Config
                0x08001264       0x56 .pio/build/stm32_racedash/FrameworkArduinoVariant/generic_clock.c.o
                0x08001264                SystemClock_Config
 .text.HAL_MspInit
                0x080012ba        0x2 .pio/build/stm32_racedash/SrcWrapper/src/HAL/stm32yyxx_hal.c.o
                0x080012ba                HAL_MspInit
 .text.HAL_InitTick
                0x080012bc       0x48 .pio/build/stm32_racedash/SrcWrapper/src/HAL/stm32yyxx_hal.c.o
                0x080012bc                HAL_InitTick
 .text.HAL_Init
                0x08001304       0x24 .pio/build/stm32_racedash/SrcWrapper/src/HAL/stm32yyxx_hal.c.o
                0x08001304                HAL_Init
 .text.HAL_IncTick
                0x08001328       0x18 .pio/build/stm32_racedash/SrcWrapper/src/HAL/stm32yyxx_hal.c.o
                0x08001328                HAL_IncTick
 .text.HAL_GetTick
                0x08001340        0xc .pio/build/stm32_racedash/SrcWrapper/src/HAL/stm32yyxx_hal.c.o
                0x08001340                HAL_GetTick
 .text.HAL_ADC_PollForConversion
                0x0800134c      0x164 .pio/build/stm32_racedash/SrcWrapper/src/HAL/stm32yyxx_hal_adc.c.o
                0x0800134c                HAL_ADC_PollForConversion
 .text.HAL_ADC_GetValue
                0x080014b0        0x6 .pio/build/stm32_racedash/SrcWrapper/src/HAL/stm32yyxx_hal_adc.c.o
                0x080014b0                HAL_ADC_GetValue
 *fill*         0x080014b6        0x2 
 .text.HAL_ADC_ConfigChannel
                0x080014b8       0xfc .pio/build/stm32_racedash/SrcWrapper/src/HAL/stm32yyxx_hal_adc.c.o
                0x080014b8                HAL_ADC_ConfigChannel
 .text.HAL_ADC_GetState
                0x080015b4        0x4 .pio/build/stm32_racedash/SrcWrapper/src/HAL/stm32yyxx_hal_adc.c.o
                0x080015b4                HAL_ADC_GetState
 .text.ADC_Enable
                0x080015b8       0x78 .pio/build/stm32_racedash/SrcWrapper/src/HAL/stm32yyxx_hal_adc.c.o
                0x080015b8                ADC_Enable
 .text.HAL_ADC_Start
                0x08001630       0xc4 .pio/build/stm32_racedash/SrcWrapper/src/HAL/stm32yyxx_hal_adc.c.o
                0x08001630                HAL_ADC_Start
 .text.ADC_ConversionStop_Disable
                0x080016f4       0x4c .pio/build/stm32_racedash/SrcWrapper/src/HAL/stm32yyxx_hal_adc.c.o
                0x080016f4                ADC_ConversionStop_Disable
 .text.HAL_ADC_Init
                0x08001740      0x11c .pio/build/stm32_racedash/SrcWrapper/src/HAL/stm32yyxx_hal_adc.c.o
                0x08001740                HAL_ADC_Init
 .text.HAL_ADC_DeInit
                0x0800185c       0xc0 .pio/build/stm32_racedash/SrcWrapper/src/HAL/stm32yyxx_hal_adc.c.o
                0x0800185c                HAL_ADC_DeInit
 .text.HAL_ADC_Stop
                0x0800191c       0x34 .pio/build/stm32_racedash/SrcWrapper/src/HAL/stm32yyxx_hal_adc.c.o
                0x0800191c                HAL_ADC_Stop
 .text.HAL_ADCEx_Calibration_Start
                0x08001950       0xe0 .pio/build/stm32_racedash/SrcWrapper/src/HAL/stm32yyxx_hal_adc_ex.c.o
                0x08001950                HAL_ADCEx_Calibration_Start
 .text.HAL_NVIC_SetPriorityGrouping
                0x08001a30       0x24 .pio/build/stm32_racedash/SrcWrapper/src/HAL/stm32yyxx_hal_cortex.c.o
                0x08001a30                HAL_NVIC_SetPriorityGrouping
 .text.HAL_NVIC_SetPriority
                0x08001a54       0x60 .pio/build/stm32_racedash/SrcWrapper/src/HAL/stm32yyxx_hal_cortex.c.o
                0x08001a54                HAL_NVIC_SetPriority
 .text.HAL_NVIC_EnableIRQ
                0x08001ab4       0x1c .pio/build/stm32_racedash/SrcWrapper/src/HAL/stm32yyxx_hal_cortex.c.o
                0x08001ab4                HAL_NVIC_EnableIRQ
 .text.HAL_NVIC_DisableIRQ
                0x08001ad0       0x24 .pio/build/stm32_racedash/SrcWrapper/src/HAL/stm32yyxx_hal_cortex.c.o
                0x08001ad0                HAL_NVIC_DisableIRQ
 .text.HAL_SYSTICK_Config
                0x08001af4       0x28 .pio/build/stm32_racedash/SrcWrapper/src/HAL/stm32yyxx_hal_cortex.c.o
                0x08001af4                HAL_SYSTICK_Config
 .text.HAL_NVIC_ClearPendingIRQ
                0x08001b1c       0x1c .pio/build/stm32_racedash/SrcWrapper/src/HAL/stm32yyxx_hal_cortex.c.o
                0x08001b1c                HAL_NVIC_ClearPendingIRQ
 .text.HAL_SYSTICK_Callback
                0x08001b38        0x2 .pio/build/stm32_racedash/SrcWrapper/src/HAL/stm32yyxx_hal_cortex.c.o
                0x08001b38                HAL_SYSTICK_Callback
 .text.HAL_SYSTICK_IRQHandler
                0x08001b3a        0x8 .pio/build/stm32_racedash/SrcWrapper/src/HAL/stm32yyxx_hal_cortex.c.o
                0x08001b3a                HAL_SYSTICK_IRQHandler
 .text.HAL_CRC_MspInit
                0x08001b42        0x2 .pio/build/stm32_racedash/SrcWrapper/src/HAL/stm32yyxx_hal_crc.c.o
                0x08001b42                HAL_CRC_MspInit
 .text.HAL_CRC_Init
                0x08001b44       0x20 .pio/build/stm32_racedash/SrcWrapper/src/HAL/stm32yyxx_hal_crc.c.o
                0x08001b44                HAL_CRC_Init
 .text.HAL_DAC_DeInit
                0x08001b64       0x1c .pio/build/stm32_racedash/SrcWrapper/src/HAL/stm32yyxx_hal_dac.c.o
                0x08001b64                HAL_DAC_DeInit
 .text.HAL_DAC_Stop
                0x08001b80       0x22 .pio/build/stm32_racedash/SrcWrapper/src/HAL/stm32yyxx_hal_dac.c.o
                0x08001b80                HAL_DAC_Stop
 .text.HAL_DMA_Abort
                0x08001ba2       0x3e .pio/build/stm32_racedash/SrcWrapper/src/HAL/stm32yyxx_hal_dma.c.o
                0x08001ba2                HAL_DMA_Abort
 .text.HAL_DMA_Abort_IT
                0x08001be0      0x13c .pio/build/stm32_racedash/SrcWrapper/src/HAL/stm32yyxx_hal_dma.c.o
                0x08001be0                HAL_DMA_Abort_IT
 .text.HAL_DMA_GetState
                0x08001d1c        0x6 .pio/build/stm32_racedash/SrcWrapper/src/HAL/stm32yyxx_hal_dma.c.o
                0x08001d1c                HAL_DMA_GetState
 *fill*         0x08001d22        0x2 
 .text.HAL_GPIO_Init
                0x08001d24      0x1cc .pio/build/stm32_racedash/SrcWrapper/src/HAL/stm32yyxx_hal_gpio.c.o
                0x08001d24                HAL_GPIO_Init
 .text.HAL_GPIO_EXTI_IRQHandler
                0x08001ef0       0x18 .pio/build/stm32_racedash/SrcWrapper/src/HAL/stm32yyxx_hal_gpio.c.o
                0x08001ef0                HAL_GPIO_EXTI_IRQHandler
 .text.I2C_WaitOnFlagUntilTimeout
                0x08001f08       0x80 .pio/build/stm32_racedash/SrcWrapper/src/HAL/stm32yyxx_hal_i2c.c.o
 .text.HAL_I2C_MspInit
                0x08001f88        0x2 .pio/build/stm32_racedash/SrcWrapper/src/HAL/stm32yyxx_hal_i2c.c.o
                0x08001f88                HAL_I2C_MspInit
 *fill*         0x08001f8a        0x2 
 .text.HAL_I2C_Init
                0x08001f8c      0x14c .pio/build/stm32_racedash/SrcWrapper/src/HAL/stm32yyxx_hal_i2c.c.o
                0x08001f8c                HAL_I2C_Init
 .text.HAL_I2C_MspDeInit
                0x080020d8        0x2 .pio/build/stm32_racedash/SrcWrapper/src/HAL/stm32yyxx_hal_i2c.c.o
                0x080020d8                HAL_I2C_MspDeInit
 .text.HAL_I2C_DeInit
                0x080020da       0x32 .pio/build/stm32_racedash/SrcWrapper/src/HAL/stm32yyxx_hal_i2c.c.o
                0x080020da                HAL_I2C_DeInit
 .text.HAL_I2C_IsDeviceReady
                0x0800210c      0x160 .pio/build/stm32_racedash/SrcWrapper/src/HAL/stm32yyxx_hal_i2c.c.o
                0x0800210c                HAL_I2C_IsDeviceReady
 .text.HAL_I2C_Master_Seq_Transmit_IT
                0x0800226c       0xd0 .pio/build/stm32_racedash/SrcWrapper/src/HAL/stm32yyxx_hal_i2c.c.o
                0x0800226c                HAL_I2C_Master_Seq_Transmit_IT
 .text.HAL_I2C_Master_Seq_Receive_IT
                0x0800233c      0x10c .pio/build/stm32_racedash/SrcWrapper/src/HAL/stm32yyxx_hal_i2c.c.o
                0x0800233c                HAL_I2C_Master_Seq_Receive_IT
 .text.HAL_I2C_Slave_Seq_Transmit_IT
                0x08002448       0x76 .pio/build/stm32_racedash/SrcWrapper/src/HAL/stm32yyxx_hal_i2c.c.o
                0x08002448                HAL_I2C_Slave_Seq_Transmit_IT
 .text.HAL_I2C_Slave_Seq_Receive_IT
                0x080024be       0x76 .pio/build/stm32_racedash/SrcWrapper/src/HAL/stm32yyxx_hal_i2c.c.o
                0x080024be                HAL_I2C_Slave_Seq_Receive_IT
 .text.HAL_I2C_EnableListen_IT
                0x08002534       0x36 .pio/build/stm32_racedash/SrcWrapper/src/HAL/stm32yyxx_hal_i2c.c.o
                0x08002534                HAL_I2C_EnableListen_IT
 .text.HAL_I2C_MasterTxCpltCallback
                0x0800256a        0x2 .pio/build/stm32_racedash/SrcWrapper/src/HAL/stm32yyxx_hal_i2c.c.o
                0x0800256a                HAL_I2C_MasterTxCpltCallback
 .text.HAL_I2C_MasterRxCpltCallback
                0x0800256c        0x2 .pio/build/stm32_racedash/SrcWrapper/src/HAL/stm32yyxx_hal_i2c.c.o
                0x0800256c                HAL_I2C_MasterRxCpltCallback
 .text.HAL_I2C_MemTxCpltCallback
                0x0800256e        0x2 .pio/build/stm32_racedash/SrcWrapper/src/HAL/stm32yyxx_hal_i2c.c.o
                0x0800256e                HAL_I2C_MemTxCpltCallback
 .text.I2C_MemoryTransmit_TXE_BTF
                0x08002570       0xb6 .pio/build/stm32_racedash/SrcWrapper/src/HAL/stm32yyxx_hal_i2c.c.o
 .text.HAL_I2C_MemRxCpltCallback
                0x08002626        0x2 .pio/build/stm32_racedash/SrcWrapper/src/HAL/stm32yyxx_hal_i2c.c.o
                0x08002626                HAL_I2C_MemRxCpltCallback
 .text.HAL_I2C_AbortCpltCallback
                0x08002628        0x2 .pio/build/stm32_racedash/SrcWrapper/src/HAL/stm32yyxx_hal_i2c.c.o
                0x08002628                HAL_I2C_AbortCpltCallback
 *fill*         0x0800262a        0x2 
 .text.I2C_DMAAbort
                0x0800262c       0xe4 .pio/build/stm32_racedash/SrcWrapper/src/HAL/stm32yyxx_hal_i2c.c.o
 .text.I2C_ITError
                0x08002710      0x15c .pio/build/stm32_racedash/SrcWrapper/src/HAL/stm32yyxx_hal_i2c.c.o
 .text.HAL_I2C_EV_IRQHandler
                0x0800286c      0x8d8 .pio/build/stm32_racedash/SrcWrapper/src/HAL/stm32yyxx_hal_i2c.c.o
                0x0800286c                HAL_I2C_EV_IRQHandler
 .text.HAL_I2C_ER_IRQHandler
                0x08003144      0x160 .pio/build/stm32_racedash/SrcWrapper/src/HAL/stm32yyxx_hal_i2c.c.o
                0x08003144                HAL_I2C_ER_IRQHandler
 .text.HAL_I2C_GetState
                0x080032a4        0x6 .pio/build/stm32_racedash/SrcWrapper/src/HAL/stm32yyxx_hal_i2c.c.o
                0x080032a4                HAL_I2C_GetState
 .text.HAL_I2C_GetError
                0x080032aa        0x4 .pio/build/stm32_racedash/SrcWrapper/src/HAL/stm32yyxx_hal_i2c.c.o
                0x080032aa                HAL_I2C_GetError
 *fill*         0x080032ae        0x2 
 .text.HAL_RCC_OscConfig
                0x080032b0      0x338 .pio/build/stm32_racedash/SrcWrapper/src/HAL/stm32yyxx_hal_rcc.c.o
                0x080032b0                HAL_RCC_OscConfig
 .text.HAL_RCC_GetSysClockFreq
                0x080035e8       0x4c .pio/build/stm32_racedash/SrcWrapper/src/HAL/stm32yyxx_hal_rcc.c.o
                0x080035e8                HAL_RCC_GetSysClockFreq
 .text.HAL_RCC_ClockConfig
                0x08003634      0x138 .pio/build/stm32_racedash/SrcWrapper/src/HAL/stm32yyxx_hal_rcc.c.o
                0x08003634                HAL_RCC_ClockConfig
 .text.HAL_RCC_GetPCLK1Freq
                0x0800376c       0x20 .pio/build/stm32_racedash/SrcWrapper/src/HAL/stm32yyxx_hal_rcc.c.o
                0x0800376c                HAL_RCC_GetPCLK1Freq
 .text.HAL_RCC_GetPCLK2Freq
                0x0800378c       0x20 .pio/build/stm32_racedash/SrcWrapper/src/HAL/stm32yyxx_hal_rcc.c.o
                0x0800378c                HAL_RCC_GetPCLK2Freq
 .text.HAL_RCCEx_GetPeriphCLKFreq
                0x080037ac       0xd8 .pio/build/stm32_racedash/SrcWrapper/src/HAL/stm32yyxx_hal_rcc_ex.c.o
                0x080037ac                HAL_RCCEx_GetPeriphCLKFreq
 .text.HAL_SPI_MspInit
                0x08003884        0x2 .pio/build/stm32_racedash/SrcWrapper/src/HAL/stm32yyxx_hal_spi.c.o
                0x08003884                HAL_SPI_MspInit
 .text.HAL_SPI_Init
                0x08003886       0xb0 .pio/build/stm32_racedash/SrcWrapper/src/HAL/stm32yyxx_hal_spi.c.o
                0x08003886                HAL_SPI_Init
 .text.HAL_TIM_PWM_PulseFinishedCallback
                0x08003936        0x2 .pio/build/stm32_racedash/SrcWrapper/src/HAL/stm32yyxx_hal_tim.c.o
                0x08003936                HAL_TIM_PWM_PulseFinishedCallback
 .text.HAL_TIM_TriggerCallback
                0x08003938        0x2 .pio/build/stm32_racedash/SrcWrapper/src/HAL/stm32yyxx_hal_tim.c.o
                0x08003938                HAL_TIM_TriggerCallback
 .text.HAL_TIM_IRQHandler
                0x0800393a      0x128 .pio/build/stm32_racedash/SrcWrapper/src/HAL/stm32yyxx_hal_tim.c.o
                0x0800393a                HAL_TIM_IRQHandler
 *fill*         0x08003a62        0x2 
 .text.TIM_Base_SetConfig
                0x08003a64       0x7c .pio/build/stm32_racedash/SrcWrapper/src/HAL/stm32yyxx_hal_tim.c.o
                0x08003a64                TIM_Base_SetConfig
 .text.HAL_TIM_Base_Init
                0x08003ae0       0x58 .pio/build/stm32_racedash/SrcWrapper/src/HAL/stm32yyxx_hal_tim.c.o
                0x08003ae0                HAL_TIM_Base_Init
 .text.HAL_TIMEx_CommutCallback
                0x08003b38        0x2 .pio/build/stm32_racedash/SrcWrapper/src/HAL/stm32yyxx_hal_tim_ex.c.o
                0x08003b38                HAL_TIMEx_CommutCallback
 .text.HAL_TIMEx_BreakCallback
                0x08003b3a        0x2 .pio/build/stm32_racedash/SrcWrapper/src/HAL/stm32yyxx_hal_tim_ex.c.o
                0x08003b3a                HAL_TIMEx_BreakCallback
 .text.UART_EndRxTransfer
                0x08003b3c       0x5c .pio/build/stm32_racedash/SrcWrapper/src/HAL/stm32yyxx_hal_uart.c.o
 .text.UART_SetConfig
                0x08003b98       0x74 .pio/build/stm32_racedash/SrcWrapper/src/HAL/stm32yyxx_hal_uart.c.o
 .text.UART_WaitOnFlagUntilTimeout.constprop.0
                0x08003c0c       0x64 .pio/build/stm32_racedash/SrcWrapper/src/HAL/stm32yyxx_hal_uart.c.o
 .text.HAL_UART_MspInit
                0x08003c70        0x2 .pio/build/stm32_racedash/SrcWrapper/src/HAL/stm32yyxx_hal_uart.c.o
                0x08003c70                HAL_UART_MspInit
 .text.HAL_UART_Init
                0x08003c72       0x5e .pio/build/stm32_racedash/SrcWrapper/src/HAL/stm32yyxx_hal_uart.c.o
                0x08003c72                HAL_UART_Init
 .text.HAL_HalfDuplex_Init
                0x08003cd0       0x66 .pio/build/stm32_racedash/SrcWrapper/src/HAL/stm32yyxx_hal_uart.c.o
                0x08003cd0                HAL_HalfDuplex_Init
 .text.HAL_UART_Transmit
                0x08003d36       0x9c .pio/build/stm32_racedash/SrcWrapper/src/HAL/stm32yyxx_hal_uart.c.o
                0x08003d36                HAL_UART_Transmit
 .text.HAL_UART_Transmit_IT
                0x08003dd2       0x32 .pio/build/stm32_racedash/SrcWrapper/src/HAL/stm32yyxx_hal_uart.c.o
                0x08003dd2                HAL_UART_Transmit_IT
 .text.UART_DMAAbortOnError
                0x08003e04       0x10 .pio/build/stm32_racedash/SrcWrapper/src/HAL/stm32yyxx_hal_uart.c.o
 .text.HAL_UARTEx_RxEventCallback
                0x08003e14        0x2 .pio/build/stm32_racedash/SrcWrapper/src/HAL/stm32yyxx_hal_uart.c.o
                0x08003e14                HAL_UARTEx_RxEventCallback
 .text.UART_Receive_IT.isra.0
                0x08003e16       0xb6 .pio/build/stm32_racedash/SrcWrapper/src/HAL/stm32yyxx_hal_uart.c.o
 .text.HAL_UART_IRQHandler
                0x08003ecc      0x2d8 .pio/build/stm32_racedash/SrcWrapper/src/HAL/stm32yyxx_hal_uart.c.o
                0x08003ecc                HAL_UART_IRQHandler
 .text.HAL_HalfDuplex_EnableTransmitter
                0x080041a4       0x30 .pio/build/stm32_racedash/SrcWrapper/src/HAL/stm32yyxx_hal_uart.c.o
                0x080041a4                HAL_HalfDuplex_EnableTransmitter
 .text.HAL_HalfDuplex_EnableReceiver
                0x080041d4       0x30 .pio/build/stm32_racedash/SrcWrapper/src/HAL/stm32yyxx_hal_uart.c.o
                0x080041d4                HAL_HalfDuplex_EnableReceiver
 .text.HAL_UART_GetState
                0x08004204        0xc .pio/build/stm32_racedash/SrcWrapper/src/HAL/stm32yyxx_hal_uart.c.o
                0x08004204                HAL_UART_GetState
 .text.UART_Start_Receive_IT
                0x08004210       0x32 .pio/build/stm32_racedash/SrcWrapper/src/HAL/stm32yyxx_hal_uart.c.o
                0x08004210                UART_Start_Receive_IT
 .text.HAL_UART_Receive_IT
                0x08004242       0x22 .pio/build/stm32_racedash/SrcWrapper/src/HAL/stm32yyxx_hal_uart.c.o
                0x08004242                HAL_UART_Receive_IT
 .text._ZNSt8functionIFvvEEaSEDn.isra.0
                0x08004264       0x16 .pio/build/stm32_racedash/SrcWrapper/src/HardwareTimer.cpp.o
 .text._ZNSt14_Function_baseD2Ev
                0x0800427a       0x12 .pio/build/stm32_racedash/SrcWrapper/src/HardwareTimer.cpp.o
                0x0800427a                std::_Function_base::~_Function_base()
                0x0800427a                std::_Function_base::~_Function_base()
 .text._Z15get_timer_indexP11TIM_TypeDef
                0x0800428c       0x64 .pio/build/stm32_racedash/SrcWrapper/src/HardwareTimer.cpp.o
                0x0800428c                get_timer_index(TIM_TypeDef*)
 .text._ZN13HardwareTimerD2Ev
                0x080042f0       0x40 .pio/build/stm32_racedash/SrcWrapper/src/HardwareTimer.cpp.o
                0x080042f0                HardwareTimer::~HardwareTimer()
                0x080042f0                HardwareTimer::~HardwareTimer()
 .text._ZN13HardwareTimer5setupEP11TIM_TypeDef
                0x08004330       0x84 .pio/build/stm32_racedash/SrcWrapper/src/HardwareTimer.cpp.o
                0x08004330                HardwareTimer::setup(TIM_TypeDef*)
 .text.TIM1_UP_IRQHandler
                0x080043b4       0x14 .pio/build/stm32_racedash/SrcWrapper/src/HardwareTimer.cpp.o
                0x080043b4                TIM1_UP_IRQHandler
 .text.TIM1_CC_IRQHandler
                0x080043c8        0x4 .pio/build/stm32_racedash/SrcWrapper/src/HardwareTimer.cpp.o
                0x080043c8                TIM1_CC_IRQHandler
 .text.TIM2_IRQHandler
                0x080043cc       0x14 .pio/build/stm32_racedash/SrcWrapper/src/HardwareTimer.cpp.o
                0x080043cc                TIM2_IRQHandler
 .text.TIM3_IRQHandler
                0x080043e0       0x14 .pio/build/stm32_racedash/SrcWrapper/src/HardwareTimer.cpp.o
                0x080043e0                TIM3_IRQHandler
 .text.TIM4_IRQHandler
                0x080043f4       0x14 .pio/build/stm32_racedash/SrcWrapper/src/HardwareTimer.cpp.o
                0x080043f4                TIM4_IRQHandler
 .text.TIM5_IRQHandler
                0x08004408       0x14 .pio/build/stm32_racedash/SrcWrapper/src/HardwareTimer.cpp.o
                0x08004408                TIM5_IRQHandler
 .text.TIM6_IRQHandler
                0x0800441c       0x14 .pio/build/stm32_racedash/SrcWrapper/src/HardwareTimer.cpp.o
                0x0800441c                TIM6_IRQHandler
 .text.TIM7_IRQHandler
                0x08004430       0x14 .pio/build/stm32_racedash/SrcWrapper/src/HardwareTimer.cpp.o
                0x08004430                TIM7_IRQHandler
 .text.TIM8_UP_IRQHandler
                0x08004444       0x14 .pio/build/stm32_racedash/SrcWrapper/src/HardwareTimer.cpp.o
                0x08004444                TIM8_UP_IRQHandler
 .text.TIM8_CC_IRQHandler
                0x08004458        0x4 .pio/build/stm32_racedash/SrcWrapper/src/HardwareTimer.cpp.o
                0x08004458                TIM8_CC_IRQHandler
 .text._ZNSt8functionIFvvEEC2Ev
                0x0800445c        0xc .pio/build/stm32_racedash/SrcWrapper/src/HardwareTimer.cpp.o
                0x0800445c                std::function<void ()>::function()
                0x0800445c                std::function<void ()>::function()
 .text._ZN13HardwareTimerC2EP11TIM_TypeDef
                0x08004468       0x2a .pio/build/stm32_racedash/SrcWrapper/src/HardwareTimer.cpp.o
                0x08004468                HardwareTimer::HardwareTimer(TIM_TypeDef*)
                0x08004468                HardwareTimer::HardwareTimer(TIM_TypeDef*)
 .text._ZNSt8functionIFvvEEC2ERKS1_
                0x08004492       0x24 .pio/build/stm32_racedash/SrcWrapper/src/HardwareTimer.cpp.o
                0x08004492                std::function<void ()>::function(std::function<void ()> const&)
                0x08004492                std::function<void ()>::function(std::function<void ()> const&)
 .text._ZNKSt8functionIFvvEEclEv
                0x080044b6       0x12 .pio/build/stm32_racedash/SrcWrapper/src/HardwareTimer.cpp.o
                0x080044b6                std::function<void ()>::operator()() const
 .text._ZN13HardwareTimer14updateCallbackEP17TIM_HandleTypeDef
                0x080044c8       0x18 .pio/build/stm32_racedash/SrcWrapper/src/HardwareTimer.cpp.o
                0x080044c8                HardwareTimer::updateCallback(TIM_HandleTypeDef*)
 .text.HAL_TIM_PeriodElapsedCallback
                0x080044e0        0x4 .pio/build/stm32_racedash/SrcWrapper/src/HardwareTimer.cpp.o
                0x080044e0                HAL_TIM_PeriodElapsedCallback
 .text._ZN13HardwareTimer22captureCompareCallbackEP17TIM_HandleTypeDef
                0x080044e4       0x3e .pio/build/stm32_racedash/SrcWrapper/src/HardwareTimer.cpp.o
                0x080044e4                HardwareTimer::captureCompareCallback(TIM_HandleTypeDef*)
 .text.HAL_TIM_OC_DelayElapsedCallback
                0x08004522        0x4 .pio/build/stm32_racedash/SrcWrapper/src/HardwareTimer.cpp.o
                0x08004522                HAL_TIM_OC_DelayElapsedCallback
 .text.HAL_TIM_IC_CaptureCallback
                0x08004526        0x4 .pio/build/stm32_racedash/SrcWrapper/src/HardwareTimer.cpp.o
                0x08004526                HAL_TIM_IC_CaptureCallback
 .text._Znwj    0x0800452a        0x4 .pio/build/stm32_racedash/SrcWrapper/src/new.cpp.o
                0x0800452a                operator new(unsigned int)
 .text._ZdlPvj  0x0800452e        0x4 .pio/build/stm32_racedash/SrcWrapper/src/new.cpp.o
                0x0800452e                operator delete(void*, unsigned int)
 *fill*         0x08004532        0x2 
 .text.set_GPIO_Port_Clock
                0x08004534       0xe0 .pio/build/stm32_racedash/SrcWrapper/src/stm32/PortNames.c.o
                0x08004534                set_GPIO_Port_Clock
 .text.get_adc_channel
                0x08004614       0x18 .pio/build/stm32_racedash/SrcWrapper/src/stm32/analog.cpp.o
                0x08004614                get_adc_channel
 .text.get_adc_internal_channel
                0x0800462c       0x1a .pio/build/stm32_racedash/SrcWrapper/src/stm32/analog.cpp.o
                0x0800462c                get_adc_internal_channel
 *fill*         0x08004646        0x2 
 .text.get_dac_channel
                0x08004648       0x24 .pio/build/stm32_racedash/SrcWrapper/src/stm32/analog.cpp.o
                0x08004648                get_dac_channel
 .text.HAL_DAC_MspDeInit
                0x0800466c       0x2c .pio/build/stm32_racedash/SrcWrapper/src/stm32/analog.cpp.o
                0x0800466c                HAL_DAC_MspDeInit
 .text.dac_stop
                0x08004698       0x34 .pio/build/stm32_racedash/SrcWrapper/src/stm32/analog.cpp.o
                0x08004698                dac_stop
 .text.HAL_ADC_MspInit
                0x080046cc       0x84 .pio/build/stm32_racedash/SrcWrapper/src/stm32/analog.cpp.o
                0x080046cc                HAL_ADC_MspInit
 .text.HAL_ADC_MspDeInit
                0x08004750       0x7c .pio/build/stm32_racedash/SrcWrapper/src/stm32/analog.cpp.o
                0x08004750                HAL_ADC_MspDeInit
 .text.adc_read_value
                0x080047cc      0x114 .pio/build/stm32_racedash/SrcWrapper/src/stm32/analog.cpp.o
                0x080047cc                adc_read_value
 .text.pwm_stop
                0x080048e0       0x5c .pio/build/stm32_racedash/SrcWrapper/src/stm32/analog.cpp.o
                0x080048e0                pwm_stop
 .text.getCurrentMicros
                0x0800493c       0x48 .pio/build/stm32_racedash/SrcWrapper/src/stm32/clock.c.o
                0x0800493c                getCurrentMicros
 .text.getCurrentMillis
                0x08004984        0x4 .pio/build/stm32_racedash/SrcWrapper/src/stm32/clock.c.o
                0x08004984                getCurrentMillis
 .text.noOsSystickHandler
                0x08004988        0x2 .pio/build/stm32_racedash/SrcWrapper/src/stm32/clock.c.o
                0x08004988                osSystickHandler
                0x08004988                noOsSystickHandler
 .text.SysTick_Handler
                0x0800498a       0x10 .pio/build/stm32_racedash/SrcWrapper/src/stm32/clock.c.o
                0x0800498a                SysTick_Handler
 .text.configHSECapacitorTuning
                0x0800499a        0x2 .pio/build/stm32_racedash/SrcWrapper/src/stm32/clock.c.o
                0x0800499a                configHSECapacitorTuning
 .text.configIPClock
                0x0800499c       0x44 .pio/build/stm32_racedash/SrcWrapper/src/stm32/clock.c.o
                0x0800499c                configIPClock
 .text.dwt_init
                0x080049e0       0x3c .pio/build/stm32_racedash/SrcWrapper/src/stm32/dwt.c.o
                0x080049e0                dwt_init
 .text.hw_config_init
                0x08004a1c       0x24 .pio/build/stm32_racedash/SrcWrapper/src/stm32/hw_config.c.o
                0x08004a1c                hw_config_init
 .text._ZNSt17_Function_handlerIFvvEPS0_E10_M_managerERSt9_Any_dataRKS3_St18_Manager_operation
                0x08004a40       0x20 .pio/build/stm32_racedash/SrcWrapper/src/stm32/interrupt.cpp.o
                0x08004a40                std::_Function_handler<void (), void (*)()>::_M_manager(std::_Any_data&, std::_Any_data const&, std::_Manager_operation)
 .text._ZNSt17_Function_handlerIFvvEPS0_E9_M_invokeERKSt9_Any_data
                0x08004a60        0x4 .pio/build/stm32_racedash/SrcWrapper/src/stm32/interrupt.cpp.o
                0x08004a60                std::_Function_handler<void (), void (*)()>::_M_invoke(std::_Any_data const&)
 .text.startup._ZNSt8functionIFvvEEC2EDn.constprop.0.isra.0
                0x08004a64        0xc .pio/build/stm32_racedash/SrcWrapper/src/stm32/interrupt.cpp.o
 .text.HAL_GPIO_EXTI_Callback
                0x08004a70       0x2c .pio/build/stm32_racedash/SrcWrapper/src/stm32/interrupt.cpp.o
                0x08004a70                HAL_GPIO_EXTI_Callback
 .text.EXTI0_IRQHandler
                0x08004a9c        0x6 .pio/build/stm32_racedash/SrcWrapper/src/stm32/interrupt.cpp.o
                0x08004a9c                EXTI0_IRQHandler
 .text.EXTI1_IRQHandler
                0x08004aa2        0x6 .pio/build/stm32_racedash/SrcWrapper/src/stm32/interrupt.cpp.o
                0x08004aa2                EXTI1_IRQHandler
 .text.EXTI2_IRQHandler
                0x08004aa8        0x6 .pio/build/stm32_racedash/SrcWrapper/src/stm32/interrupt.cpp.o
                0x08004aa8                EXTI2_IRQHandler
 .text.EXTI3_IRQHandler
                0x08004aae        0x6 .pio/build/stm32_racedash/SrcWrapper/src/stm32/interrupt.cpp.o
                0x08004aae                EXTI3_IRQHandler
 .text.EXTI4_IRQHandler
                0x08004ab4        0x6 .pio/build/stm32_racedash/SrcWrapper/src/stm32/interrupt.cpp.o
                0x08004ab4                EXTI4_IRQHandler
 .text.EXTI9_5_IRQHandler
                0x08004aba       0x16 .pio/build/stm32_racedash/SrcWrapper/src/stm32/interrupt.cpp.o
                0x08004aba                EXTI9_5_IRQHandler
 .text.EXTI15_10_IRQHandler
                0x08004ad0       0x18 .pio/build/stm32_racedash/SrcWrapper/src/stm32/interrupt.cpp.o
                0x08004ad0                EXTI15_10_IRQHandler
 .text._Z22stm32_interrupt_enable7PinNameSt8functionIFvvEEm
                0x08004ae8       0xd4 .pio/build/stm32_racedash/SrcWrapper/src/stm32/interrupt.cpp.o
                0x08004ae8                stm32_interrupt_enable(PinName, std::function<void ()>, unsigned long)
 .text.startup._GLOBAL__sub_I__Z22stm32_interrupt_enable7PinNameSt8functionIFvvEEm
                0x08004bbc       0xd8 .pio/build/stm32_racedash/SrcWrapper/src/stm32/interrupt.cpp.o
 .text.exit._GLOBAL__sub_D__Z22stm32_interrupt_enable7PinNameSt8functionIFvvEEm
                0x08004c94       0x1c .pio/build/stm32_racedash/SrcWrapper/src/stm32/interrupt.cpp.o
 .text.pin_SetF1AFPin
                0x08004cb0      0x28c .pio/build/stm32_racedash/SrcWrapper/src/stm32/pinmap.c.o
 .text.LL_GPIO_SetPinMode
                0x08004f3c       0x2c .pio/build/stm32_racedash/SrcWrapper/src/stm32/pinmap.c.o
 .text.LL_GPIO_SetPinOutputType
                0x08004f68       0x2c .pio/build/stm32_racedash/SrcWrapper/src/stm32/pinmap.c.o
 .text.pin_in_pinmap
                0x08004f94       0x1e .pio/build/stm32_racedash/SrcWrapper/src/stm32/pinmap.c.o
                0x08004f94                pin_in_pinmap
 *fill*         0x08004fb2        0x2 
 .text.pin_function
                0x08004fb4      0x18c .pio/build/stm32_racedash/SrcWrapper/src/stm32/pinmap.c.o
                0x08004fb4                pin_function
 .text.pinmap_pinout
                0x08005140       0x1a .pio/build/stm32_racedash/SrcWrapper/src/stm32/pinmap.c.o
                0x08005140                pinmap_pinout
 .text.pinmap_find_peripheral
                0x0800515a       0x16 .pio/build/stm32_racedash/SrcWrapper/src/stm32/pinmap.c.o
                0x0800515a                pinmap_find_peripheral
 .text.pinmap_peripheral
                0x08005170        0xc .pio/build/stm32_racedash/SrcWrapper/src/stm32/pinmap.c.o
                0x08005170                pinmap_peripheral
 .text.pinmap_find_pin
                0x0800517c       0x16 .pio/build/stm32_racedash/SrcWrapper/src/stm32/pinmap.c.o
                0x0800517c                pinmap_find_pin
 .text.pinmap_pin
                0x08005192        0xc .pio/build/stm32_racedash/SrcWrapper/src/stm32/pinmap.c.o
                0x08005192                pinmap_pin
 .text.pinmap_find_function
                0x0800519e       0x16 .pio/build/stm32_racedash/SrcWrapper/src/stm32/pinmap.c.o
                0x0800519e                pinmap_find_function
 .text.pinmap_function
                0x080051b4        0xa .pio/build/stm32_racedash/SrcWrapper/src/stm32/pinmap.c.o
                0x080051b4                pinmap_function
 .text.pinmap_merge_peripheral
                0x080051be       0x14 .pio/build/stm32_racedash/SrcWrapper/src/stm32/pinmap.c.o
                0x080051be                pinmap_merge_peripheral
 *fill*         0x080051d2        0x2 
 .text.SystemInit
                0x080051d4       0x4c .pio/build/stm32_racedash/SrcWrapper/src/stm32/system_stm32yyxx.c.o
                0x080051d4                SystemInit
 .text.get_timer_obj
                0x08005220        0x4 .pio/build/stm32_racedash/SrcWrapper/src/stm32/timer.c.o
                0x08005220                get_timer_obj
 .text.enableTimerClock
                0x08005224      0x108 .pio/build/stm32_racedash/SrcWrapper/src/stm32/timer.c.o
                0x08005224                enableTimerClock
 .text.disableTimerClock
                0x0800532c       0xb4 .pio/build/stm32_racedash/SrcWrapper/src/stm32/timer.c.o
                0x0800532c                disableTimerClock
 .text.getTimerUpIrq
                0x080053e0       0x78 .pio/build/stm32_racedash/SrcWrapper/src/stm32/timer.c.o
                0x080053e0                getTimerUpIrq
 .text.getTimerCCIrq
                0x08005458       0x78 .pio/build/stm32_racedash/SrcWrapper/src/stm32/timer.c.o
                0x08005458                getTimerCCIrq
 .text.HAL_TIM_Base_MspInit
                0x080054d0       0x4e .pio/build/stm32_racedash/SrcWrapper/src/stm32/timer.c.o
                0x080054d0                HAL_TIM_Base_MspInit
 *fill*         0x0800551e        0x2 
 .text.uart_init
                0x08005520      0x230 .pio/build/stm32_racedash/SrcWrapper/src/stm32/uart.c.o
                0x08005520                uart_init
 .text.uart_debug_init
                0x08005750       0x44 .pio/build/stm32_racedash/SrcWrapper/src/stm32/uart.c.o
                0x08005750                uart_debug_init
 .text.serial_rx_active
                0x08005794       0x24 .pio/build/stm32_racedash/SrcWrapper/src/stm32/uart.c.o
                0x08005794                serial_rx_active
 .text.serial_tx_active
                0x080057b8       0x24 .pio/build/stm32_racedash/SrcWrapper/src/stm32/uart.c.o
                0x080057b8                serial_tx_active
 .text.uart_debug_write
                0x080057dc       0xc8 .pio/build/stm32_racedash/SrcWrapper/src/stm32/uart.c.o
                0x080057dc                uart_debug_write
 .text.uart_getc
                0x080058a4       0x38 .pio/build/stm32_racedash/SrcWrapper/src/stm32/uart.c.o
                0x080058a4                uart_getc
 .text.uart_attach_rx_callback
                0x080058dc       0x40 .pio/build/stm32_racedash/SrcWrapper/src/stm32/uart.c.o
                0x080058dc                uart_attach_rx_callback
 .text.uart_attach_tx_callback
                0x0800591c       0x40 .pio/build/stm32_racedash/SrcWrapper/src/stm32/uart.c.o
                0x0800591c                uart_attach_tx_callback
 .text.uart_enable_tx
                0x0800595c       0x1c .pio/build/stm32_racedash/SrcWrapper/src/stm32/uart.c.o
                0x0800595c                uart_enable_tx
 .text.uart_enable_rx
                0x08005978       0x1c .pio/build/stm32_racedash/SrcWrapper/src/stm32/uart.c.o
                0x08005978                uart_enable_rx
 .text.HAL_UART_RxCpltCallback
                0x08005994        0x6 .pio/build/stm32_racedash/SrcWrapper/src/stm32/uart.c.o
                0x08005994                HAL_UART_RxCpltCallback
 .text.HAL_UART_TxCpltCallback
                0x0800599a        0x6 .pio/build/stm32_racedash/SrcWrapper/src/stm32/uart.c.o
                0x0800599a                HAL_UART_TxCpltCallback
 .text.HAL_UART_ErrorCallback
                0x080059a0       0x7c .pio/build/stm32_racedash/SrcWrapper/src/stm32/uart.c.o
                0x080059a0                HAL_UART_ErrorCallback
 .text.USART1_IRQHandler
                0x08005a1c       0x18 .pio/build/stm32_racedash/SrcWrapper/src/stm32/uart.c.o
                0x08005a1c                USART1_IRQHandler
 .text.USART2_IRQHandler
                0x08005a34       0x1c .pio/build/stm32_racedash/SrcWrapper/src/stm32/uart.c.o
                0x08005a34                USART2_IRQHandler
 .text.USART3_IRQHandler
                0x08005a50       0x1c .pio/build/stm32_racedash/SrcWrapper/src/stm32/uart.c.o
                0x08005a50                USART3_IRQHandler
 .text.UART4_IRQHandler
                0x08005a6c       0x18 .pio/build/stm32_racedash/SrcWrapper/src/stm32/uart.c.o
                0x08005a6c                UART4_IRQHandler
 .text.UART5_IRQHandler
                0x08005a84       0x18 .pio/build/stm32_racedash/SrcWrapper/src/stm32/uart.c.o
                0x08005a84                UART5_IRQHandler
 .text._sbrk    0x08005a9c       0x3c .pio/build/stm32_racedash/SrcWrapper/src/syscalls.c.o
                0x08005a9c                _sbrk
 .text._close   0x08005ad8        0x6 .pio/build/stm32_racedash/SrcWrapper/src/syscalls.c.o
                0x08005ad8                _close
 .text._fstat   0x08005ade        0xa .pio/build/stm32_racedash/SrcWrapper/src/syscalls.c.o
                0x08005ade                _fstat
 .text._isatty  0x08005ae8        0x4 .pio/build/stm32_racedash/SrcWrapper/src/syscalls.c.o
                0x08005ae8                _isatty
 .text._lseek   0x08005aec        0x4 .pio/build/stm32_racedash/SrcWrapper/src/syscalls.c.o
                0x08005aec                _lseek
 .text._read    0x08005af0        0x4 .pio/build/stm32_racedash/SrcWrapper/src/syscalls.c.o
                0x08005af0                _read
 .text._exit    0x08005af4        0x2 .pio/build/stm32_racedash/SrcWrapper/src/syscalls.c.o
                0x08005af4                _exit
 *fill*         0x08005af6        0x2 
 .text._kill    0x08005af8       0x10 .pio/build/stm32_racedash/SrcWrapper/src/syscalls.c.o
                0x08005af8                _kill
 .text._getpid  0x08005b08        0x4 .pio/build/stm32_racedash/SrcWrapper/src/syscalls.c.o
                0x08005b08                _getpid
 .text._Z7vss_isrv
                0x08005b0c       0x2c .pio/build/stm32_racedash/src/main.cpp.o
                0x08005b0c                vss_isr()
 .text._ZN7TwoWire5writeEi.isra.0
                0x08005b38        0x8 .pio/build/stm32_racedash/src/main.cpp.o
 .text._Z17recalc_drivetrainv
                0x08005b40       0xb0 .pio/build/stm32_racedash/src/main.cpp.o
                0x08005b40                recalc_drivetrain()
 .text._Z15update_sim_datav
                0x08005bf0      0x378 .pio/build/stm32_racedash/src/main.cpp.o
                0x08005bf0                update_sim_data()
 .text._Z8init_canv
                0x08005f68       0x10 .pio/build/stm32_racedash/src/main.cpp.o
                0x08005f68                init_can()
 .text._Z11read_analogv
                0x08005f78       0x1c .pio/build/stm32_racedash/src/main.cpp.o
                0x08005f78                read_analog()
 .text._Z8init_vssv
                0x08005f94       0x60 .pio/build/stm32_racedash/src/main.cpp.o
                0x08005f94                init_vss()
 .text._Z21update_speed_from_vssv
                0x08005ff4       0x7c .pio/build/stm32_racedash/src/main.cpp.o
                0x08005ff4                update_speed_from_vss()
 .text._Z11read_clutchv
                0x08006070       0x18 .pio/build/stm32_racedash/src/main.cpp.o
                0x08006070                read_clutch()
 .text._Z14calculate_gearv
                0x08006088       0x98 .pio/build/stm32_racedash/src/main.cpp.o
                0x08006088                calculate_gear()
 .text._Z9log_to_sdv
                0x08006120      0x1fc .pio/build/stm32_racedash/src/main.cpp.o
                0x08006120                log_to_sd()
 .text._Z10send_to_piv
                0x0800631c      0x16c .pio/build/stm32_racedash/src/main.cpp.o
                0x0800631c                send_to_pi()
 .text.startup._GLOBAL__sub_I_Serial1
                0x08006488       0x30 .pio/build/stm32_racedash/src/main.cpp.o
 .text._Z18create_new_logfilev
                0x080064b8       0xb8 .pio/build/stm32_racedash/src/main.cpp.o
                0x080064b8                create_new_logfile()
 .text._Z7init_sdv
                0x08006570       0x50 .pio/build/stm32_racedash/src/main.cpp.o
                0x08006570                init_sd()
 .text._Z8read_gpsv
                0x080065c0       0xd0 .pio/build/stm32_racedash/src/main.cpp.o
                0x080065c0                read_gps()
 .text._Z8init_imuv
                0x08006690       0xfc .pio/build/stm32_racedash/src/main.cpp.o
                0x08006690                init_imu()
 .text._Z8read_imuv
                0x0800678c       0xb8 .pio/build/stm32_racedash/src/main.cpp.o
                0x0800678c                read_imu()
 .text._Z12init_mcp9600v
                0x08006844      0x15c .pio/build/stm32_racedash/src/main.cpp.o
                0x08006844                init_mcp9600()
 .text.setup    0x080069a0       0xf0 .pio/build/stm32_racedash/src/main.cpp.o
                0x080069a0                setup
 .text._Z12read_mcp9600v
                0x08006a90       0xb4 .pio/build/stm32_racedash/src/main.cpp.o
                0x08006a90                read_mcp9600()
 .text.loop     0x08006b44       0xf8 .pio/build/stm32_racedash/src/main.cpp.o
                0x08006b44                loop
 .text._ZN5SDLib4File5writeEh
                0x08006c3c       0x18 .pio/build/stm32_racedash/lib093/libSD.a(File.cpp.o)
                0x08006c3c                SDLib::File::write(unsigned char)
 .text._ZN5SDLib4File17availableForWriteEv
                0x08006c54        0xc .pio/build/stm32_racedash/lib093/libSD.a(File.cpp.o)
                0x08006c54                SDLib::File::availableForWrite()
 .text._ZN5SDLib4File5writeEPKhj
                0x08006c60       0x24 .pio/build/stm32_racedash/lib093/libSD.a(File.cpp.o)
                0x08006c60                SDLib::File::write(unsigned char const*, unsigned int)
 .text._ZN5SDLib4File5flushEv
                0x08006c84        0xc .pio/build/stm32_racedash/lib093/libSD.a(File.cpp.o)
                0x08006c84                SDLib::File::flush()
 .text._ZN6SdFile4readEv
                0x08006c90       0x1e .pio/build/stm32_racedash/lib093/libSD.a(File.cpp.o)
                0x08006c90                SdFile::read()
 .text._ZN5SDLib4File4readEv
                0x08006cae       0x12 .pio/build/stm32_racedash/lib093/libSD.a(File.cpp.o)
                0x08006cae                SDLib::File::read()
 .text._ZN5SDLib4File4peekEv
                0x08006cc0       0x24 .pio/build/stm32_racedash/lib093/libSD.a(File.cpp.o)
                0x08006cc0                SDLib::File::peek()
 .text._ZN5SDLib4FileC2E6SdFilePKc
                0x08006ce4       0x50 .pio/build/stm32_racedash/lib093/libSD.a(File.cpp.o)
                0x08006ce4                SDLib::File::File(SdFile, char const*)
                0x08006ce4                SDLib::File::File(SdFile, char const*)
 .text._ZN5SDLib4FileC2Ev
                0x08006d34       0x18 .pio/build/stm32_racedash/lib093/libSD.a(File.cpp.o)
                0x08006d34                SDLib::File::File()
                0x08006d34                SDLib::File::File()
 .text._ZN5SDLib4File8positionEv
                0x08006d4c        0xe .pio/build/stm32_racedash/lib093/libSD.a(File.cpp.o)
                0x08006d4c                SDLib::File::position()
 .text._ZN5SDLib4File4sizeEv
                0x08006d5a        0x8 .pio/build/stm32_racedash/lib093/libSD.a(File.cpp.o)
                0x08006d5a                SDLib::File::size()
 .text._ZN5SDLib4File9availableEv
                0x08006d62       0x26 .pio/build/stm32_racedash/lib093/libSD.a(File.cpp.o)
                0x08006d62                SDLib::File::available()
 .text._ZN5SDLib4FilecvbEv
                0x08006d88        0xe .pio/build/stm32_racedash/lib093/libSD.a(File.cpp.o)
                0x08006d88                SDLib::File::operator bool()
 *fill*         0x08006d96        0x2 
 .text._ZN5SDLib19callback_pathExistsER6SdFilePKcbPv
                0x08006d98       0x38 .pio/build/stm32_racedash/lib093/libSD.a(SD.cpp.o)
                0x08006d98                SDLib::callback_pathExists(SdFile&, char const*, bool, void*)
 .text._ZN8SdVolume4initEP7Sd2Card
                0x08006dd0       0x20 .pio/build/stm32_racedash/lib093/libSD.a(SD.cpp.o)
                0x08006dd0                SdVolume::init(Sd2Card*)
 .text._ZN5SDLib20getNextPathComponentEPKcPjPc
                0x08006df0       0x3c .pio/build/stm32_racedash/lib093/libSD.a(SD.cpp.o)
                0x08006df0                SDLib::getNextPathComponent(char const*, unsigned int*, char*)
 .text._ZN5SDLib8walkPathEPKcR6SdFilePFbS3_S1_bPvES4_
                0x08006e2c       0x9c .pio/build/stm32_racedash/lib093/libSD.a(SD.cpp.o)
                0x08006e2c                SDLib::walkPath(char const*, SdFile&, bool (*)(SdFile&, char const*, bool, void*), void*)
 .text._ZN5SDLib7SDClass5beginEh
                0x08006ec8       0x44 .pio/build/stm32_racedash/lib093/libSD.a(SD.cpp.o)
                0x08006ec8                SDLib::SDClass::begin(unsigned char)
 .text._ZN6SdFileC2ERKS_
                0x08006f0c       0x30 .pio/build/stm32_racedash/lib093/libSD.a(SD.cpp.o)
                0x08006f0c                SdFile::SdFile(SdFile const&)
                0x08006f0c                SdFile::SdFile(SdFile const&)
 .text._ZN5SDLib7SDClass12getParentDirEPKcPi
                0x08006f3c       0xb8 .pio/build/stm32_racedash/lib093/libSD.a(SD.cpp.o)
                0x08006f3c                SDLib::SDClass::getParentDir(char const*, int*)
 .text._ZN5SDLib7SDClass4openEPKch
                0x08006ff4       0x90 .pio/build/stm32_racedash/lib093/libSD.a(SD.cpp.o)
                0x08006ff4                SDLib::SDClass::open(char const*, unsigned char)
 .text._ZN5SDLib7SDClass6existsEPKc
                0x08007084       0x18 .pio/build/stm32_racedash/lib093/libSD.a(SD.cpp.o)
                0x08007084                SDLib::SDClass::exists(char const*)
 .text.startup._GLOBAL__sub_I__ZN5SDLib20getNextPathComponentEPKcPjPc
                0x0800709c       0x28 .pio/build/stm32_racedash/lib093/libSD.a(SD.cpp.o)
 .text._ZL7spiSendh
                0x080070c4       0x10 .pio/build/stm32_racedash/lib093/libSD.a(Sd2Card.cpp.o)
 .text._ZL6spiRecv
                0x080070d4       0x10 .pio/build/stm32_racedash/lib093/libSD.a(Sd2Card.cpp.o)
 .text._ZN7Sd2Card14chipSelectHighEv
                0x080070e4       0x28 .pio/build/stm32_racedash/lib093/libSD.a(Sd2Card.cpp.o)
                0x080070e4                Sd2Card::chipSelectHigh()
 .text._ZN7Sd2Card13chipSelectLowEv
                0x0800710c       0x34 .pio/build/stm32_racedash/lib093/libSD.a(Sd2Card.cpp.o)
                0x0800710c                Sd2Card::chipSelectLow()
 .text._ZN7Sd2Card7readEndEv
                0x08007140       0x28 .pio/build/stm32_racedash/lib093/libSD.a(Sd2Card.cpp.o)
                0x08007140                Sd2Card::readEnd()
 .text._ZN7Sd2Card10setSckRateEh
                0x08007168       0x64 .pio/build/stm32_racedash/lib093/libSD.a(Sd2Card.cpp.o)
                0x08007168                Sd2Card::setSckRate(unsigned char)
 .text._ZN7Sd2Card11waitNotBusyEj
                0x080071cc       0x24 .pio/build/stm32_racedash/lib093/libSD.a(Sd2Card.cpp.o)
                0x080071cc                Sd2Card::waitNotBusy(unsigned int)
 .text._ZN7Sd2Card11cardCommandEhm
                0x080071f0       0x60 .pio/build/stm32_racedash/lib093/libSD.a(Sd2Card.cpp.o)
                0x080071f0                Sd2Card::cardCommand(unsigned char, unsigned long)
 .text._ZN7Sd2Card4initEhh
                0x08007250      0x13c .pio/build/stm32_racedash/lib093/libSD.a(Sd2Card.cpp.o)
                0x08007250                Sd2Card::init(unsigned char, unsigned char)
 .text._ZN7Sd2Card14waitStartBlockEv
                0x0800738c       0x3a .pio/build/stm32_racedash/lib093/libSD.a(Sd2Card.cpp.o)
                0x0800738c                Sd2Card::waitStartBlock()
 .text._ZN7Sd2Card8readDataEmttPh
                0x080073c6       0x98 .pio/build/stm32_racedash/lib093/libSD.a(Sd2Card.cpp.o)
                0x080073c6                Sd2Card::readData(unsigned long, unsigned short, unsigned short, unsigned char*)
 .text._ZN7Sd2Card9readBlockEmPh
                0x0800745e       0x14 .pio/build/stm32_racedash/lib093/libSD.a(Sd2Card.cpp.o)
                0x0800745e                Sd2Card::readBlock(unsigned long, unsigned char*)
 .text._ZN7Sd2Card9writeDataEhPKh
                0x08007472       0x4a .pio/build/stm32_racedash/lib093/libSD.a(Sd2Card.cpp.o)
                0x08007472                Sd2Card::writeData(unsigned char, unsigned char const*)
 .text._ZN7Sd2Card10writeBlockEmPKhh
                0x080074bc       0x72 .pio/build/stm32_racedash/lib093/libSD.a(Sd2Card.cpp.o)
                0x080074bc                Sd2Card::writeBlock(unsigned long, unsigned char const*, unsigned char)
 .text._ZN7Sd2Card6isBusyEv
                0x0800752e       0x1e .pio/build/stm32_racedash/lib093/libSD.a(Sd2Card.cpp.o)
                0x0800752e                Sd2Card::isBusy()
 .text._ZN5Print5flushEv
                0x0800754c        0x2 .pio/build/stm32_racedash/lib093/libSD.a(SdFile.cpp.o)
                0x0800754c                Print::flush()
 .text._ZN6SdFile10addClusterEv
                0x0800754e       0x2e .pio/build/stm32_racedash/lib093/libSD.a(SdFile.cpp.o)
                0x0800754e                SdFile::addCluster()
 .text._ZN6SdFile13addDirClusterEv
                0x0800757c       0x46 .pio/build/stm32_racedash/lib093/libSD.a(SdFile.cpp.o)
                0x0800757c                SdFile::addDirCluster()
 *fill*         0x080075c2        0x2 
 .text._ZN6SdFile13cacheDirEntryEh
                0x080075c4       0x1c .pio/build/stm32_racedash/lib093/libSD.a(SdFile.cpp.o)
                0x080075c4                SdFile::cacheDirEntry(unsigned char)
 .text._ZN6SdFile10make83NameEPKcPh
                0x080075e0       0x94 .pio/build/stm32_racedash/lib093/libSD.a(SdFile.cpp.o)
                0x080075e0                SdFile::make83Name(char const*, unsigned char*)
 .text._ZN6SdFile8openRootEP8SdVolume
                0x08007674       0x50 .pio/build/stm32_racedash/lib093/libSD.a(SdFile.cpp.o)
                0x08007674                SdFile::openRoot(SdVolume*)
 .text._ZN6SdFile4readEPvt
                0x080076c4      0x104 .pio/build/stm32_racedash/lib093/libSD.a(SdFile.cpp.o)
                0x080076c4                SdFile::read(void*, unsigned short)
 .text._ZN6SdFile12readDirCacheEv
                0x080077c8       0x38 .pio/build/stm32_racedash/lib093/libSD.a(SdFile.cpp.o)
                0x080077c8                SdFile::readDirCache()
 .text._ZN6SdFile7seekSetEm
                0x08007800       0x5a .pio/build/stm32_racedash/lib093/libSD.a(SdFile.cpp.o)
                0x08007800                SdFile::seekSet(unsigned long)
 *fill*         0x0800785a        0x2 
 .text._ZN6SdFile4syncEh
                0x0800785c       0x64 .pio/build/stm32_racedash/lib093/libSD.a(SdFile.cpp.o)
                0x0800785c                SdFile::sync(unsigned char)
 .text._ZN6SdFile5closeEv
                0x080078c0       0x14 .pio/build/stm32_racedash/lib093/libSD.a(SdFile.cpp.o)
                0x080078c0                SdFile::close()
 .text._ZN6SdFile17availableForWriteEv
                0x080078d4       0x74 .pio/build/stm32_racedash/lib093/libSD.a(SdFile.cpp.o)
                0x080078d4                SdFile::availableForWrite()
 .text._ZN6SdFile8truncateEm
                0x08007948       0xac .pio/build/stm32_racedash/lib093/libSD.a(SdFile.cpp.o)
                0x08007948                SdFile::truncate(unsigned long)
 .text._ZN6SdFile15openCachedEntryEhh
                0x080079f4       0x7c .pio/build/stm32_racedash/lib093/libSD.a(SdFile.cpp.o)
                0x080079f4                SdFile::openCachedEntry(unsigned char, unsigned char)
 .text._ZN6SdFile4openEPS_PKch
                0x08007a70      0x128 .pio/build/stm32_racedash/lib093/libSD.a(SdFile.cpp.o)
                0x08007a70                SdFile::open(SdFile*, char const*, unsigned char)
 .text._ZN6SdFile5writeEPKvt
                0x08007b98      0x198 .pio/build/stm32_racedash/lib093/libSD.a(SdFile.cpp.o)
                0x08007b98                SdFile::write(void const*, unsigned short)
 .text._ZN6SdFile5writeEh
                0x08007d30       0x16 .pio/build/stm32_racedash/lib093/libSD.a(SdFile.cpp.o)
                0x08007d30                SdFile::write(unsigned char)
 *fill*         0x08007d46        0x2 
 .text._ZN8SdVolume21cacheMirrorBlockFlushEh
                0x08007d48       0x30 .pio/build/stm32_racedash/lib093/libSD.a(SdVolume.cpp.o)
                0x08007d48                SdVolume::cacheMirrorBlockFlush(unsigned char)
 .text._ZN8SdVolume10cacheFlushEh
                0x08007d78       0x48 .pio/build/stm32_racedash/lib093/libSD.a(SdVolume.cpp.o)
                0x08007d78                SdVolume::cacheFlush(unsigned char)
 .text._ZN8SdVolume13cacheRawBlockEmh
                0x08007dc0       0x48 .pio/build/stm32_racedash/lib093/libSD.a(SdVolume.cpp.o)
                0x08007dc0                SdVolume::cacheRawBlock(unsigned long, unsigned char)
 .text._ZN8SdVolume14cacheZeroBlockEm
                0x08007e08       0x38 .pio/build/stm32_racedash/lib093/libSD.a(SdVolume.cpp.o)
                0x08007e08                SdVolume::cacheZeroBlock(unsigned long)
 .text._ZNK8SdVolume6fatGetEmPm
                0x08007e40       0x64 .pio/build/stm32_racedash/lib093/libSD.a(SdVolume.cpp.o)
                0x08007e40                SdVolume::fatGet(unsigned long, unsigned long*) const
 .text._ZNK8SdVolume9chainSizeEmPm
                0x08007ea4       0x48 .pio/build/stm32_racedash/lib093/libSD.a(SdVolume.cpp.o)
                0x08007ea4                SdVolume::chainSize(unsigned long, unsigned long*) const
 .text._ZN8SdVolume6fatPutEmm
                0x08007eec       0x88 .pio/build/stm32_racedash/lib093/libSD.a(SdVolume.cpp.o)
                0x08007eec                SdVolume::fatPut(unsigned long, unsigned long)
 .text._ZN8SdVolume15allocContiguousEmPm
                0x08007f74       0xb2 .pio/build/stm32_racedash/lib093/libSD.a(SdVolume.cpp.o)
                0x08007f74                SdVolume::allocContiguous(unsigned long, unsigned long*)
 *fill*         0x08008026        0x2 
 .text._ZN8SdVolume9freeChainEm
                0x08008028       0x48 .pio/build/stm32_racedash/lib093/libSD.a(SdVolume.cpp.o)
                0x08008028                SdVolume::freeChain(unsigned long)
 .text._ZN8SdVolume4initEP7Sd2Cardh
                0x08008070       0xf4 .pio/build/stm32_racedash/lib093/libSD.a(SdVolume.cpp.o)
                0x08008070                SdVolume::init(Sd2Card*, unsigned char)
 .text._ZN11TinyGPSPlusC2Ev
                0x08008164       0x7e .pio/build/stm32_racedash/lib538/libTinyGPSPlus.a(TinyGPS++.cpp.o)
                0x08008164                TinyGPSPlus::TinyGPSPlus()
                0x08008164                TinyGPSPlus::TinyGPSPlus()
 .text._ZN11TinyGPSPlus7fromHexEc
                0x080081e2       0x20 .pio/build/stm32_racedash/lib538/libTinyGPSPlus.a(TinyGPS++.cpp.o)
                0x080081e2                TinyGPSPlus::fromHex(char)
 .text._ZN11TinyGPSPlus12parseDecimalEPKc
                0x08008202       0x48 .pio/build/stm32_racedash/lib538/libTinyGPSPlus.a(TinyGPS++.cpp.o)
                0x08008202                TinyGPSPlus::parseDecimal(char const*)
 *fill*         0x0800824a        0x2 
 .text._ZN11TinyGPSPlus12parseDegreesEPKcR10RawDegrees
                0x0800824c       0x60 .pio/build/stm32_racedash/lib538/libTinyGPSPlus.a(TinyGPS++.cpp.o)
                0x0800824c                TinyGPSPlus::parseDegrees(char const*, RawDegrees&)
 .text._ZN15TinyGPSLocation6commitEv
                0x080082ac       0x3e .pio/build/stm32_racedash/lib538/libTinyGPSPlus.a(TinyGPS++.cpp.o)
                0x080082ac                TinyGPSLocation::commit()
 *fill*         0x080082ea        0x6 
 .text._ZN15TinyGPSLocation3latEv
                0x080082f0       0x48 .pio/build/stm32_racedash/lib538/libTinyGPSPlus.a(TinyGPS++.cpp.o)
                0x080082f0                TinyGPSLocation::lat()
 .text._ZN15TinyGPSLocation3lngEv
                0x08008338       0x48 .pio/build/stm32_racedash/lib538/libTinyGPSPlus.a(TinyGPS++.cpp.o)
                0x08008338                TinyGPSLocation::lng()
 .text._ZN11TinyGPSDate6commitEv
                0x08008380       0x16 .pio/build/stm32_racedash/lib538/libTinyGPSPlus.a(TinyGPS++.cpp.o)
                0x08008380                TinyGPSDate::commit()
 .text._ZN11TinyGPSTime6commitEv
                0x08008396       0x16 .pio/build/stm32_racedash/lib538/libTinyGPSPlus.a(TinyGPS++.cpp.o)
                0x08008396                TinyGPSTime::commit()
 .text._ZN11TinyGPSTime7setTimeEPKc
                0x080083ac        0xe .pio/build/stm32_racedash/lib538/libTinyGPSPlus.a(TinyGPS++.cpp.o)
                0x080083ac                TinyGPSTime::setTime(char const*)
 .text._ZN11TinyGPSDate7setDateEPKc
                0x080083ba        0xe .pio/build/stm32_racedash/lib538/libTinyGPSPlus.a(TinyGPS++.cpp.o)
                0x080083ba                TinyGPSDate::setDate(char const*)
 .text._ZN14TinyGPSDecimal6commitEv
                0x080083c8       0x16 .pio/build/stm32_racedash/lib538/libTinyGPSPlus.a(TinyGPS++.cpp.o)
                0x080083c8                TinyGPSDecimal::commit()
 .text._ZN14TinyGPSDecimal3setEPKc
                0x080083de        0xe .pio/build/stm32_racedash/lib538/libTinyGPSPlus.a(TinyGPS++.cpp.o)
                0x080083de                TinyGPSDecimal::set(char const*)
 .text._ZN14TinyGPSInteger6commitEv
                0x080083ec       0x16 .pio/build/stm32_racedash/lib538/libTinyGPSPlus.a(TinyGPS++.cpp.o)
                0x080083ec                TinyGPSInteger::commit()
 .text._ZN14TinyGPSInteger3setEPKc
                0x08008402        0xe .pio/build/stm32_racedash/lib538/libTinyGPSPlus.a(TinyGPS++.cpp.o)
                0x08008402                TinyGPSInteger::set(char const*)
 .text._ZN13TinyGPSCustom6commitEv
                0x08008410       0x1a .pio/build/stm32_racedash/lib538/libTinyGPSPlus.a(TinyGPS++.cpp.o)
                0x08008410                TinyGPSCustom::commit()
 .text._ZN13TinyGPSCustom3setEPKc
                0x0800842a        0x6 .pio/build/stm32_racedash/lib538/libTinyGPSPlus.a(TinyGPS++.cpp.o)
                0x0800842a                TinyGPSCustom::set(char const*)
 .text._ZN11TinyGPSPlus16endOfTermHandlerEv
                0x08008430      0x278 .pio/build/stm32_racedash/lib538/libTinyGPSPlus.a(TinyGPS++.cpp.o)
                0x08008430                TinyGPSPlus::endOfTermHandler()
 .text._ZN11TinyGPSPlus6encodeEc
                0x080086a8       0xa4 .pio/build/stm32_racedash/lib538/libTinyGPSPlus.a(TinyGPS++.cpp.o)
                0x080086a8                TinyGPSPlus::encode(char)
 .text._ZN5Print17availableForWriteEv
                0x0800874c        0x4 .pio/build/stm32_racedash/lib04b/libWire.a(Wire.cpp.o)
                0x0800874c                Print::availableForWrite()
 .text._ZN7TwoWire9availableEv
                0x08008750        0x8 .pio/build/stm32_racedash/lib04b/libWire.a(Wire.cpp.o)
                0x08008750                TwoWire::available()
 .text._ZN7TwoWire4readEv
                0x08008758       0x1a .pio/build/stm32_racedash/lib04b/libWire.a(Wire.cpp.o)
                0x08008758                TwoWire::read()
 .text._ZN7TwoWire4peekEv
                0x08008772       0x12 .pio/build/stm32_racedash/lib04b/libWire.a(Wire.cpp.o)
                0x08008772                TwoWire::peek()
 .text._ZN7TwoWire16onRequestServiceEP5i2c_s
                0x08008784       0x16 .pio/build/stm32_racedash/lib04b/libWire.a(Wire.cpp.o)
                0x08008784                TwoWire::onRequestService(i2c_s*)
 *fill*         0x0800879a        0x2 
 .text._ZN7TwoWireC2Emm
                0x0800879c       0xcc .pio/build/stm32_racedash/lib04b/libWire.a(Wire.cpp.o)
                0x0800879c                TwoWire::TwoWire(unsigned long, unsigned long)
                0x0800879c                TwoWire::TwoWire(unsigned long, unsigned long)
 .text._ZN7TwoWire3endEv
                0x08008868       0x28 .pio/build/stm32_racedash/lib04b/libWire.a(Wire.cpp.o)
                0x08008868                TwoWire::end()
 .text._ZN7TwoWireD2Ev
                0x08008890       0x28 .pio/build/stm32_racedash/lib04b/libWire.a(Wire.cpp.o)
                0x08008890                TwoWire::~TwoWire()
                0x08008890                TwoWire::~TwoWire()
 .text._ZN7TwoWire8setClockEm
                0x080088b8       0x34 .pio/build/stm32_racedash/lib04b/libWire.a(Wire.cpp.o)
                0x080088b8                TwoWire::setClock(unsigned long)
 .text._ZN7TwoWire17beginTransmissionEh
                0x080088ec       0x10 .pio/build/stm32_racedash/lib04b/libWire.a(Wire.cpp.o)
                0x080088ec                TwoWire::beginTransmission(unsigned char)
 .text._ZN7TwoWire17beginTransmissionEi
                0x080088fc       0x10 .pio/build/stm32_racedash/lib04b/libWire.a(Wire.cpp.o)
                0x080088fc                TwoWire::beginTransmission(int)
 .text._ZN7TwoWire16allocateRxBufferEj
                0x0800890c       0x24 .pio/build/stm32_racedash/lib04b/libWire.a(Wire.cpp.o)
                0x0800890c                TwoWire::allocateRxBuffer(unsigned int)
 .text._ZN7TwoWire16onReceiveServiceEP5i2c_s
                0x08008930       0x4c .pio/build/stm32_racedash/lib04b/libWire.a(Wire.cpp.o)
                0x08008930                TwoWire::onReceiveService(i2c_s*)
 .text._ZN7TwoWire16allocateTxBufferEj
                0x0800897c       0x32 .pio/build/stm32_racedash/lib04b/libWire.a(Wire.cpp.o)
                0x0800897c                TwoWire::allocateTxBuffer(unsigned int)
 .text._ZN7TwoWire5writeEh
                0x080089ae       0x42 .pio/build/stm32_racedash/lib04b/libWire.a(Wire.cpp.o)
                0x080089ae                TwoWire::write(unsigned char)
 .text._ZN7TwoWire5writeEPKhj
                0x080089f0       0x42 .pio/build/stm32_racedash/lib04b/libWire.a(Wire.cpp.o)
                0x080089f0                TwoWire::write(unsigned char const*, unsigned int)
 .text._ZN7TwoWire13resetRxBufferEv
                0x08008a32       0x10 .pio/build/stm32_racedash/lib04b/libWire.a(Wire.cpp.o)
                0x08008a32                TwoWire::resetRxBuffer()
 .text._ZN7TwoWire13resetTxBufferEv
                0x08008a42       0x10 .pio/build/stm32_racedash/lib04b/libWire.a(Wire.cpp.o)
                0x08008a42                TwoWire::resetTxBuffer()
 .text._ZN7TwoWire15endTransmissionEh
                0x08008a52       0x46 .pio/build/stm32_racedash/lib04b/libWire.a(Wire.cpp.o)
                0x08008a52                TwoWire::endTransmission(unsigned char)
 .text._ZN7TwoWire11requestFromEhhmhh
                0x08008a98       0x94 .pio/build/stm32_racedash/lib04b/libWire.a(Wire.cpp.o)
                0x08008a98                TwoWire::requestFrom(unsigned char, unsigned char, unsigned long, unsigned char, unsigned char)
 .text._ZN7TwoWire11requestFromEhhh
                0x08008b2c       0x12 .pio/build/stm32_racedash/lib04b/libWire.a(Wire.cpp.o)
                0x08008b2c                TwoWire::requestFrom(unsigned char, unsigned char, unsigned char)
 .text._ZN7TwoWire11requestFromEhh
                0x08008b3e        0x6 .pio/build/stm32_racedash/lib04b/libWire.a(Wire.cpp.o)
                0x08008b3e                TwoWire::requestFrom(unsigned char, unsigned char)
 .text._ZN7TwoWire5flushEv
                0x08008b44       0x18 .pio/build/stm32_racedash/lib04b/libWire.a(Wire.cpp.o)
                0x08008b44                TwoWire::flush()
 .text._ZN7TwoWire10recoverBusEv
                0x08008b5c       0xd0 .pio/build/stm32_racedash/lib04b/libWire.a(Wire.cpp.o)
                0x08008b5c                TwoWire::recoverBus()
 .text._ZN7TwoWire5beginEhbb
                0x08008c2c       0x9c .pio/build/stm32_racedash/lib04b/libWire.a(Wire.cpp.o)
                0x08008c2c                TwoWire::begin(unsigned char, bool, bool)
 .text._ZN7TwoWire5beginEb
                0x08008cc8        0xa .pio/build/stm32_racedash/lib04b/libWire.a(Wire.cpp.o)
                0x08008cc8                TwoWire::begin(bool)
 *fill*         0x08008cd2        0x2 
 .text.startup._GLOBAL__sub_I__ZN7TwoWireC2Emm
                0x08008cd4       0x10 .pio/build/stm32_racedash/lib04b/libWire.a(Wire.cpp.o)
 .text.exit._GLOBAL__sub_D__ZN7TwoWireC2Emm
                0x08008ce4        0xc .pio/build/stm32_racedash/lib04b/libWire.a(Wire.cpp.o)
 .text.i2c_init
                0x08008cf0      0x170 .pio/build/stm32_racedash/lib04b/libWire.a(twi.c.o)
                0x08008cf0                i2c_init
 .text.i2c_deinit
                0x08008e60       0x7c .pio/build/stm32_racedash/lib04b/libWire.a(twi.c.o)
                0x08008e60                i2c_deinit
 .text.i2c_setTiming
                0x08008edc       0x60 .pio/build/stm32_racedash/lib04b/libWire.a(twi.c.o)
                0x08008edc                i2c_setTiming
 .text.i2c_slave_write_IT
                0x08008f3c       0x34 .pio/build/stm32_racedash/lib04b/libWire.a(twi.c.o)
                0x08008f3c                i2c_slave_write_IT
 .text.i2c_master_read
                0x08008f70       0x8e .pio/build/stm32_racedash/lib04b/libWire.a(twi.c.o)
                0x08008f70                i2c_master_read
 .text.i2c_IsDeviceReady
                0x08008ffe       0x40 .pio/build/stm32_racedash/lib04b/libWire.a(twi.c.o)
                0x08008ffe                i2c_IsDeviceReady
 .text.i2c_master_write
                0x0800903e       0xa2 .pio/build/stm32_racedash/lib04b/libWire.a(twi.c.o)
                0x0800903e                i2c_master_write
 .text.i2c_attachSlaveRxEvent
                0x080090e0        0xe .pio/build/stm32_racedash/lib04b/libWire.a(twi.c.o)
                0x080090e0                i2c_attachSlaveRxEvent
 .text.i2c_attachSlaveTxEvent
                0x080090ee        0xe .pio/build/stm32_racedash/lib04b/libWire.a(twi.c.o)
                0x080090ee                i2c_attachSlaveTxEvent
 .text.HAL_I2C_AddrCallback
                0x080090fc       0x68 .pio/build/stm32_racedash/lib04b/libWire.a(twi.c.o)
                0x080090fc                HAL_I2C_AddrCallback
 .text.HAL_I2C_ListenCpltCallback
                0x08009164       0x2a .pio/build/stm32_racedash/lib04b/libWire.a(twi.c.o)
                0x08009164                HAL_I2C_ListenCpltCallback
 .text.HAL_I2C_SlaveRxCpltCallback
                0x0800918e       0x24 .pio/build/stm32_racedash/lib04b/libWire.a(twi.c.o)
                0x0800918e                HAL_I2C_SlaveRxCpltCallback
 .text.HAL_I2C_SlaveTxCpltCallback
                0x080091b2        0x8 .pio/build/stm32_racedash/lib04b/libWire.a(twi.c.o)
                0x080091b2                HAL_I2C_SlaveTxCpltCallback
 .text.HAL_I2C_ErrorCallback
                0x080091ba        0xc .pio/build/stm32_racedash/lib04b/libWire.a(twi.c.o)
                0x080091ba                HAL_I2C_ErrorCallback
 *fill*         0x080091c6        0x2 
 .text.I2C1_EV_IRQHandler
                0x080091c8        0xc .pio/build/stm32_racedash/lib04b/libWire.a(twi.c.o)
                0x080091c8                I2C1_EV_IRQHandler
 .text.I2C1_ER_IRQHandler
                0x080091d4        0xc .pio/build/stm32_racedash/lib04b/libWire.a(twi.c.o)
                0x080091d4                I2C1_ER_IRQHandler
 .text.I2C2_EV_IRQHandler
                0x080091e0        0xc .pio/build/stm32_racedash/lib04b/libWire.a(twi.c.o)
                0x080091e0                I2C2_EV_IRQHandler
 .text.I2C2_ER_IRQHandler
                0x080091ec        0xc .pio/build/stm32_racedash/lib04b/libWire.a(twi.c.o)
                0x080091ec                I2C2_ER_IRQHandler
 .text._ZN14HardwareSerial9availableEv
                0x080091f8       0x10 .pio/build/stm32_racedash/libFrameworkArduino.a(HardwareSerial.cpp.o)
                0x080091f8                HardwareSerial::available()
 .text._ZN14HardwareSerial4peekEv
                0x08009208       0x1a .pio/build/stm32_racedash/libFrameworkArduino.a(HardwareSerial.cpp.o)
                0x08009208                HardwareSerial::peek()
 .text._ZN14HardwareSerial17availableForWriteEv
                0x08009222       0x1c .pio/build/stm32_racedash/libFrameworkArduino.a(HardwareSerial.cpp.o)
                0x08009222                HardwareSerial::availableForWrite()
 .text._ZN14HardwareSerial5writeEh
                0x0800923e       0x18 .pio/build/stm32_racedash/libFrameworkArduino.a(HardwareSerial.cpp.o)
                0x0800923e                HardwareSerial::write(unsigned char)
 .text._ZN14HardwareSerial16_rx_complete_irqEP8serial_s
                0x08009256       0x36 .pio/build/stm32_racedash/libFrameworkArduino.a(HardwareSerial.cpp.o)
                0x08009256                HardwareSerial::_rx_complete_irq(serial_s*)
 .text._ZN14HardwareSerial16_tx_complete_irqEP8serial_s
                0x0800928c       0x60 .pio/build/stm32_racedash/libFrameworkArduino.a(HardwareSerial.cpp.o)
                0x0800928c                HardwareSerial::_tx_complete_irq(serial_s*)
 .text._ZN14HardwareSerial5writeEPKhj
                0x080092ec       0xe4 .pio/build/stm32_racedash/libFrameworkArduino.a(HardwareSerial.cpp.o)
                0x080092ec                HardwareSerial::write(unsigned char const*, unsigned int)
 .text._ZN14HardwareSerial4initE7PinNameS0_S0_S0_
                0x080093d0       0x32 .pio/build/stm32_racedash/libFrameworkArduino.a(HardwareSerial.cpp.o)
                0x080093d0                HardwareSerial::init(PinName, PinName, PinName, PinName)
 *fill*         0x08009402        0x2 
 .text._ZN14HardwareSerialC2Emmmm
                0x08009404      0x110 .pio/build/stm32_racedash/libFrameworkArduino.a(HardwareSerial.cpp.o)
                0x08009404                HardwareSerial::HardwareSerial(unsigned long, unsigned long, unsigned long, unsigned long)
                0x08009404                HardwareSerial::HardwareSerial(unsigned long, unsigned long, unsigned long, unsigned long)
 .text._ZN14HardwareSerial5flushEm
                0x08009514       0x36 .pio/build/stm32_racedash/libFrameworkArduino.a(HardwareSerial.cpp.o)
                0x08009514                HardwareSerial::flush(unsigned long)
 .text._ZN14HardwareSerial5flushEv
                0x0800954a        0x6 .pio/build/stm32_racedash/libFrameworkArduino.a(HardwareSerial.cpp.o)
                0x0800954a                HardwareSerial::flush()
 .text._ZN14HardwareSerial5setRxEm
                0x08009550       0x48 .pio/build/stm32_racedash/libFrameworkArduino.a(HardwareSerial.cpp.o)
                0x08009550                HardwareSerial::setRx(unsigned long)
 .text._ZN14HardwareSerial5setTxEm
                0x08009598       0x48 .pio/build/stm32_racedash/libFrameworkArduino.a(HardwareSerial.cpp.o)
                0x08009598                HardwareSerial::setTx(unsigned long)
 .text._ZN14HardwareSerialC2EPv16HalfDuplexMode_t
                0x080095e0       0x9c .pio/build/stm32_racedash/libFrameworkArduino.a(HardwareSerial.cpp.o)
                0x080095e0                HardwareSerial::HardwareSerial(void*, HalfDuplexMode_t)
                0x080095e0                HardwareSerial::HardwareSerial(void*, HalfDuplexMode_t)
 .text._ZN14HardwareSerial18enableHalfDuplexRxEv
                0x0800967c       0x2c .pio/build/stm32_racedash/libFrameworkArduino.a(HardwareSerial.cpp.o)
                0x0800967c                HardwareSerial::enableHalfDuplexRx()
 .text._ZN14HardwareSerial5beginEmh
                0x080096a8       0x9c .pio/build/stm32_racedash/libFrameworkArduino.a(HardwareSerial.cpp.o)
                0x080096a8                HardwareSerial::begin(unsigned long, unsigned char)
 .text._ZN14HardwareSerial4readEv
                0x08009744       0x2e .pio/build/stm32_racedash/libFrameworkArduino.a(HardwareSerial.cpp.o)
                0x08009744                HardwareSerial::read()
 *fill*         0x08009772        0x2 
 .text.startup._GLOBAL__sub_I_Serial2
                0x08009774       0x14 .pio/build/stm32_racedash/libFrameworkArduino.a(HardwareSerial.cpp.o)
 .text._ZN5Print5writeEPKhj
                0x08009788       0x2c .pio/build/stm32_racedash/libFrameworkArduino.a(Print.cpp.o)
                0x08009788                Print::write(unsigned char const*, unsigned int)
 .text._ZN5Print5writeEPKc
                0x080097b4       0x20 .pio/build/stm32_racedash/libFrameworkArduino.a(Print.cpp.o)
                0x080097b4                Print::write(char const*)
 .text._ZN5Print5printEPKc
                0x080097d4        0x8 .pio/build/stm32_racedash/libFrameworkArduino.a(Print.cpp.o)
                0x080097d4                Print::print(char const*)
 .text._ZN5Print5printEc
                0x080097dc        0x6 .pio/build/stm32_racedash/libFrameworkArduino.a(Print.cpp.o)
                0x080097dc                Print::print(char)
 *fill*         0x080097e2        0x2 
 .text._ZN5Print7printlnEv
                0x080097e4       0x10 .pio/build/stm32_racedash/libFrameworkArduino.a(Print.cpp.o)
                0x080097e4                Print::println()
 .text._ZN5Print7printlnEPK19__FlashStringHelper
                0x080097f4       0x14 .pio/build/stm32_racedash/libFrameworkArduino.a(Print.cpp.o)
                0x080097f4                Print::println(__FlashStringHelper const*)
 .text._ZN5Print7printlnEPKc
                0x08009808        0x4 .pio/build/stm32_racedash/libFrameworkArduino.a(Print.cpp.o)
                0x08009808                Print::println(char const*)
 .text._write   0x0800980c       0x22 .pio/build/stm32_racedash/libFrameworkArduino.a(Print.cpp.o)
                0x0800980c                _write
 .text._ZN5Print11printNumberEmh
                0x0800982e       0x3a .pio/build/stm32_racedash/libFrameworkArduino.a(Print.cpp.o)
                0x0800982e                Print::printNumber(unsigned long, unsigned char)
 .text._ZN5Print5printEli
                0x08009868       0x44 .pio/build/stm32_racedash/libFrameworkArduino.a(Print.cpp.o)
                0x08009868                Print::print(long, int)
 .text._ZN5Print5printEii
                0x080098ac        0x4 .pio/build/stm32_racedash/libFrameworkArduino.a(Print.cpp.o)
                0x080098ac                Print::print(int, int)
 .text._ZN5Print5printEmi
                0x080098b0       0x16 .pio/build/stm32_racedash/libFrameworkArduino.a(Print.cpp.o)
                0x080098b0                Print::print(unsigned long, int)
 .text._ZN5Print5printEhi
                0x080098c6        0x4 .pio/build/stm32_racedash/libFrameworkArduino.a(Print.cpp.o)
                0x080098c6                Print::print(unsigned char, int)
 .text._ZN5Print7printlnEhi
                0x080098ca       0x14 .pio/build/stm32_racedash/libFrameworkArduino.a(Print.cpp.o)
                0x080098ca                Print::println(unsigned char, int)
 *fill*         0x080098de        0x2 
 .text._ZN5Print10printFloatIfEEjT_h
                0x080098e0      0x120 .pio/build/stm32_racedash/libFrameworkArduino.a(Print.cpp.o)
                0x080098e0                unsigned int Print::printFloat<float>(float, unsigned char)
 .text._ZN5Print5printEfi
                0x08009a00        0xa .pio/build/stm32_racedash/libFrameworkArduino.a(Print.cpp.o)
                0x08009a00                Print::print(float, int)
 .text._ZN5Print7printlnEfi
                0x08009a0a       0x16 .pio/build/stm32_racedash/libFrameworkArduino.a(Print.cpp.o)
                0x08009a0a                Print::println(float, int)
 .text._ZN5Print10printFloatIdEEjT_h
                0x08009a20      0x174 .pio/build/stm32_racedash/libFrameworkArduino.a(Print.cpp.o)
                0x08009a20                unsigned int Print::printFloat<double>(double, unsigned char)
 .text._ZN5Print5printEdi
                0x08009b94       0x12 .pio/build/stm32_racedash/libFrameworkArduino.a(Print.cpp.o)
                0x08009b94                Print::print(double, int)
 .text._ZN6Stream9timedReadEv
                0x08009ba6       0x2a .pio/build/stm32_racedash/libFrameworkArduino.a(Stream.cpp.o)
                0x08009ba6                Stream::timedRead()
 .text._ZN6Stream9readBytesEPcj
                0x08009bd0       0x22 .pio/build/stm32_racedash/libFrameworkArduino.a(Stream.cpp.o)
                0x08009bd0                Stream::readBytes(char*, unsigned int)
 .text._ZN6Stream14readBytesUntilEcPcj
                0x08009bf2       0x30 .pio/build/stm32_racedash/libFrameworkArduino.a(Stream.cpp.o)
                0x08009bf2                Stream::readBytesUntil(char, char*, unsigned int)
 *fill*         0x08009c22        0x2 
 .text._Z15attachInterruptmSt8functionIFvvEEm
                0x08009c24       0xd0 .pio/build/stm32_racedash/libFrameworkArduino.a(WInterrupts.cpp.o)
                0x08009c24                attachInterrupt(unsigned long, std::function<void ()>, unsigned long)
 .text._Z6randoml
                0x08009cf4       0x16 .pio/build/stm32_racedash/libFrameworkArduino.a(WMath.cpp.o)
                0x08009cf4                random(long)
 .text._Z6randomll
                0x08009d0a       0x14 .pio/build/stm32_racedash/libFrameworkArduino.a(WMath.cpp.o)
                0x08009d0a                random(long, long)
 .text.startup._Z7premainv
                0x08009d1e       0x10 .pio/build/stm32_racedash/libFrameworkArduino.a(main.cpp.o)
                0x08009d1e                premain()
 .text.startup.main
                0x08009d2e       0x14 .pio/build/stm32_racedash/libFrameworkArduino.a(main.cpp.o)
                0x08009d2e                main
 *fill*         0x08009d42        0x2 
 .text.pinNametoDigitalPin
                0x08009d44       0x34 .pio/build/stm32_racedash/libFrameworkArduino.a(pins_arduino.c.o)
                0x08009d44                pinNametoDigitalPin
 .text.analogInputToPinName
                0x08009d78       0x84 .pio/build/stm32_racedash/libFrameworkArduino.a(pins_arduino.c.o)
                0x08009d78                analogInputToPinName
 .text.Reset_Handler
                0x08009dfc       0x48 .pio/build/stm32_racedash/libFrameworkArduino.a(startup_stm32yyxx.S.o)
                0x08009dfc                Reset_Handler
 .text.Default_Handler
                0x08009e44        0x2 .pio/build/stm32_racedash/libFrameworkArduino.a(startup_stm32yyxx.S.o)
                0x08009e44                RTC_Alarm_IRQHandler
                0x08009e44                TIM8_TRG_COM_IRQHandler
                0x08009e44                DebugMon_Handler
                0x08009e44                HardFault_Handler
                0x08009e44                PVD_IRQHandler
                0x08009e44                SDIO_IRQHandler
                0x08009e44                PendSV_Handler
                0x08009e44                NMI_Handler
                0x08009e44                UsageFault_Handler
                0x08009e44                ADC1_2_IRQHandler
                0x08009e44                SPI1_IRQHandler
                0x08009e44                TAMPER_IRQHandler
                0x08009e44                DMA2_Channel2_IRQHandler
                0x08009e44                DMA1_Channel4_IRQHandler
                0x08009e44                RTC_IRQHandler
                0x08009e44                DMA1_Channel7_IRQHandler
                0x08009e44                CAN1_RX1_IRQHandler
                0x08009e44                ADC3_IRQHandler
                0x08009e44                DMA2_Channel1_IRQHandler
                0x08009e44                DMA1_Channel6_IRQHandler
                0x08009e44                RCC_IRQHandler
                0x08009e44                TIM1_TRG_COM_IRQHandler
                0x08009e44                DMA1_Channel1_IRQHandler
                0x08009e44                Default_Handler
                0x08009e44                SPI2_IRQHandler
                0x08009e44                MemManage_Handler
                0x08009e44                SVC_Handler
                0x08009e44                DMA1_Channel5_IRQHandler
                0x08009e44                USB_LP_CAN1_RX0_IRQHandler
                0x08009e44                USB_HP_CAN1_TX_IRQHandler
                0x08009e44                DMA1_Channel3_IRQHandler
                0x08009e44                FSMC_IRQHandler
                0x08009e44                WWDG_IRQHandler
                0x08009e44                TIM1_BRK_IRQHandler
                0x08009e44                DMA2_Channel4_5_IRQHandler
                0x08009e44                DMA1_Channel2_IRQHandler
                0x08009e44                TIM8_BRK_IRQHandler
                0x08009e44                CAN1_SCE_IRQHandler
                0x08009e44                FLASH_IRQHandler
                0x08009e44                BusFault_Handler
                0x08009e44                SPI3_IRQHandler
                0x08009e44                USBWakeUp_IRQHandler
                0x08009e44                DMA2_Channel3_IRQHandler
 .text.mapResolution
                0x08009e46       0x26 .pio/build/stm32_racedash/libFrameworkArduino.a(wiring_analog.c.o)
 .text.analogRead
                0x08009e6c       0x2c .pio/build/stm32_racedash/libFrameworkArduino.a(wiring_analog.c.o)
                0x08009e6c                analogRead
 .text.pinMode  0x08009e98       0xd4 .pio/build/stm32_racedash/libFrameworkArduino.a(wiring_digital.c.o)
                0x08009e98                pinMode
 .text.digitalWrite
                0x08009f6c       0x74 .pio/build/stm32_racedash/libFrameworkArduino.a(wiring_digital.c.o)
                0x08009f6c                digitalWrite
 .text.digitalRead
                0x08009fe0       0x7c .pio/build/stm32_racedash/libFrameworkArduino.a(wiring_digital.c.o)
                0x08009fe0                digitalRead
 .text.millis   0x0800a05c        0x4 .pio/build/stm32_racedash/libFrameworkArduino.a(wiring_time.c.o)
                0x0800a05c                millis
 .text.micros   0x0800a060        0x4 .pio/build/stm32_racedash/libFrameworkArduino.a(wiring_time.c.o)
                0x0800a060                micros
 .text.delay    0x0800a064       0x1c .pio/build/stm32_racedash/libFrameworkArduino.a(wiring_time.c.o)
                0x0800a064                delay
 .text._Z14serialEventRunv
                0x0800a080       0x1c .pio/build/stm32_racedash/libFrameworkArduino.a(WSerial.cpp.o)
                0x0800a080                serialEventRun()
 .text.init     0x0800a09c        0x4 .pio/build/stm32_racedash/libFrameworkArduino.a(board.c.o)
                0x0800a09c                init
 .text.__empty  0x0800a0a0        0x2 .pio/build/stm32_racedash/libFrameworkArduino.a(hooks.c.o)
                0x0800a0a0                yield
 .text.unlikely._ZSt25__throw_bad_function_callv
                0x0800a0a2        0x6 c:/users/craft/.platformio/packages/toolchain-gccarmnoneeabi/bin/../lib/gcc/arm-none-eabi/12.3.1/../../../../arm-none-eabi/lib/thumb/v7-m/nofp\libstdc++_nano.a(functional.o)
                0x0800a0a2                std::__throw_bad_function_call()
 .text._ZN8SPIClassC2Emmmm
                0x0800a0a8      0x12c .pio/build/stm32_racedash/lib7ce/libSPI.a(SPI.cpp.o)
                0x0800a0a8                SPIClass::SPIClass(unsigned long, unsigned long, unsigned long, unsigned long)
                0x0800a0a8                SPIClass::SPIClass(unsigned long, unsigned long, unsigned long, unsigned long)
 .text._ZN8SPIClass5beginE13SPIDeviceMode
                0x0800a1d4       0x2c .pio/build/stm32_racedash/lib7ce/libSPI.a(SPI.cpp.o)
                0x0800a1d4                SPIClass::begin(SPIDeviceMode)
 .text._ZN8SPIClass16beginTransactionE11SPISettings
                0x0800a200       0x44 .pio/build/stm32_racedash/lib7ce/libSPI.a(SPI.cpp.o)
                0x0800a200                SPIClass::beginTransaction(SPISettings)
 .text._ZN8SPIClass14endTransactionEv
                0x0800a244        0x2 .pio/build/stm32_racedash/lib7ce/libSPI.a(SPI.cpp.o)
                0x0800a244                SPIClass::endTransaction()
 .text._ZN8SPIClass8transferEhb
                0x0800a246       0x24 .pio/build/stm32_racedash/lib7ce/libSPI.a(SPI.cpp.o)
                0x0800a246                SPIClass::transfer(unsigned char, bool)
 *fill*         0x0800a26a        0x2 
 .text.startup._GLOBAL__sub_I_SPI
                0x0800a26c       0x1c .pio/build/stm32_racedash/lib7ce/libSPI.a(SPI.cpp.o)
 .text.LL_GPIO_SetPinMode
                0x0800a288       0x2c .pio/build/stm32_racedash/lib7ce/libSPI.a(spi_com.c.o)
 .text.spi_getClkFreqInst
                0x0800a2b4       0x34 .pio/build/stm32_racedash/lib7ce/libSPI.a(spi_com.c.o)
                0x0800a2b4                spi_getClkFreqInst
 .text.spi_init
                0x0800a2e8      0x2a4 .pio/build/stm32_racedash/lib7ce/libSPI.a(spi_com.c.o)
                0x0800a2e8                spi_init
 .text.spi_transfer
                0x0800a58c       0x5e .pio/build/stm32_racedash/lib7ce/libSPI.a(spi_com.c.o)
                0x0800a58c                spi_transfer
 *fill*         0x0800a5ea        0x2 
 .text.sinf     0x0800a5ec       0x74 c:/users/craft/.platformio/packages/toolchain-gccarmnoneeabi/bin/../lib/gcc/arm-none-eabi/12.3.1/../../../../arm-none-eabi/lib/thumb/v7-m/nofp\libm.a(libm_a-sf_sin.o)
                0x0800a5ec                sinf
 .text.__kernel_cosf
                0x0800a660      0x190 c:/users/craft/.platformio/packages/toolchain-gccarmnoneeabi/bin/../lib/gcc/arm-none-eabi/12.3.1/../../../../arm-none-eabi/lib/thumb/v7-m/nofp\libm.a(libm_a-kf_cos.o)
                0x0800a660                __kernel_cosf
 .text.__kernel_sinf
                0x0800a7f0       0xf0 c:/users/craft/.platformio/packages/toolchain-gccarmnoneeabi/bin/../lib/gcc/arm-none-eabi/12.3.1/../../../../arm-none-eabi/lib/thumb/v7-m/nofp\libm.a(libm_a-kf_sin.o)
                0x0800a7f0                __kernel_sinf
 .text.__ieee754_rem_pio2f
                0x0800a8e0      0x2d4 c:/users/craft/.platformio/packages/toolchain-gccarmnoneeabi/bin/../lib/gcc/arm-none-eabi/12.3.1/../../../../arm-none-eabi/lib/thumb/v7-m/nofp\libm.a(libm_a-ef_rem_pio2.o)
                0x0800a8e0                __ieee754_rem_pio2f
 .text.fabsf    0x0800abb4        0x8 c:/users/craft/.platformio/packages/toolchain-gccarmnoneeabi/bin/../lib/gcc/arm-none-eabi/12.3.1/../../../../arm-none-eabi/lib/thumb/v7-m/nofp\libm.a(libm_a-sf_fabs.o)
                0x0800abb4                fabsf
 .text.__kernel_rem_pio2f
                0x0800abbc      0x764 c:/users/craft/.platformio/packages/toolchain-gccarmnoneeabi/bin/../lib/gcc/arm-none-eabi/12.3.1/../../../../arm-none-eabi/lib/thumb/v7-m/nofp\libm.a(libm_a-kf_rem_pio2.o)
                0x0800abbc                __kernel_rem_pio2f
 .text.scalbnf  0x0800b320       0xb0 c:/users/craft/.platformio/packages/toolchain-gccarmnoneeabi/bin/../lib/gcc/arm-none-eabi/12.3.1/../../../../arm-none-eabi/lib/thumb/v7-m/nofp\libm.a(libm_a-sf_scalbn.o)
                0x0800b320                scalbnf
 .text.floorf   0x0800b3d0       0x88 c:/users/craft/.platformio/packages/toolchain-gccarmnoneeabi/bin/../lib/gcc/arm-none-eabi/12.3.1/../../../../arm-none-eabi/lib/thumb/v7-m/nofp\libm.a(libm_a-sf_floor.o)