Archive member included to satisfy reference by file (symbol)

.pio/build/stm32_racedash/libFrameworkArduino.a(main.cpp.o)
                              c:/users/craft/.platformio/packages/toolchain-gccarmnoneeabi/bin/../lib/gcc/arm-none-eabi/12.3.1/../../../../arm-none-eabi/lib/thumb/v7-m/nofp/crt0.o (main)
.pio/build/stm32_racedash/libFrameworkArduino.a(pins_arduino.c.o)
                              .pio/build/stm32_racedash/SrcWrapper/src/HardwareTimer.cpp.o (pinNametoDigitalPin)
.pio/build/stm32_racedash/libFrameworkArduino.a(startup_stm32yyxx.S.o)
                              (Reset_Handler)
.pio/build/stm32_racedash/libFrameworkArduino.a(wiring_digital.c.o)
                              .pio/build/stm32_racedash/SrcWrapper/src/HardwareTimer.cpp.o (pinMode)
.pio/build/stm32_racedash/libFrameworkArduino.a(WSerial.cpp.o)
                              .pio/build/stm32_racedash/libFrameworkArduino.a(main.cpp.o) (serialEventRun())
.pio/build/stm32_racedash/libFrameworkArduino.a(board.c.o)
                              .pio/build/stm32_racedash/libFrameworkArduino.a(main.cpp.o) (init)
.pio/build/stm32_racedash/libFrameworkArduino.a(wiring_analog.c.o)
                              .pio/build/stm32_racedash/libFrameworkArduino.a(wiring_digital.c.o) (g_anOutputPinConfigured)
.pio/build/stm32_racedash/libFrameworkArduino.a(HardwareSerial.cpp.o)
                              .pio/build/stm32_racedash/libFrameworkArduino.a(WSerial.cpp.o) (HardwareSerial::available())
.pio/build/stm32_racedash/libFrameworkArduino.a(Stream.cpp.o)
                              .pio/build/stm32_racedash/libFrameworkArduino.a(HardwareSerial.cpp.o) (Stream::readBytes(char*, unsigned int))
.pio/build/stm32_racedash/libFrameworkArduino.a(WString.cpp.o)
                              .pio/build/stm32_racedash/libFrameworkArduino.a(Stream.cpp.o) (String::String(char const*))
.pio/build/stm32_racedash/libFrameworkArduino.a(dtostrf.c.o)
                              .pio/build/stm32_racedash/libFrameworkArduino.a(WString.cpp.o) (dtostrf)
.pio/build/stm32_racedash/libFrameworkArduino.a(itoa.c.o)
                              .pio/build/stm32_racedash/libFrameworkArduino.a(WString.cpp.o) (ltoa)
.pio/build/stm32_racedash/libFrameworkArduino.a(wiring_time.c.o)
                              .pio/build/stm32_racedash/libFrameworkArduino.a(Stream.cpp.o) (millis)
.pio/build/stm32_racedash/libFrameworkArduino.a(Print.cpp.o)
                              .pio/build/stm32_racedash/libFrameworkArduino.a(Stream.cpp.o) (Print::write(unsigned char const*, unsigned int))
.pio/build/stm32_racedash/libFrameworkArduino.a(hooks.c.o)
                              .pio/build/stm32_racedash/libFrameworkArduino.a(wiring_time.c.o) (yield)
c:/users/craft/.platformio/packages/toolchain-gccarmnoneeabi/bin/../lib/gcc/arm-none-eabi/12.3.1/thumb/v7-m/nofp\libgcc.a(_arm_muldf3.o)
                              .pio/build/stm32_racedash/SrcWrapper/src/HardwareTimer.cpp.o (__aeabi_dmul)
c:/users/craft/.platformio/packages/toolchain-gccarmnoneeabi/bin/../lib/gcc/arm-none-eabi/12.3.1/thumb/v7-m/nofp\libgcc.a(_arm_mulsf3.o)
                              .pio/build/stm32_racedash/libFrameworkArduino.a(Stream.cpp.o) (__aeabi_fmul)
c:/users/craft/.platformio/packages/toolchain-gccarmnoneeabi/bin/../lib/gcc/arm-none-eabi/12.3.1/thumb/v7-m/nofp\libgcc.a(_arm_addsubdf3.o)
                              .pio/build/stm32_racedash/libFrameworkArduino.a(dtostrf.c.o) (__aeabi_dsub)
c:/users/craft/.platformio/packages/toolchain-gccarmnoneeabi/bin/../lib/gcc/arm-none-eabi/12.3.1/thumb/v7-m/nofp\libgcc.a(_arm_muldivdf3.o)
                              .pio/build/stm32_racedash/SrcWrapper/src/HardwareTimer.cpp.o (__aeabi_ddiv)
c:/users/craft/.platformio/packages/toolchain-gccarmnoneeabi/bin/../lib/gcc/arm-none-eabi/12.3.1/thumb/v7-m/nofp\libgcc.a(_arm_cmpdf2.o)
                              .pio/build/stm32_racedash/libFrameworkArduino.a(dtostrf.c.o) (__aeabi_dcmplt)
c:/users/craft/.platformio/packages/toolchain-gccarmnoneeabi/bin/../lib/gcc/arm-none-eabi/12.3.1/thumb/v7-m/nofp\libgcc.a(_arm_unorddf2.o)
                              .pio/build/stm32_racedash/libFrameworkArduino.a(Print.cpp.o) (__aeabi_dcmpun)
c:/users/craft/.platformio/packages/toolchain-gccarmnoneeabi/bin/../lib/gcc/arm-none-eabi/12.3.1/thumb/v7-m/nofp\libgcc.a(_arm_fixdfsi.o)
                              .pio/build/stm32_racedash/libFrameworkArduino.a(dtostrf.c.o) (__aeabi_d2iz)
c:/users/craft/.platformio/packages/toolchain-gccarmnoneeabi/bin/../lib/gcc/arm-none-eabi/12.3.1/thumb/v7-m/nofp\libgcc.a(_arm_fixunsdfsi.o)
                              .pio/build/stm32_racedash/SrcWrapper/src/HardwareTimer.cpp.o (__aeabi_d2uiz)
c:/users/craft/.platformio/packages/toolchain-gccarmnoneeabi/bin/../lib/gcc/arm-none-eabi/12.3.1/thumb/v7-m/nofp\libgcc.a(_arm_truncdfsf2.o)
                              .pio/build/stm32_racedash/libFrameworkArduino.a(Stream.cpp.o) (__aeabi_d2f)
[...]
Memory Configuration

Name             Origin             Length             Attributes
*default*        0x00000000         0xffffffff
RAM              0x20000000         0x0000c000         xrw
FLASH            0x08000000         0x00040000         xr

Linker script and memory map

                0x2000c000                        _estack = (ORIGIN (RAM) + LENGTH (RAM))
                0x00000200                        _Min_Heap_Size = 0x200
                0x00000400                        _Min_Stack_Size = 0x400

.isr_vector     0x08000000      0x1e4
                0x08000000                        . = ALIGN (0x4)
 *(.isr_vector)
 .isr_vector    0x08000000      0x1e4 .pio/build/stm32_racedash/libFrameworkArduino.a(startup_stm32yyxx.S.o)
                0x08000000                g_pfnVectors
                0x080001e4                        . = ALIGN (0x4)

.text           0x080001e4     0x1a8c
                0x080001e4                        . = ALIGN (0x4)
 *(.text)
 *(.text*)
 .text.__do_global_dtors_aux
                0x080001e4       0x24 c:/users/craft/.platformio/packages/toolchain-gccarmnoneeabi/bin/../lib/gcc/arm-none-eabi/12.3.1/thumb/v7-m/nofp/crtbegin.o
 .text.frame_dummy
                0x08000208       0x1c c:/users/craft/.platformio/packages/toolchain-gccarmnoneeabi/bin/../lib/gcc/arm-none-eabi/12.3.1/thumb/v7-m/nofp/crtbegin.o
 .text.SystemClock_Config
                0x08000224       0x56 .pio/build/stm32_racedash/FrameworkArduinoVariant/generic_clock.c.o
                0x08000224                SystemClock_Config
 .text.HAL_MspInit
                0x0800027a        0x2 .pio/build/stm32_racedash/SrcWrapper/src/HAL/stm32yyxx_hal.c.o
                0x0800027a                HAL_MspInit
 .text.HAL_InitTick
                0x0800027c       0x48 .pio/build/stm32_racedash/SrcWrapper/src/HAL/stm32yyxx_hal.c.o
                0x0800027c                HAL_InitTick
 .text.HAL_Init
                0x080002c4       0x24 .pio/build/stm32_racedash/SrcWrapper/src/HAL/stm32yyxx_hal.c.o
                0x080002c4                HAL_Init
 .text.HAL_IncTick
                0x080002e8       0x18 .pio/build/stm32_racedash/SrcWrapper/src/HAL/stm32yyxx_hal.c.o
                0x080002e8                HAL_IncTick
 .text.HAL_GetTick
                0x08000300        0xc .pio/build/stm32_racedash/SrcWrapper/src/HAL/stm32yyxx_hal.c.o
                0x08000300                HAL_GetTick
 .text.HAL_NVIC_SetPriorityGrouping
                0x0800030c       0x24 .pio/build/stm32_racedash/SrcWrapper/src/HAL/stm32yyxx_hal_cortex.c.o
                0x0800030c                HAL_NVIC_SetPriorityGrouping
 .text.HAL_NVIC_SetPriority
                0x08000330       0x60 .pio/build/stm32_racedash/SrcWrapper/src/HAL/stm32yyxx_hal_cortex.c.o
                0x08000330                HAL_NVIC_SetPriority
 .text.HAL_NVIC_EnableIRQ
                0x08000390       0x1c .pio/build/stm32_racedash/SrcWrapper/src/HAL/stm32yyxx_hal_cortex.c.o
                0x08000390                HAL_NVIC_EnableIRQ
 .text.HAL_NVIC_DisableIRQ
                0x080003ac       0x24 .pio/build/stm32_racedash/SrcWrapper/src/HAL/stm32yyxx_hal_cortex.c.o
                0x080003ac                HAL_NVIC_DisableIRQ
 .text.HAL_SYSTICK_Config
                0x080003d0       0x28 .pio/build/stm32_racedash/SrcWrapper/src/HAL/stm32yyxx_hal_cortex.c.o
                0x080003d0                HAL_SYSTICK_Config
 .text.HAL_NVIC_ClearPendingIRQ
                0x080003f8       0x1c .pio/build/stm32_racedash/SrcWrapper/src/HAL/stm32yyxx_hal_cortex.c.o
                0x080003f8                HAL_NVIC_ClearPendingIRQ
 .text.HAL_SYSTICK_Callback
                0x08000414        0x2 .pio/build/stm32_racedash/SrcWrapper/src/HAL/stm32yyxx_hal_cortex.c.o
                0x08000414                HAL_SYSTICK_Callback
 .text.HAL_SYSTICK_IRQHandler
                0x08000416        0x8 .pio/build/stm32_racedash/SrcWrapper/src/HAL/stm32yyxx_hal_cortex.c.o
                0x08000416                HAL_SYSTICK_IRQHandler
 .text.HAL_CRC_MspInit
                0x0800041e        0x2 .pio/build/stm32_racedash/SrcWrapper/src/HAL/stm32yyxx_hal_crc.c.o
                0x0800041e                HAL_CRC_MspInit
 .text.HAL_CRC_Init
                0x08000420       0x20 .pio/build/stm32_racedash/SrcWrapper/src/HAL/stm32yyxx_hal_crc.c.o
                0x08000420                HAL_CRC_Init
 .text.HAL_DMA_Abort
                0x08000440       0x3e .pio/build/stm32_racedash/SrcWrapper/src/HAL/stm32yyxx_hal_dma.c.o
                0x08000440                HAL_DMA_Abort
 *fill*         0x0800047e        0x2 
 .text.HAL_DMA_Abort_IT
                0x08000480      0x13c .pio/build/stm32_racedash/SrcWrapper/src/HAL/stm32yyxx_hal_dma.c.o
                0x08000480                HAL_DMA_Abort_IT
 .text.HAL_GPIO_EXTI_IRQHandler
                0x080005bc       0x18 .pio/build/stm32_racedash/SrcWrapper/src/HAL/stm32yyxx_hal_gpio.c.o
                0x080005bc                HAL_GPIO_EXTI_IRQHandler
 .text.HAL_RCC_OscConfig
                0x080005d4      0x338 .pio/build/stm32_racedash/SrcWrapper/src/HAL/stm32yyxx_hal_rcc.c.o
                0x080005d4                HAL_RCC_OscConfig
 .text.HAL_RCC_GetSysClockFreq
                0x0800090c       0x4c .pio/build/stm32_racedash/SrcWrapper/src/HAL/stm32yyxx_hal_rcc.c.o
                0x0800090c                HAL_RCC_GetSysClockFreq
 .text.HAL_RCC_ClockConfig
                0x08000958      0x138 .pio/build/stm32_racedash/SrcWrapper/src/HAL/stm32yyxx_hal_rcc.c.o
                0x08000958                HAL_RCC_ClockConfig
 .text.HAL_TIM_PWM_PulseFinishedCallback
                0x08000a90        0x2 .pio/build/stm32_racedash/SrcWrapper/src/HAL/stm32yyxx_hal_tim.c.o
                0x08000a90                HAL_TIM_PWM_PulseFinishedCallback
 .text.HAL_TIM_TriggerCallback
                0x08000a92        0x2 .pio/build/stm32_racedash/SrcWrapper/src/HAL/stm32yyxx_hal_tim.c.o
                0x08000a92                HAL_TIM_TriggerCallback
 .text.HAL_TIM_IRQHandler
                0x08000a94      0x128 .pio/build/stm32_racedash/SrcWrapper/src/HAL/stm32yyxx_hal_tim.c.o
                0x08000a94                HAL_TIM_IRQHandler
 .text.HAL_TIMEx_CommutCallback
                0x08000bbc        0x2 .pio/build/stm32_racedash/SrcWrapper/src/HAL/stm32yyxx_hal_tim_ex.c.o
                0x08000bbc                HAL_TIMEx_CommutCallback
 .text.HAL_TIMEx_BreakCallback
                0x08000bbe        0x2 .pio/build/stm32_racedash/SrcWrapper/src/HAL/stm32yyxx_hal_tim_ex.c.o
                0x08000bbe                HAL_TIMEx_BreakCallback
 .text.UART_EndRxTransfer
                0x08000bc0       0x5c .pio/build/stm32_racedash/SrcWrapper/src/HAL/stm32yyxx_hal_uart.c.o
 .text.HAL_UART_Transmit_IT
                0x08000c1c       0x32 .pio/build/stm32_racedash/SrcWrapper/src/HAL/stm32yyxx_hal_uart.c.o
                0x08000c1c                HAL_UART_Transmit_IT
 .text.UART_DMAAbortOnError
                0x08000c4e       0x10 .pio/build/stm32_racedash/SrcWrapper/src/HAL/stm32yyxx_hal_uart.c.o
 .text.HAL_UARTEx_RxEventCallback
                0x08000c5e        0x2 .pio/build/stm32_racedash/SrcWrapper/src/HAL/stm32yyxx_hal_uart.c.o
                0x08000c5e                HAL_UARTEx_RxEventCallback
 .text.UART_Receive_IT.isra.0
                0x08000c60       0xb6 .pio/build/stm32_racedash/SrcWrapper/src/HAL/stm32yyxx_hal_uart.c.o
 *fill*         0x08000d16        0x2 
 .text.HAL_UART_IRQHandler
                0x08000d18      0x2d8 .pio/build/stm32_racedash/SrcWrapper/src/HAL/stm32yyxx_hal_uart.c.o
                0x08000d18                HAL_UART_IRQHandler
 .text.HAL_HalfDuplex_EnableTransmitter
                0x08000ff0       0x30 .pio/build/stm32_racedash/SrcWrapper/src/HAL/stm32yyxx_hal_uart.c.o
                0x08000ff0                HAL_HalfDuplex_EnableTransmitter
 .text.HAL_HalfDuplex_EnableReceiver
                0x08001020       0x30 .pio/build/stm32_racedash/SrcWrapper/src/HAL/stm32yyxx_hal_uart.c.o
                0x08001020                HAL_HalfDuplex_EnableReceiver
 .text.HAL_UART_GetState
                0x08001050        0xc .pio/build/stm32_racedash/SrcWrapper/src/HAL/stm32yyxx_hal_uart.c.o
                0x08001050                HAL_UART_GetState
 .text.UART_Start_Receive_IT
                0x0800105c       0x32 .pio/build/stm32_racedash/SrcWrapper/src/HAL/stm32yyxx_hal_uart.c.o
                0x0800105c                UART_Start_Receive_IT
 .text.HAL_UART_Receive_IT
                0x0800108e       0x22 .pio/build/stm32_racedash/SrcWrapper/src/HAL/stm32yyxx_hal_uart.c.o
                0x0800108e                HAL_UART_Receive_IT
 .text._ZNSt14_Function_baseD2Ev
                0x080010b0       0x12 .pio/build/stm32_racedash/SrcWrapper/src/HardwareTimer.cpp.o
                0x080010b0                std::_Function_base::~_Function_base()
                0x080010b0                std::_Function_base::~_Function_base()
 *fill*         0x080010c2        0x2 
 .text.TIM1_UP_IRQHandler
                0x080010c4       0x14 .pio/build/stm32_racedash/SrcWrapper/src/HardwareTimer.cpp.o
                0x080010c4                TIM1_UP_IRQHandler
 .text.TIM1_CC_IRQHandler
                0x080010d8        0x4 .pio/build/stm32_racedash/SrcWrapper/src/HardwareTimer.cpp.o
                0x080010d8                TIM1_CC_IRQHandler
 .text.TIM2_IRQHandler
                0x080010dc       0x14 .pio/build/stm32_racedash/SrcWrapper/src/HardwareTimer.cpp.o
                0x080010dc                TIM2_IRQHandler
 .text.TIM3_IRQHandler
                0x080010f0       0x14 .pio/build/stm32_racedash/SrcWrapper/src/HardwareTimer.cpp.o
                0x080010f0                TIM3_IRQHandler
 .text.TIM4_IRQHandler
                0x08001104       0x14 .pio/build/stm32_racedash/SrcWrapper/src/HardwareTimer.cpp.o
                0x08001104                TIM4_IRQHandler
 .text.TIM5_IRQHandler
                0x08001118       0x14 .pio/build/stm32_racedash/SrcWrapper/src/HardwareTimer.cpp.o
                0x08001118                TIM5_IRQHandler
 .text.TIM6_IRQHandler
                0x0800112c       0x14 .pio/build/stm32_racedash/SrcWrapper/src/HardwareTimer.cpp.o
                0x0800112c                TIM6_IRQHandler
 .text.TIM7_IRQHandler
                0x08001140       0x14 .pio/build/stm32_racedash/SrcWrapper/src/HardwareTimer.cpp.o
                0x08001140                TIM7_IRQHandler
 .text.TIM8_UP_IRQHandler
                0x08001154       0x14 .pio/build/stm32_racedash/SrcWrapper/src/HardwareTimer.cpp.o
                0x08001154                TIM8_UP_IRQHandler
 .text.TIM8_CC_IRQHandler
                0x08001168        0x4 .pio/build/stm32_racedash/SrcWrapper/src/HardwareTimer.cpp.o
                0x08001168                TIM8_CC_IRQHandler
 .text._ZNKSt8functionIFvvEEclEv
                0x0800116c       0x12 .pio/build/stm32_racedash/SrcWrapper/src/HardwareTimer.cpp.o
                0x0800116c                std::function<void ()>::operator()() const
 .text._ZN13HardwareTimer14updateCallbackEP17TIM_HandleTypeDef
                0x0800117e       0x18 .pio/build/stm32_racedash/SrcWrapper/src/HardwareTimer.cpp.o
                0x0800117e                HardwareTimer::updateCallback(TIM_HandleTypeDef*)
 .text.HAL_TIM_PeriodElapsedCallback
                0x08001196        0x4 .pio/build/stm32_racedash/SrcWrapper/src/HardwareTimer.cpp.o
                0x08001196                HAL_TIM_PeriodElapsedCallback
 .text._ZN13HardwareTimer22captureCompareCallbackEP17TIM_HandleTypeDef
                0x0800119a       0x3e .pio/build/stm32_racedash/SrcWrapper/src/HardwareTimer.cpp.o
                0x0800119a                HardwareTimer::captureCompareCallback(TIM_HandleTypeDef*)
 .text.HAL_TIM_OC_DelayElapsedCallback
                0x080011d8        0x4 .pio/build/stm32_racedash/SrcWrapper/src/HardwareTimer.cpp.o
                0x080011d8                HAL_TIM_OC_DelayElapsedCallback
 .text.HAL_TIM_IC_CaptureCallback
                0x080011dc        0x4 .pio/build/stm32_racedash/SrcWrapper/src/HardwareTimer.cpp.o
                0x080011dc                HAL_TIM_IC_CaptureCallback
 .text.getCurrentMillis
                0x080011e0        0x4 .pio/build/stm32_racedash/SrcWrapper/src/stm32/clock.c.o
                0x080011e0                getCurrentMillis
 .text.noOsSystickHandler
                0x080011e4        0x2 .pio/build/stm32_racedash/SrcWrapper/src/stm32/clock.c.o
                0x080011e4                osSystickHandler
                0x080011e4                noOsSystickHandler
 .text.SysTick_Handler
                0x080011e6       0x10 .pio/build/stm32_racedash/SrcWrapper/src/stm32/clock.c.o
                0x080011e6                SysTick_Handler
 .text.configHSECapacitorTuning
                0x080011f6        0x2 .pio/build/stm32_racedash/SrcWrapper/src/stm32/clock.c.o
                0x080011f6                configHSECapacitorTuning
 .text.configIPClock
                0x080011f8       0x44 .pio/build/stm32_racedash/SrcWrapper/src/stm32/clock.c.o
                0x080011f8                configIPClock
 .text.dwt_init
                0x0800123c       0x3c .pio/build/stm32_racedash/SrcWrapper/src/stm32/dwt.c.o
                0x0800123c                dwt_init
 .text.hw_config_init
                0x08001278       0x24 .pio/build/stm32_racedash/SrcWrapper/src/stm32/hw_config.c.o
                0x08001278                hw_config_init
 .text.startup._ZNSt8functionIFvvEEC2EDn.constprop.0.isra.0
                0x0800129c        0xc .pio/build/stm32_racedash/SrcWrapper/src/stm32/interrupt.cpp.o
 .text.HAL_GPIO_EXTI_Callback
                0x080012a8       0x2c .pio/build/stm32_racedash/SrcWrapper/src/stm32/interrupt.cpp.o
                0x080012a8                HAL_GPIO_EXTI_Callback
 .text.EXTI0_IRQHandler
                0x080012d4        0x6 .pio/build/stm32_racedash/SrcWrapper/src/stm32/interrupt.cpp.o
                0x080012d4                EXTI0_IRQHandler
 .text.EXTI1_IRQHandler
                0x080012da        0x6 .pio/build/stm32_racedash/SrcWrapper/src/stm32/interrupt.cpp.o
                0x080012da                EXTI1_IRQHandler
 .text.EXTI2_IRQHandler
                0x080012e0        0x6 .pio/build/stm32_racedash/SrcWrapper/src/stm32/interrupt.cpp.o
                0x080012e0                EXTI2_IRQHandler
 .text.EXTI3_IRQHandler
                0x080012e6        0x6 .pio/build/stm32_racedash/SrcWrapper/src/stm32/interrupt.cpp.o
                0x080012e6                EXTI3_IRQHandler
 .text.EXTI4_IRQHandler
                0x080012ec        0x6 .pio/build/stm32_racedash/SrcWrapper/src/stm32/interrupt.cpp.o
                0x080012ec                EXTI4_IRQHandler
 .text.EXTI9_5_IRQHandler
                0x080012f2       0x16 .pio/build/stm32_racedash/SrcWrapper/src/stm32/interrupt.cpp.o
                0x080012f2                EXTI9_5_IRQHandler
 .text.EXTI15_10_IRQHandler
                0x08001308       0x18 .pio/build/stm32_racedash/SrcWrapper/src/stm32/interrupt.cpp.o
                0x08001308                EXTI15_10_IRQHandler
 .text.startup._GLOBAL__sub_I__Z22stm32_interrupt_enable7PinNameSt8functionIFvvEEm
                0x08001320       0xd8 .pio/build/stm32_racedash/SrcWrapper/src/stm32/interrupt.cpp.o
 .text.exit._GLOBAL__sub_D__Z22stm32_interrupt_enable7PinNameSt8functionIFvvEEm
                0x080013f8       0x1c .pio/build/stm32_racedash/SrcWrapper/src/stm32/interrupt.cpp.o
 .text.pinmap_find_peripheral
                0x08001414       0x16 .pio/build/stm32_racedash/SrcWrapper/src/stm32/pinmap.c.o
                0x08001414                pinmap_find_peripheral
 .text.pinmap_peripheral
                0x0800142a        0xc .pio/build/stm32_racedash/SrcWrapper/src/stm32/pinmap.c.o
                0x0800142a                pinmap_peripheral
 .text.pinmap_find_pin
                0x08001436       0x16 .pio/build/stm32_racedash/SrcWrapper/src/stm32/pinmap.c.o
                0x08001436                pinmap_find_pin
 .text.pinmap_pin
                0x0800144c        0xc .pio/build/stm32_racedash/SrcWrapper/src/stm32/pinmap.c.o
                0x0800144c                pinmap_pin
 .text.SystemInit
                0x08001458       0x4c .pio/build/stm32_racedash/SrcWrapper/src/stm32/system_stm32yyxx.c.o
                0x08001458                SystemInit
 .text.get_timer_obj
                0x080014a4        0x4 .pio/build/stm32_racedash/SrcWrapper/src/stm32/timer.c.o
                0x080014a4                get_timer_obj
 .text.serial_rx_active
                0x080014a8       0x24 .pio/build/stm32_racedash/SrcWrapper/src/stm32/uart.c.o
                0x080014a8                serial_rx_active
 .text.serial_tx_active
                0x080014cc       0x24 .pio/build/stm32_racedash/SrcWrapper/src/stm32/uart.c.o
                0x080014cc                serial_tx_active
 .text.uart_attach_tx_callback
                0x080014f0       0x40 .pio/build/stm32_racedash/SrcWrapper/src/stm32/uart.c.o
                0x080014f0                uart_attach_tx_callback
 .text.uart_enable_tx
                0x08001530       0x1c .pio/build/stm32_racedash/SrcWrapper/src/stm32/uart.c.o
                0x08001530                uart_enable_tx
 .text.uart_enable_rx
                0x0800154c       0x1c .pio/build/stm32_racedash/SrcWrapper/src/stm32/uart.c.o
                0x0800154c                uart_enable_rx
 .text.HAL_UART_RxCpltCallback
                0x08001568        0x6 .pio/build/stm32_racedash/SrcWrapper/src/stm32/uart.c.o
                0x08001568                HAL_UART_RxCpltCallback
 .text.HAL_UART_TxCpltCallback
                0x0800156e        0x6 .pio/build/stm32_racedash/SrcWrapper/src/stm32/uart.c.o
                0x0800156e                HAL_UART_TxCpltCallback
 .text.HAL_UART_ErrorCallback
                0x08001574       0x7c .pio/build/stm32_racedash/SrcWrapper/src/stm32/uart.c.o
                0x08001574                HAL_UART_ErrorCallback
 .text.USART1_IRQHandler
                0x080015f0       0x18 .pio/build/stm32_racedash/SrcWrapper/src/stm32/uart.c.o
                0x080015f0                USART1_IRQHandler
 .text.USART2_IRQHandler
                0x08001608       0x1c .pio/build/stm32_racedash/SrcWrapper/src/stm32/uart.c.o
                0x08001608                USART2_IRQHandler
 .text.USART3_IRQHandler
                0x08001624       0x1c .pio/build/stm32_racedash/SrcWrapper/src/stm32/uart.c.o
                0x08001624                USART3_IRQHandler
 .text.UART4_IRQHandler
                0x08001640       0x18 .pio/build/stm32_racedash/SrcWrapper/src/stm32/uart.c.o
                0x08001640                UART4_IRQHandler
 .text.UART5_IRQHandler
                0x08001658       0x18 .pio/build/stm32_racedash/SrcWrapper/src/stm32/uart.c.o
                0x08001658                UART5_IRQHandler
 .text._exit    0x08001670        0x2 .pio/build/stm32_racedash/SrcWrapper/src/syscalls.c.o
                0x08001670                _exit
 *fill*         0x08001672        0x2 
 .text._kill    0x08001674       0x10 .pio/build/stm32_racedash/SrcWrapper/src/syscalls.c.o
                0x08001674                _kill
 .text._getpid  0x08001684        0x4 .pio/build/stm32_racedash/SrcWrapper/src/syscalls.c.o
                0x08001684                _getpid
 .text.startup._Z7premainv
                0x08001688       0x10 .pio/build/stm32_racedash/libFrameworkArduino.a(main.cpp.o)
                0x08001688                premain()
 .text.startup.main
                0x08001698       0x14 .pio/build/stm32_racedash/libFrameworkArduino.a(main.cpp.o)
                0x08001698                main
 .text.Reset_Handler
                0x080016ac       0x48 .pio/build/stm32_racedash/libFrameworkArduino.a(startup_stm32yyxx.S.o)
                0x080016ac                Reset_Handler
 .text.Default_Handler
                0x080016f4        0x2 .pio/build/stm32_racedash/libFrameworkArduino.a(startup_stm32yyxx.S.o)
                0x080016f4                RTC_Alarm_IRQHandler
                0x080016f4                TIM8_TRG_COM_IRQHandler
                0x080016f4                DebugMon_Handler
                0x080016f4                HardFault_Handler
                0x080016f4                PVD_IRQHandler
                0x080016f4                SDIO_IRQHandler
                0x080016f4                PendSV_Handler
                0x080016f4                NMI_Handler
                0x080016f4                I2C2_EV_IRQHandler
                0x080016f4                UsageFault_Handler
                0x080016f4                ADC1_2_IRQHandler
                0x080016f4                SPI1_IRQHandler
                0x080016f4                TAMPER_IRQHandler
                0x080016f4                DMA2_Channel2_IRQHandler
                0x080016f4                DMA1_Channel4_IRQHandler
                0x080016f4                RTC_IRQHandler
                0x080016f4                DMA1_Channel7_IRQHandler
                0x080016f4                CAN1_RX1_IRQHandler
                0x080016f4                ADC3_IRQHandler
                0x080016f4                DMA2_Channel1_IRQHandler
                0x080016f4                I2C1_EV_IRQHandler
                0x080016f4                DMA1_Channel6_IRQHandler
                0x080016f4                RCC_IRQHandler
                0x080016f4                TIM1_TRG_COM_IRQHandler
                0x080016f4                DMA1_Channel1_IRQHandler
                0x080016f4                Default_Handler
                0x080016f4                SPI2_IRQHandler
                0x080016f4                MemManage_Handler
                0x080016f4                SVC_Handler
                0x080016f4                DMA1_Channel5_IRQHandler
                0x080016f4                USB_LP_CAN1_RX0_IRQHandler
                0x080016f4                USB_HP_CAN1_TX_IRQHandler
                0x080016f4                DMA1_Channel3_IRQHandler
                0x080016f4                FSMC_IRQHandler
                0x080016f4                WWDG_IRQHandler
                0x080016f4                TIM1_BRK_IRQHandler
                0x080016f4                DMA2_Channel4_5_IRQHandler
                0x080016f4                I2C2_ER_IRQHandler
                0x080016f4                DMA1_Channel2_IRQHandler
                0x080016f4                TIM8_BRK_IRQHandler
                0x080016f4                CAN1_SCE_IRQHandler
                0x080016f4                FLASH_IRQHandler
                0x080016f4                BusFault_Handler
                0x080016f4                SPI3_IRQHandler
                0x080016f4                I2C1_ER_IRQHandler
                0x080016f4                USBWakeUp_IRQHandler
                0x080016f4                DMA2_Channel3_IRQHandler
 *fill*         0x080016f6        0x2 
 .text._Z14serialEventRunv
                0x080016f8       0x1c .pio/build/stm32_racedash/libFrameworkArduino.a(WSerial.cpp.o)
                0x080016f8                serialEventRun()
 .text.init     0x08001714        0x4 .pio/build/stm32_racedash/libFrameworkArduino.a(board.c.o)
                0x08001714                init
 .text._ZN14HardwareSerial9availableEv
                0x08001718       0x10 .pio/build/stm32_racedash/libFrameworkArduino.a(HardwareSerial.cpp.o)
                0x08001718                HardwareSerial::available()
 .text._ZN14HardwareSerial4peekEv
                0x08001728       0x1a .pio/build/stm32_racedash/libFrameworkArduino.a(HardwareSerial.cpp.o)
                0x08001728                HardwareSerial::peek()
 .text._ZN14HardwareSerial17availableForWriteEv
                0x08001742       0x1c .pio/build/stm32_racedash/libFrameworkArduino.a(HardwareSerial.cpp.o)
                0x08001742                HardwareSerial::availableForWrite()
 .text._ZN14HardwareSerial5writeEh
                0x0800175e       0x18 .pio/build/stm32_racedash/libFrameworkArduino.a(HardwareSerial.cpp.o)
                0x0800175e                HardwareSerial::write(unsigned char)
 *fill*         0x08001776        0x2 
 .text._ZN14HardwareSerial16_tx_complete_irqEP8serial_s
                0x08001778       0x60 .pio/build/stm32_racedash/libFrameworkArduino.a(HardwareSerial.cpp.o)
                0x08001778                HardwareSerial::_tx_complete_irq(serial_s*)
 .text._ZN14HardwareSerial5writeEPKhj
                0x080017d8       0xe4 .pio/build/stm32_racedash/libFrameworkArduino.a(HardwareSerial.cpp.o)
                0x080017d8                HardwareSerial::write(unsigned char const*, unsigned int)
 .text._ZN14HardwareSerial4initE7PinNameS0_S0_S0_
                0x080018bc       0x32 .pio/build/stm32_racedash/libFrameworkArduino.a(HardwareSerial.cpp.o)
                0x080018bc                HardwareSerial::init(PinName, PinName, PinName, PinName)
 .text._ZN14HardwareSerial5flushEm
                0x080018ee       0x36 .pio/build/stm32_racedash/libFrameworkArduino.a(HardwareSerial.cpp.o)
                0x080018ee                HardwareSerial::flush(unsigned long)
 .text._ZN14HardwareSerial5flushEv
                0x08001924        0x6 .pio/build/stm32_racedash/libFrameworkArduino.a(HardwareSerial.cpp.o)
                0x08001924                HardwareSerial::flush()
 *fill*         0x0800192a        0x2 
 .text._ZN14HardwareSerial5setRxEm
                0x0800192c       0x48 .pio/build/stm32_racedash/libFrameworkArduino.a(HardwareSerial.cpp.o)
                0x0800192c                HardwareSerial::setRx(unsigned long)
 .text._ZN14HardwareSerial5setTxEm
                0x08001974       0x48 .pio/build/stm32_racedash/libFrameworkArduino.a(HardwareSerial.cpp.o)
                0x08001974                HardwareSerial::setTx(unsigned long)
 .text._ZN14HardwareSerialC2EPv16HalfDuplexMode_t
                0x080019bc       0x9c .pio/build/stm32_racedash/libFrameworkArduino.a(HardwareSerial.cpp.o)
                0x080019bc                HardwareSerial::HardwareSerial(void*, HalfDuplexMode_t)
                0x080019bc                HardwareSerial::HardwareSerial(void*, HalfDuplexMode_t)
 .text._ZN14HardwareSerial18enableHalfDuplexRxEv
                0x08001a58       0x2c .pio/build/stm32_racedash/libFrameworkArduino.a(HardwareSerial.cpp.o)
                0x08001a58                HardwareSerial::enableHalfDuplexRx()
 .text._ZN14HardwareSerial4readEv
                0x08001a84       0x2e .pio/build/stm32_racedash/libFrameworkArduino.a(HardwareSerial.cpp.o)
                0x08001a84                HardwareSerial::read()
 *fill*         0x08001ab2        0x2 
 .text.startup._GLOBAL__sub_I_Serial2
                0x08001ab4       0x14 .pio/build/stm32_racedash/libFrameworkArduino.a(HardwareSerial.cpp.o)
 .text._ZN6Stream9timedReadEv
                0x08001ac8       0x2a .pio/build/stm32_racedash/libFrameworkArduino.a(Stream.cpp.o)
                0x08001ac8                Stream::timedRead()
 .text._ZN6Stream9readBytesEPcj
                0x08001af2       0x22 .pio/build/stm32_racedash/libFrameworkArduino.a(Stream.cpp.o)
                0x08001af2                Stream::readBytes(char*, unsigned int)
 .text._ZN6Stream14readBytesUntilEcPcj
                0x08001b14       0x30 .pio/build/stm32_racedash/libFrameworkArduino.a(Stream.cpp.o)
                0x08001b14                Stream::readBytesUntil(char, char*, unsigned int)
 .text.millis   0x08001b44        0x4 .pio/build/stm32_racedash/libFrameworkArduino.a(wiring_time.c.o)
                0x08001b44                millis
 .text.unlikely._ZSt25__throw_bad_function_callv
                0x08001b48        0x6 c:/users/craft/.platformio/packages/toolchain-gccarmnoneeabi/bin/../lib/gcc/arm-none-eabi/12.3.1/../../../../arm-none-eabi/lib/thumb/v7-m/nofp\libstdc++_nano.a(functional.o)
                0x08001b48                std::__throw_bad_function_call()
 .text.abort    0x08001b4e        0xe c:/users/craft/.platformio/packages/toolchain-gccarmnoneeabi/bin/../lib/gcc/arm-none-eabi/12.3.1/../../../../arm-none-eabi/lib/thumb/v7-m/nofp\libc_nano.a(libc_a-abort.o)
                0x08001b4e                abort
 .text.memset   0x08001b5c       0x10 c:/users/craft/.platformio/packages/toolchain-gccarmnoneeabi/bin/../lib/gcc/arm-none-eabi/12.3.1/../../../../arm-none-eabi/lib/thumb/v7-m/nofp\libc_nano.a(libc_a-memset.o)
                0x08001b5c                memset
 .text._raise_r
                0x08001b6c       0x50 c:/users/craft/.platformio/packages/toolchain-gccarmnoneeabi/bin/../lib/gcc/arm-none-eabi/12.3.1/../../../../arm-none-eabi/lib/thumb/v7-m/nofp\libc_nano.a(libc_a-signal.o)
                0x08001b6c                _raise_r
 .text.raise    0x08001bbc       0x10 c:/users/craft/.platformio/packages/toolchain-gccarmnoneeabi/bin/../lib/gcc/arm-none-eabi/12.3.1/../../../../arm-none-eabi/lib/thumb/v7-m/nofp\libc_nano.a(libc_a-signal.o)
                0x08001bbc                raise
 .text._kill_r  0x08001bcc       0x24 c:/users/craft/.platformio/packages/toolchain-gccarmnoneeabi/bin/../lib/gcc/arm-none-eabi/12.3.1/../../../../arm-none-eabi/lib/thumb/v7-m/nofp\libc_nano.a(libc_a-signalr.o)
                0x08001bcc                _kill_r
 .text._getpid_r
                0x08001bf0        0x4 c:/users/craft/.platformio/packages/toolchain-gccarmnoneeabi/bin/../lib/gcc/arm-none-eabi/12.3.1/../../../../arm-none-eabi/lib/thumb/v7-m/nofp\libc_nano.a(libc_a-signalr.o)
                0x08001bf0                _getpid_r
 .text.__libc_init_array
                0x08001bf4       0x48 c:/users/craft/.platformio/packages/toolchain-gccarmnoneeabi/bin/../lib/gcc/arm-none-eabi/12.3.1/../../../../arm-none-eabi/lib/thumb/v7-m/nofp\libc_nano.a(libc_a-init.o)
                0x08001bf4                __libc_init_array
 .text.memcpy   0x08001c3c       0x1c c:/users/craft/.platformio/packages/toolchain-gccarmnoneeabi/bin/../lib/gcc/arm-none-eabi/12.3.1/../../../../arm-none-eabi/lib/thumb/v7-m/nofp\libc_nano.a(libc_a-memcpy-stub.o)
                0x08001c3c                memcpy
 *(.glue_7)
 .glue_7        0x08001c58        0x0 linker stubs
 *(.glue_7t)
 .glue_7t       0x08001c58        0x0 linker stubs
 *(.eh_frame)
 .eh_frame      0x08001c58        0x0 c:/users/craft/.platformio/packages/toolchain-gccarmnoneeabi/bin/../lib/gcc/arm-none-eabi/12.3.1/thumb/v7-m/nofp/crtbegin.o
 *(.init)
 .init          0x08001c58        0x4 c:/users/craft/.platformio/packages/toolchain-gccarmnoneeabi/bin/../lib/gcc/arm-none-eabi/12.3.1/thumb/v7-m/nofp/crti.o
                0x08001c58                _init
 .init          0x08001c5c        0x8 c:/users/craft/.platformio/packages/toolchain-gccarmnoneeabi/bin/../lib/gcc/arm-none-eabi/12.3.1/thumb/v7-m/nofp/crtn.o
 *(.fini)
 .fini          0x08001c64        0x4 c:/users/craft/.platformio/packages/toolchain-gccarmnoneeabi/bin/../lib/gcc/arm-none-eabi/12.3.1/thumb/v7-m/nofp/crti.o
                0x08001c64                _fini
 .fini          0x08001c68        0x8 c:/users/craft/.platformio/packages/toolchain-gccarmnoneeabi/bin/../lib/gcc/arm-none-eabi/12.3.1/thumb/v7-m/nofp/crtn.o
                0x08001c70                        . = ALIGN (0x4)
                0x08001c70                        _etext = .

.vfp11_veneer   0x08001c70        0x0
 .vfp11_veneer  0x08001c70        0x0 linker stubs

.v4_bx          0x08001c70        0x0
 .v4_bx         0x08001c70        0x0 linker stubs

.iplt           0x08001c70        0x0
 .iplt          0x08001c70        0x0 c:/users/craft/.platformio/packages/toolchain-gccarmnoneeabi/bin/../lib/gcc/arm-none-eabi/12.3.1/thumb/v7-m/nofp/crtbegin.o

.rodata         0x08001c70      0x21c
                0x08001c70                        . = ALIGN (0x4)
 *(.rodata)
 *(.rodata*)
 .rodata.PinMap_UART_RX
                0x08001c70       0x60 .pio/build/stm32_racedash/FrameworkArduinoVariant/PeripheralPins.c.o
                0x08001c70                PinMap_UART_RX
 .rodata.PinMap_UART_TX
                0x08001cd0       0x60 .pio/build/stm32_racedash/FrameworkArduinoVariant/PeripheralPins.c.o
                0x08001cd0                PinMap_UART_TX
 .rodata.analogInputPin
                0x08001d30       0x40 .pio/build/stm32_racedash/FrameworkArduinoVariant/variant_generic.cpp.o
                0x08001d30                analogInputPin
 .rodata.digitalPin
                0x08001d70       0xcc .pio/build/stm32_racedash/FrameworkArduinoVariant/variant_generic.cpp.o
                0x08001d70                digitalPin
 .rodata.aPredivFactorTable.0
                0x08001e3c        0x2 .pio/build/stm32_racedash/SrcWrapper/src/HAL/stm32yyxx_hal_rcc.c.o
 .rodata.aPLLMULFactorTable.1
                0x08001e3e       0x10 .pio/build/stm32_racedash/SrcWrapper/src/HAL/stm32yyxx_hal_rcc.c.o
 .rodata.AHBPrescTable
                0x08001e4e       0x10 .pio/build/stm32_racedash/SrcWrapper/src/stm32/system_stm32yyxx.c.o
                0x08001e4e                AHBPrescTable
 *fill*         0x08001e5e        0x2 
 .rodata._ZTV14HardwareSerial
                0x08001e60       0x2c .pio/build/stm32_racedash/libFrameworkArduino.a(HardwareSerial.cpp.o)
                0x08001e60                vtable for HardwareSerial
                0x08001e8c                        . = ALIGN (0x4)

.ARM.extab      0x08001e8c        0x0
                0x08001e8c                        . = ALIGN (0x4)
 *(.ARM.extab* .gnu.linkonce.armextab.*)
                0x08001e8c                        . = ALIGN (0x4)

.ARM            0x08001e8c        0x0
                0x08001e8c                        . = ALIGN (0x4)
                0x08001e8c                        __exidx_start = .
 *(.ARM.exidx*)
                0x08001e8c                        __exidx_end = .
                0x08001e8c                        . = ALIGN (0x4)

.preinit_array  0x08001e8c        0x0
                0x08001e8c                        . = ALIGN (0x4)
                0x08001e8c                        PROVIDE (__preinit_array_start = .)
 *(.preinit_array*)
                0x08001e8c                        PROVIDE (__preinit_array_end = .)
                0x08001e8c                        . = ALIGN (0x4)

.init_array     0x08001e8c       0x10
                0x08001e8c                        . = ALIGN (0x4)
                0x08001e8c                        PROVIDE (__init_array_start = .)
 *(SORT_BY_NAME(.init_array.*))
 .init_array.00101
                0x08001e8c        0x4 .pio/build/stm32_racedash/libFrameworkArduino.a(main.cpp.o)
 *(.init_array*)
 .init_array    0x08001e90        0x4 c:/users/craft/.platformio/packages/toolchain-gccarmnoneeabi/bin/../lib/gcc/arm-none-eabi/12.3.1/thumb/v7-m/nofp/crtbegin.o
 .init_array    0x08001e94        0x4 .pio/build/stm32_racedash/SrcWrapper/src/stm32/interrupt.cpp.o
 .init_array    0x08001e98        0x4 .pio/build/stm32_racedash/libFrameworkArduino.a(HardwareSerial.cpp.o)
                0x08001e9c                        PROVIDE (__init_array_end = .)
                0x08001e9c                        . = ALIGN (0x4)

.fini_array     0x08001e9c        0x8
                0x08001e9c                        . = ALIGN (0x4)
                0x08001e9c                        PROVIDE (__fini_array_start = .)
 *(SORT_BY_NAME(.fini_array.*))
 *(.fini_array*)
 .fini_array    0x08001e9c        0x4 c:/users/craft/.platformio/packages/toolchain-gccarmnoneeabi/bin/../lib/gcc/arm-none-eabi/12.3.1/thumb/v7-m/nofp/crtbegin.o
 .fini_array    0x08001ea0        0x4 .pio/build/stm32_racedash/SrcWrapper/src/stm32/interrupt.cpp.o
                0x08001ea4                        PROVIDE (__fini_array_end = .)
                0x08001ea4                        . = ALIGN (0x4)
                0x08001ea4                        _sidata = LOADADDR (.data)

.rel.dyn        0x08001ea4        0x0
 .rel.iplt      0x08001ea4        0x0 c:/users/craft/.platformio/packages/toolchain-gccarmnoneeabi/bin/../lib/gcc/arm-none-eabi/12.3.1/thumb/v7-m/nofp/crtbegin.o

.data           0x20000000       0x64 load address 0x08001ea4
                0x20000000                        . = ALIGN (0x4)
                0x20000000                        _sdata = .
 *(.data)
 *(.data*)
 .data.uwTickFreq
                0x20000000        0x1 .pio/build/stm32_racedash/SrcWrapper/src/HAL/stm32yyxx_hal.c.o
                0x20000000                uwTickFreq
 *fill*         0x20000001        0x3 
 .data.uwTickPrio
                0x20000004        0x4 .pio/build/stm32_racedash/SrcWrapper/src/HAL/stm32yyxx_hal.c.o
                0x20000004                uwTickPrio
 .data.hcrc     0x20000008        0x8 .pio/build/stm32_racedash/SrcWrapper/src/stm32/hw_config.c.o
                0x20000008                hcrc
 .data.SystemCoreClock
                0x20000010        0x4 .pio/build/stm32_racedash/SrcWrapper/src/stm32/system_stm32yyxx.c.o
                0x20000010                SystemCoreClock
 .data._impure_ptr
                0x20000014        0x4 c:/users/craft/.platformio/packages/toolchain-gccarmnoneeabi/bin/../lib/gcc/arm-none-eabi/12.3.1/../../../../arm-none-eabi/lib/thumb/v7-m/nofp\libc_nano.a(libc_a-impure.o)
                0x20000014                _impure_ptr
 .data._impure_data
                0x20000018       0x4c c:/users/craft/.platformio/packages/toolchain-gccarmnoneeabi/bin/../lib/gcc/arm-none-eabi/12.3.1/../../../../arm-none-eabi/lib/thumb/v7-m/nofp\libc_nano.a(libc_a-impure.o)
                0x20000018                _impure_data
 *(.RamFunc)
 *(.RamFunc*)
                0x20000064                        . = ALIGN (0x4)
                0x20000064                        _edata = .

.igot.plt       0x20000064        0x0 load address 0x08001f08
 .igot.plt      0x20000064        0x0 c:/users/craft/.platformio/packages/toolchain-gccarmnoneeabi/bin/../lib/gcc/arm-none-eabi/12.3.1/thumb/v7-m/nofp/crtbegin.o
                0x20000064                        . = ALIGN (0x4)

.bss            0x20000064      0x3e8 load address 0x08001f08
                0x20000064                        _sbss = .
                0x20000064                        __bss_start__ = _sbss
 *(.bss)
 *(.bss*)
 .bss.completed.1
                0x20000064        0x1 c:/users/craft/.platformio/packages/toolchain-gccarmnoneeabi/bin/../lib/gcc/arm-none-eabi/12.3.1/thumb/v7-m/nofp/crtbegin.o
 *fill*         0x20000065        0x3 
 .bss.object.0  0x20000068       0x18 c:/users/craft/.platformio/packages/toolchain-gccarmnoneeabi/bin/../lib/gcc/arm-none-eabi/12.3.1/thumb/v7-m/nofp/crtbegin.o
 .bss.uwTick    0x20000080        0x4 .pio/build/stm32_racedash/SrcWrapper/src/HAL/stm32yyxx_hal.c.o
                0x20000080                uwTick
 .bss.HardwareTimer_Handle
                0x20000084       0x20 .pio/build/stm32_racedash/SrcWrapper/src/HardwareTimer.cpp.o
                0x20000084                HardwareTimer_Handle
 .bss._ZL13gpio_irq_conf
                0x200000a4      0x140 .pio/build/stm32_racedash/SrcWrapper/src/stm32/interrupt.cpp.o
 .bss.uart_handlers
                0x200001e4       0x14 .pio/build/stm32_racedash/SrcWrapper/src/stm32/uart.c.o
 .bss.Serial2   0x200001f8      0x118 .pio/build/stm32_racedash/libFrameworkArduino.a(HardwareSerial.cpp.o)
                0x200001f8                Serial2
 .bss.__sf      0x20000310      0x138 c:/users/craft/.platformio/packages/toolchain-gccarmnoneeabi/bin/../lib/gcc/arm-none-eabi/12.3.1/../../../../arm-none-eabi/lib/thumb/v7-m/nofp\libc_nano.a(libc_a-findfp.o)
                0x20000310                __sf
 .bss.errno     0x20000448        0x4 c:/users/craft/.platformio/packages/toolchain-gccarmnoneeabi/bin/../lib/gcc/arm-none-eabi/12.3.1/../../../../arm-none-eabi/lib/thumb/v7-m/nofp\libc_nano.a(libc_a-reent.o)
                0x20000448                errno
 *(COMMON)
                0x2000044c                        . = ALIGN (0x4)
                0x2000044c                        _ebss = .
                0x2000044c                        __bss_end__ = _ebss
LOAD c:/users/craft/.platformio/packages/toolchain-gccarmnoneeabi/bin/../lib/gcc/arm-none-eabi/12.3.1/thumb/v7-m/nofp/crti.o
LOAD c:/users/craft/.platformio/packages/toolchain-gccarmnoneeabi/bin/../lib/gcc/arm-none-eabi/12.3.1/thumb/v7-m/nofp/crtbegin.o
LOAD c:/users/craft/.platformio/packages/toolchain-gccarmnoneeabi/bin/../lib/gcc/arm-none-eabi/12.3.1/../../../../arm-none-eabi/lib/thumb/v7-m/nofp/crt0.o
                0x00040000                        LD_MAX_SIZE = 0x40000
                0x0000c000                        LD_MAX_DATA_SIZE = 0xc000
                0x00000000                        LD_FLASH_OFFSET = 0x0
LOAD .pio/build/stm32_racedash/FrameworkArduinoVariant/PeripheralPins.c.o
LOAD .pio/build/stm32_racedash/FrameworkArduinoVariant/PeripheralPins_STORM32_V1_31_RC.c.o
LOAD .pio/build/stm32_racedash/FrameworkArduinoVariant/generic_clock.c.o
LOAD .pio/build/stm32_racedash/FrameworkArduinoVariant/variant_BLUEBUTTON_F103RxT.cpp.o
LOAD .pio/build/stm32_racedash/FrameworkArduinoVariant/variant_STORM32_V1_31_RC.cpp.o
LOAD .pio/build/stm32_racedash/FrameworkArduinoVariant/variant_generic.cpp.o
LOAD .pio/build/stm32_racedash/SrcWrapper/src/HAL/stm32yyxx_hal.c.o
LOAD .pio/build/stm32_racedash/SrcWrapper/src/HAL/stm32yyxx_hal_adc.c.o
LOAD .pio/build/stm32_racedash/SrcWrapper/src/HAL/stm32yyxx_hal_adc_ex.c.o
LOAD .pio/build/stm32_racedash/SrcWrapper/src/HAL/stm32yyxx_hal_can.c.o
LOAD .pio/build/stm32_racedash/SrcWrapper/src/HAL/stm32yyxx_hal_ccb.c.o
LOAD .pio/build/stm32_racedash/SrcWrapper/src/HAL/stm32yyxx_hal_cec.c.o
LOAD .pio/build/stm32_racedash/SrcWrapper/src/HAL/stm32yyxx_hal_comp.c.o
LOAD .pio/build/stm32_racedash/SrcWrapper/src/HAL/stm32yyxx_hal_comp_ex.c.o
LOAD .pio/build/stm32_racedash/SrcWrapper/src/HAL/stm32yyxx_hal_cordic.c.o
LOAD .pio/build/stm32_racedash/SrcWrapper/src/HAL/stm32yyxx_hal_cortex.c.o
LOAD .pio/build/stm32_racedash/SrcWrapper/src/HAL/stm32yyxx_hal_crc.c.o
LOAD .pio/build/stm32_racedash/SrcWrapper/src/HAL/stm32yyxx_hal_crc_ex.c.o
LOAD .pio/build/stm32_racedash/SrcWrapper/src/HAL/stm32yyxx_hal_cryp.c.o
LOAD .pio/build/stm32_racedash/SrcWrapper/src/HAL/stm32yyxx_hal_cryp_ex.c.o
LOAD .pio/build/stm32_racedash/SrcWrapper/src/HAL/stm32yyxx_hal_dac.c.o
LOAD .pio/build/stm32_racedash/SrcWrapper/src/HAL/stm32yyxx_hal_dac_ex.c.o
LOAD .pio/build/stm32_racedash/SrcWrapper/src/HAL/stm32yyxx_hal_dcache.c.o
LOAD .pio/build/stm32_racedash/SrcWrapper/src/HAL/stm32yyxx_hal_dcmi.c.o
LOAD .pio/build/stm32_racedash/SrcWrapper/src/HAL/stm32yyxx_hal_dcmi_ex.c.o
LOAD .pio/build/stm32_racedash/SrcWrapper/src/HAL/stm32yyxx_hal_dfsdm.c.o
LOAD .pio/build/stm32_racedash/SrcWrapper/src/HAL/stm32yyxx_hal_dfsdm_ex.c.o
LOAD .pio/build/stm32_racedash/SrcWrapper/src/HAL/stm32yyxx_hal_dma.c.o
LOAD .pio/build/stm32_racedash/SrcWrapper/src/HAL/stm32yyxx_hal_dma2d.c.o
LOAD .pio/build/stm32_racedash/SrcWrapper/src/HAL/stm32yyxx_hal_dma_ex.c.o
LOAD .pio/build/stm32_racedash/SrcWrapper/src/HAL/stm32yyxx_hal_dsi.c.o
LOAD .pio/build/stm32_racedash/SrcWrapper/src/HAL/stm32yyxx_hal_dts.c.o
LOAD .pio/build/stm32_racedash/SrcWrapper/src/HAL/stm32yyxx_hal_eth.c.o
LOAD .pio/build/stm32_racedash/SrcWrapper/src/HAL/stm32yyxx_hal_eth_ex.c.o
LOAD .pio/build/stm32_racedash/SrcWrapper/src/HAL/stm32yyxx_hal_exti.c.o
LOAD .pio/build/stm32_racedash/SrcWrapper/src/HAL/stm32yyxx_hal_fdcan.c.o
LOAD .pio/build/stm32_racedash/SrcWrapper/src/HAL/stm32yyxx_hal_firewall.c.o
LOAD .pio/build/stm32_racedash/SrcWrapper/src/HAL/stm32yyxx_hal_flash.c.o
LOAD .pio/build/stm32_racedash/SrcWrapper/src/HAL/stm32yyxx_hal_flash_ex.c.o
LOAD .pio/build/stm32_racedash/SrcWrapper/src/HAL/stm32yyxx_hal_flash_ramfunc.c.o
LOAD .pio/build/stm32_racedash/SrcWrapper/src/HAL/stm32yyxx_hal_fmac.c.o
LOAD .pio/build/stm32_racedash/SrcWrapper/src/HAL/stm32yyxx_hal_fmpi2c.c.o
LOAD .pio/build/stm32_racedash/SrcWrapper/src/HAL/stm32yyxx_hal_fmpi2c_ex.c.o
LOAD .pio/build/stm32_racedash/SrcWrapper/src/HAL/stm32yyxx_hal_fmpsmbus.c.o
LOAD .pio/build/stm32_racedash/SrcWrapper/src/HAL/stm32yyxx_hal_fmpsmbus_ex.c.o
LOAD .pio/build/stm32_racedash/SrcWrapper/src/HAL/stm32yyxx_hal_gfxmmu.c.o
LOAD .pio/build/stm32_racedash/SrcWrapper/src/HAL/stm32yyxx_hal_gfxtim.c.o
LOAD .pio/build/stm32_racedash/SrcWrapper/src/HAL/stm32yyxx_hal_gpio.c.o
LOAD .pio/build/stm32_racedash/SrcWrapper/src/HAL/stm32yyxx_hal_gpio_ex.c.o
LOAD .pio/build/stm32_racedash/SrcWrapper/src/HAL/stm32yyxx_hal_gpu2d.c.o
LOAD .pio/build/stm32_racedash/SrcWrapper/src/HAL/stm32yyxx_hal_gtzc.c.o
LOAD .pio/build/stm32_racedash/SrcWrapper/src/HAL/stm32yyxx_hal_hash.c.o
LOAD .pio/build/stm32_racedash/SrcWrapper/src/HAL/stm32yyxx_hal_hash_ex.c.o
LOAD .pio/build/stm32_racedash/SrcWrapper/src/HAL/stm32yyxx_hal_hcd.c.o
LOAD .pio/build/stm32_racedash/SrcWrapper/src/HAL/stm32yyxx_hal_hrtim.c.o
LOAD .pio/build/stm32_racedash/SrcWrapper/src/HAL/stm32yyxx_hal_hsem.c.o
LOAD .pio/build/stm32_racedash/SrcWrapper/src/HAL/stm32yyxx_hal_i2c.c.o
LOAD .pio/build/stm32_racedash/SrcWrapper/src/HAL/stm32yyxx_hal_i2c_ex.c.o
LOAD .pio/build/stm32_racedash/SrcWrapper/src/HAL/stm32yyxx_hal_i2s.c.o
LOAD .pio/build/stm32_racedash/SrcWrapper/src/HAL/stm32yyxx_hal_i2s_ex.c.o
LOAD .pio/build/stm32_racedash/SrcWrapper/src/HAL/stm32yyxx_hal_i3c.c.o
LOAD .pio/build/stm32_racedash/SrcWrapper/src/HAL/stm32yyxx_hal_icache.c.o
LOAD .pio/build/stm32_racedash/SrcWrapper/src/HAL/stm32yyxx_hal_ipcc.c.o
LOAD .pio/build/stm32_racedash/SrcWrapper/src/HAL/stm32yyxx_hal_irda.c.o
LOAD .pio/build/stm32_racedash/SrcWrapper/src/HAL/stm32yyxx_hal_iwdg.c.o
LOAD .pio/build/stm32_racedash/SrcWrapper/src/HAL/stm32yyxx_hal_jpeg.c.o
LOAD .pio/build/stm32_racedash/SrcWrapper/src/HAL/stm32yyxx_hal_lcd.c.o
LOAD .pio/build/stm32_racedash/SrcWrapper/src/HAL/stm32yyxx_hal_lpawur.c.o
LOAD .pio/build/stm32_racedash/SrcWrapper/src/HAL/stm32yyxx_hal_lptim.c.o
LOAD .pio/build/stm32_racedash/SrcWrapper/src/HAL/stm32yyxx_hal_ltdc.c.o
LOAD .pio/build/stm32_racedash/SrcWrapper/src/HAL/stm32yyxx_hal_ltdc_ex.c.o
LOAD .pio/build/stm32_racedash/SrcWrapper/src/HAL/stm32yyxx_hal_mdf.c.o
LOAD .pio/build/stm32_racedash/SrcWrapper/src/HAL/stm32yyxx_hal_mdios.c.o
LOAD .pio/build/stm32_racedash/SrcWrapper/src/HAL/stm32yyxx_hal_mdma.c.o
LOAD .pio/build/stm32_racedash/SrcWrapper/src/HAL/stm32yyxx_hal_mmc.c.o
LOAD .pio/build/stm32_racedash/SrcWrapper/src/HAL/stm32yyxx_hal_mmc_ex.c.o
LOAD .pio/build/stm32_racedash/SrcWrapper/src/HAL/stm32yyxx_hal_mrsubg.c.o
LOAD .pio/build/stm32_racedash/SrcWrapper/src/HAL/stm32yyxx_hal_mrsubg_timer.c.o
LOAD .pio/build/stm32_racedash/SrcWrapper/src/HAL/stm32yyxx_hal_nand.c.o
LOAD .pio/build/stm32_racedash/SrcWrapper/src/HAL/stm32yyxx_hal_nor.c.o
LOAD .pio/build/stm32_racedash/SrcWrapper/src/HAL/stm32yyxx_hal_opamp.c.o
LOAD .pio/build/stm32_racedash/SrcWrapper/src/HAL/stm32yyxx_hal_opamp_ex.c.o
LOAD .pio/build/stm32_racedash/SrcWrapper/src/HAL/stm32yyxx_hal_ospi.c.o
LOAD .pio/build/stm32_racedash/SrcWrapper/src/HAL/stm32yyxx_hal_otfdec.c.o
LOAD .pio/build/stm32_racedash/SrcWrapper/src/HAL/stm32yyxx_hal_pccard.c.o
LOAD .pio/build/stm32_racedash/SrcWrapper/src/HAL/stm32yyxx_hal_pcd.c.o
LOAD .pio/build/stm32_racedash/SrcWrapper/src/HAL/stm32yyxx_hal_pcd_ex.c.o
LOAD .pio/build/stm32_racedash/SrcWrapper/src/HAL/stm32yyxx_hal_pka.c.o
LOAD .pio/build/stm32_racedash/SrcWrapper/src/HAL/stm32yyxx_hal_pssi.c.o
LOAD .pio/build/stm32_racedash/SrcWrapper/src/HAL/stm32yyxx_hal_pwr.c.o
LOAD .pio/build/stm32_racedash/SrcWrapper/src/HAL/stm32yyxx_hal_pwr_ex.c.o
LOAD .pio/build/stm32_racedash/SrcWrapper/src/HAL/stm32yyxx_hal_qspi.c.o
LOAD .pio/build/stm32_racedash/SrcWrapper/src/HAL/stm32yyxx_hal_radio.c.o
LOAD .pio/build/stm32_racedash/SrcWrapper/src/HAL/stm32yyxx_hal_radio_timer.c.o
LOAD .pio/build/stm32_racedash/SrcWrapper/src/HAL/stm32yyxx_hal_ramcfg.c.o
LOAD .pio/build/stm32_racedash/SrcWrapper/src/HAL/stm32yyxx_hal_ramecc.c.o
LOAD .pio/build/stm32_racedash/SrcWrapper/src/HAL/stm32yyxx_hal_rcc.c.o
LOAD .pio/build/stm32_racedash/SrcWrapper/src/HAL/stm32yyxx_hal_rcc_ex.c.o
LOAD .pio/build/stm32_racedash/SrcWrapper/src/HAL/stm32yyxx_hal_rng.c.o
LOAD .pio/build/stm32_racedash/SrcWrapper/src/HAL/stm32yyxx_hal_rng_ex.c.o
LOAD .pio/build/stm32_racedash/SrcWrapper/src/HAL/stm32yyxx_hal_rtc.c.o
LOAD .pio/build/stm32_racedash/SrcWrapper/src/HAL/stm32yyxx_hal_rtc_ex.c.o
LOAD .pio/build/stm32_racedash/SrcWrapper/src/HAL/stm32yyxx_hal_sai.c.o
LOAD .pio/build/stm32_racedash/SrcWrapper/src/HAL/stm32yyxx_hal_sai_ex.c.o
LOAD .pio/build/stm32_racedash/SrcWrapper/src/HAL/stm32yyxx_hal_sd.c.o
LOAD .pio/build/stm32_racedash/SrcWrapper/src/HAL/stm32yyxx_hal_sd_ex.c.o
LOAD .pio/build/stm32_racedash/SrcWrapper/src/HAL/stm32yyxx_hal_sdadc.c.o
LOAD .pio/build/stm32_racedash/SrcWrapper/src/HAL/stm32yyxx_hal_sdio.c.o
LOAD .pio/build/stm32_racedash/SrcWrapper/src/HAL/stm32yyxx_hal_sdram.c.o
LOAD .pio/build/stm32_racedash/SrcWrapper/src/HAL/stm32yyxx_hal_smartcard.c.o
LOAD .pio/build/stm32_racedash/SrcWrapper/src/HAL/stm32yyxx_hal_smartcard_ex.c.o
LOAD .pio/build/stm32_racedash/SrcWrapper/src/HAL/stm32yyxx_hal_smbus.c.o
LOAD .pio/build/stm32_racedash/SrcWrapper/src/HAL/stm32yyxx_hal_smbus_ex.c.o
LOAD .pio/build/stm32_racedash/SrcWrapper/src/HAL/stm32yyxx_hal_spdifrx.c.o
LOAD .pio/build/stm32_racedash/SrcWrapper/src/HAL/stm32yyxx_hal_spi.c.o
LOAD .pio/build/stm32_racedash/SrcWrapper/src/HAL/stm32yyxx_hal_spi_ex.c.o
LOAD .pio/build/stm32_racedash/SrcWrapper/src/HAL/stm32yyxx_hal_sram.c.o
LOAD .pio/build/stm32_racedash/SrcWrapper/src/HAL/stm32yyxx_hal_subghz.c.o
LOAD .pio/build/stm32_racedash/SrcWrapper/src/HAL/stm32yyxx_hal_swpmi.c.o
LOAD .pio/build/stm32_racedash/SrcWrapper/src/HAL/stm32yyxx_hal_tim.c.o
LOAD .pio/build/stm32_racedash/SrcWrapper/src/HAL/stm32yyxx_hal_tim_ex.c.o
LOAD .pio/build/stm32_racedash/SrcWrapper/src/HAL/stm32yyxx_hal_tsc.c.o
LOAD .pio/build/stm32_racedash/SrcWrapper/src/HAL/stm32yyxx_hal_uart.c.o
LOAD .pio/build/stm32_racedash/SrcWrapper/src/HAL/stm32yyxx_hal_uart_ex.c.o
LOAD .pio/build/stm32_racedash/SrcWrapper/src/HAL/stm32yyxx_hal_usart.c.o
LOAD .pio/build/stm32_racedash/SrcWrapper/src/HAL/stm32yyxx_hal_usart_ex.c.o
LOAD .pio/build/stm32_racedash/SrcWrapper/src/HAL/stm32yyxx_hal_wwdg.c.o
LOAD .pio/build/stm32_racedash/SrcWrapper/src/HAL/stm32yyxx_hal_xspi.c.o
LOAD .pio/build/stm32_racedash/SrcWrapper/src/HardwareTimer.cpp.o
LOAD .pio/build/stm32_racedash/SrcWrapper/src/LL/stm32yyxx_ll_adc.c.o
LOAD .pio/build/stm32_racedash/SrcWrapper/src/LL/stm32yyxx_ll_bdma.c.o
LOAD .pio/build/stm32_racedash/SrcWrapper/src/LL/stm32yyxx_ll_comp.c.o
LOAD .pio/build/stm32_racedash/SrcWrapper/src/LL/stm32yyxx_ll_cordic.c.o
LOAD .pio/build/stm32_racedash/SrcWrapper/src/LL/stm32yyxx_ll_crc.c.o
LOAD .pio/build/stm32_racedash/SrcWrapper/src/LL/stm32yyxx_ll_crs.c.o
LOAD .pio/build/stm32_racedash/SrcWrapper/src/LL/stm32yyxx_ll_dac.c.o
LOAD .pio/build/stm32_racedash/SrcWrapper/src/LL/stm32yyxx_ll_delayblock.c.o
LOAD .pio/build/stm32_racedash/SrcWrapper/src/LL/stm32yyxx_ll_dlyb.c.o
LOAD .pio/build/stm32_racedash/SrcWrapper/src/LL/stm32yyxx_ll_dma.c.o
LOAD .pio/build/stm32_racedash/SrcWrapper/src/LL/stm32yyxx_ll_dma2d.c.o
LOAD .pio/build/stm32_racedash/SrcWrapper/src/LL/stm32yyxx_ll_exti.c.o
LOAD .pio/build/stm32_racedash/SrcWrapper/src/LL/stm32yyxx_ll_fmac.c.o
LOAD .pio/build/stm32_racedash/SrcWrapper/src/LL/stm32yyxx_ll_fmc.c.o
LOAD .pio/build/stm32_racedash/SrcWrapper/src/LL/stm32yyxx_ll_fmpi2c.c.o
LOAD .pio/build/stm32_racedash/SrcWrapper/src/LL/stm32yyxx_ll_fsmc.c.o
LOAD .pio/build/stm32_racedash/SrcWrapper/src/LL/stm32yyxx_ll_gpio.c.o
LOAD .pio/build/stm32_racedash/SrcWrapper/src/LL/stm32yyxx_ll_hrtim.c.o
LOAD .pio/build/stm32_racedash/SrcWrapper/src/LL/stm32yyxx_ll_i2c.c.o
LOAD .pio/build/stm32_racedash/SrcWrapper/src/LL/stm32yyxx_ll_i3c.c.o
LOAD .pio/build/stm32_racedash/SrcWrapper/src/LL/stm32yyxx_ll_icache.c.o
LOAD .pio/build/stm32_racedash/SrcWrapper/src/LL/stm32yyxx_ll_lcsc.c.o
LOAD .pio/build/stm32_racedash/SrcWrapper/src/LL/stm32yyxx_ll_lpgpio.c.o
LOAD .pio/build/stm32_racedash/SrcWrapper/src/LL/stm32yyxx_ll_lptim.c.o
LOAD .pio/build/stm32_racedash/SrcWrapper/src/LL/stm32yyxx_ll_lpuart.c.o
LOAD .pio/build/stm32_racedash/SrcWrapper/src/LL/stm32yyxx_ll_mdma.c.o
LOAD .pio/build/stm32_racedash/SrcWrapper/src/LL/stm32yyxx_ll_opamp.c.o
LOAD .pio/build/stm32_racedash/SrcWrapper/src/LL/stm32yyxx_ll_pka.c.o
LOAD .pio/build/stm32_racedash/SrcWrapper/src/LL/stm32yyxx_ll_pwr.c.o
LOAD .pio/build/stm32_racedash/SrcWrapper/src/LL/stm32yyxx_ll_rcc.c.o
LOAD .pio/build/stm32_racedash/SrcWrapper/src/LL/stm32yyxx_ll_rng.c.o
LOAD .pio/build/stm32_racedash/SrcWrapper/src/LL/stm32yyxx_ll_rtc.c.o
LOAD .pio/build/stm32_racedash/SrcWrapper/src/LL/stm32yyxx_ll_sdmmc.c.o
LOAD .pio/build/stm32_racedash/SrcWrapper/src/LL/stm32yyxx_ll_spi.c.o
LOAD .pio/build/stm32_racedash/SrcWrapper/src/LL/stm32yyxx_ll_swpmi.c.o
LOAD .pio/build/stm32_racedash/SrcWrapper/src/LL/stm32yyxx_ll_system.c.o
LOAD .pio/build/stm32_racedash/SrcWrapper/src/LL/stm32yyxx_ll_tim.c.o
LOAD .pio/build/stm32_racedash/SrcWrapper/src/LL/stm32yyxx_ll_ucpd.c.o
LOAD .pio/build/stm32_racedash/SrcWrapper/src/LL/stm32yyxx_ll_usart.c.o
LOAD .pio/build/stm32_racedash/SrcWrapper/src/LL/stm32yyxx_ll_usb.c.o
LOAD .pio/build/stm32_racedash/SrcWrapper/src/LL/stm32yyxx_ll_utils.c.o
LOAD .pio/build/stm32_racedash/SrcWrapper/src/new.cpp.o
LOAD .pio/build/stm32_racedash/SrcWrapper/src/stm32/PortNames.c.o
LOAD .pio/build/stm32_racedash/SrcWrapper/src/stm32/analog.cpp.o
LOAD .pio/build/stm32_racedash/SrcWrapper/src/stm32/bootloader.c.o
LOAD .pio/build/stm32_racedash/SrcWrapper/src/stm32/clock.c.o
LOAD .pio/build/stm32_racedash/SrcWrapper/src/stm32/core_callback.c.o
LOAD .pio/build/stm32_racedash/SrcWrapper/src/stm32/dwt.c.o
LOAD .pio/build/stm32_racedash/SrcWrapper/src/stm32/hw_config.c.o
LOAD .pio/build/stm32_racedash/SrcWrapper/src/stm32/interrupt.cpp.o
LOAD .pio/build/stm32_racedash/SrcWrapper/src/stm32/otp.c.o
LOAD .pio/build/stm32_racedash/SrcWrapper/src/stm32/pinmap.c.o
LOAD .pio/build/stm32_racedash/SrcWrapper/src/stm32/stm32_def.c.o
LOAD .pio/build/stm32_racedash/SrcWrapper/src/stm32/system_stm32yyxx.c.o
LOAD .pio/build/stm32_racedash/SrcWrapper/src/stm32/timer.c.o
LOAD .pio/build/stm32_racedash/SrcWrapper/src/stm32/uart.c.o
LOAD .pio/build/stm32_racedash/SrcWrapper/src/syscalls.c.o
START GROUP
LOAD .pio/build/stm32_racedash/lib7ce/libSPI.a
LOAD .pio/build/stm32_racedash/lib093/libSD.a
LOAD .pio/build/stm32_racedash/lib538/libTinyGPSPlus.a
LOAD .pio/build/stm32_racedash/libFrameworkArduino.a
LOAD c:/users/craft/.platformio/packages/toolchain-gccarmnoneeabi/bin/../lib/gcc/arm-none-eabi/12.3.1/thumb/v7-m/nofp\libgcc.a
LOAD c:/users/craft/.platformio/packages/toolchain-gccarmnoneeabi/bin/../lib/gcc/arm-none-eabi/12.3.1/../../../../arm-none-eabi/lib/thumb/v7-m/nofp\libstdc++_nano.a
END GROUP
LOAD c:/users/craft/.platformio/packages/toolchain-gccarmnoneeabi/bin/../lib/gcc/arm-none-eabi/12.3.1/../../../../arm-none-eabi/lib/thumb/v7-m/nofp\libstdc++_nano.a
LOAD c:/users/craft/.platformio/packages/toolchain-gccarmnoneeabi/bin/../lib/gcc/arm-none-eabi/12.3.1/../../../../arm-none-eabi/lib/thumb/v7-m/nofp\libm.a
LOAD c:/users/craft/.platformio/packages/toolchain-gccarmnoneeabi/bin/../lib/gcc/arm-none-eabi/12.3.1/../../../../arm-none-eabi/lib/thumb/v7-m/nofp\libc_nano.a
START GROUP
LOAD c:/users/craft/.platformio/packages/toolchain-gccarmnoneeabi/bin/../lib/gcc/arm-none-eabi/12.3.1/thumb/v7-m/nofp\libgcc.a
LOAD c:/users/craft/.platformio/packages/toolchain-gccarmnoneeabi/bin/../lib/gcc/arm-none-eabi/12.3.1/../../../../arm-none-eabi/lib/thumb/v7-m/nofp\libc_nano.a
END GROUP
START GROUP
LOAD c:/users/craft/.platformio/packages/toolchain-gccarmnoneeabi/bin/../lib/gcc/arm-none-eabi/12.3.1/thumb/v7-m/nofp\libgcc.a
LOAD c:/users/craft/.platformio/packages/toolchain-gccarmnoneeabi/bin/../lib/gcc/arm-none-eabi/12.3.1/../../../../arm-none-eabi/lib/thumb/v7-m/nofp\libc_nano.a
END GROUP
LOAD c:/users/craft/.platformio/packages/toolchain-gccarmnoneeabi/bin/../lib/gcc/arm-none-eabi/12.3.1/thumb/v7-m/nofp/crtend.o
LOAD c:/users/craft/.platformio/packages/toolchain-gccarmnoneeabi/bin/../lib/gcc/arm-none-eabi/12.3.1/thumb/v7-m/nofp/crtn.o

.noinit         0x2000044c        0x0
                0x2000044c                        . = ALIGN (0x4)
                0x2000044c                        _snoinit = .
 *(.noinit)
 *(.noinit*)
                0x2000044c                        . = ALIGN (0x4)
                0x2000044c                        _enoinit = .

._user_heap_stack
                0x2000044c      0x604
                0x20000450                        . = ALIGN (0x8)
 *fill*         0x2000044c        0x4 
                [!provide]                        PROVIDE (end = .)
                0x20000450                        PROVIDE (_end = .)
                0x20000650                        . = (. + _Min_Heap_Size)
 *fill*         0x20000450      0x200 
                0x20000a50                        . = (. + _Min_Stack_Size)
 *fill*         0x20000650      0x400 
                0x20000a50                        . = ALIGN (0x8)

/DISCARD/
 libc.a(*)
 libm.a(*)
 libgcc.a(*)

.ARM.attributes
                0x00000000       0x29
 *(.ARM.attributes)
 .ARM.attributes
                0x00000000       0x1d c:/users/craft/.platformio/packages/toolchain-gccarmnoneeabi/bin/../lib/gcc/arm-none-eabi/12.3.1/thumb/v7-m/nofp/crti.o
 .ARM.attributes
                0x0000001d       0x2d c:/users/craft/.platformio/packages/toolchain-gccarmnoneeabi/bin/../lib/gcc/arm-none-eabi/12.3.1/thumb/v7-m/nofp/crtbegin.o
 .ARM.attributes
                0x0000004a       0x2d .pio/build/stm32_racedash/FrameworkArduinoVariant/PeripheralPins.c.o
 .ARM.attributes
                0x00000077       0x2d .pio/build/stm32_racedash/FrameworkArduinoVariant/generic_clock.c.o
 .ARM.attributes
                0x000000a4       0x2d .pio/build/stm32_racedash/FrameworkArduinoVariant/variant_generic.cpp.o
 .ARM.attributes
                0x000000d1       0x2d .pio/build/stm32_racedash/SrcWrapper/src/HAL/stm32yyxx_hal.c.o
 .ARM.attributes
                0x000000fe       0x2d .pio/build/stm32_racedash/SrcWrapper/src/HAL/stm32yyxx_hal_cortex.c.o
 .ARM.attributes
                0x0000012b       0x2d .pio/build/stm32_racedash/SrcWrapper/src/HAL/stm32yyxx_hal_crc.c.o
 .ARM.attributes
                0x00000158       0x2d .pio/build/stm32_racedash/SrcWrapper/src/HAL/stm32yyxx_hal_dma.c.o
 .ARM.attributes
                0x00000185       0x2d .pio/build/stm32_racedash/SrcWrapper/src/HAL/stm32yyxx_hal_gpio.c.o
 .ARM.attributes
                0x000001b2       0x2d .pio/build/stm32_racedash/SrcWrapper/src/HAL/stm32yyxx_hal_rcc.c.o
 .ARM.attributes
                0x000001df       0x2d .pio/build/stm32_racedash/SrcWrapper/src/HAL/stm32yyxx_hal_tim.c.o
 .ARM.attributes
                0x0000020c       0x2d .pio/build/stm32_racedash/SrcWrapper/src/HAL/stm32yyxx_hal_tim_ex.c.o
 .ARM.attributes
                0x00000239       0x2d .pio/build/stm32_racedash/SrcWrapper/src/HAL/stm32yyxx_hal_uart.c.o
 .ARM.attributes
                0x00000266       0x2d .pio/build/stm32_racedash/SrcWrapper/src/HardwareTimer.cpp.o
 .ARM.attributes
                0x00000293       0x2d .pio/build/stm32_racedash/SrcWrapper/src/stm32/clock.c.o
 .ARM.attributes
                0x000002c0       0x2d .pio/build/stm32_racedash/SrcWrapper/src/stm32/dwt.c.o
 .ARM.attributes
                0x000002ed       0x2d .pio/build/stm32_racedash/SrcWrapper/src/stm32/hw_config.c.o
 .ARM.attributes
                0x0000031a       0x2d .pio/build/stm32_racedash/SrcWrapper/src/stm32/interrupt.cpp.o
 .ARM.attributes
                0x00000347       0x2d .pio/build/stm32_racedash/SrcWrapper/src/stm32/pinmap.c.o
 .ARM.attributes
                0x00000374       0x2d .pio/build/stm32_racedash/SrcWrapper/src/stm32/system_stm32yyxx.c.o
 .ARM.attributes
                0x000003a1       0x2d .pio/build/stm32_racedash/SrcWrapper/src/stm32/timer.c.o
 .ARM.attributes
                0x000003ce       0x2d .pio/build/stm32_racedash/SrcWrapper/src/stm32/uart.c.o
 .ARM.attributes
                0x000003fb       0x2d .pio/build/stm32_racedash/SrcWrapper/src/syscalls.c.o
 .ARM.attributes
                0x00000428       0x2d .pio/build/stm32_racedash/libFrameworkArduino.a(main.cpp.o)
 .ARM.attributes
                0x00000455       0x21 .pio/build/stm32_racedash/libFrameworkArduino.a(startup_stm32yyxx.S.o)
 .ARM.attributes
                0x00000476       0x2d .pio/build/stm32_racedash/libFrameworkArduino.a(WSerial.cpp.o)
 .ARM.attributes
                0x000004a3       0x2d .pio/build/stm32_racedash/libFrameworkArduino.a(board.c.o)
 .ARM.attributes
                0x000004d0       0x2d .pio/build/stm32_racedash/libFrameworkArduino.a(HardwareSerial.cpp.o)
 .ARM.attributes
                0x000004fd       0x2d .pio/build/stm32_racedash/libFrameworkArduino.a(Stream.cpp.o)
 .ARM.attributes
                0x0000052a       0x2d .pio/build/stm32_racedash/libFrameworkArduino.a(wiring_time.c.o)
 .ARM.attributes
                0x00000557       0x2d c:/users/craft/.platformio/packages/toolchain-gccarmnoneeabi/bin/../lib/gcc/arm-none-eabi/12.3.1/../../../../arm-none-eabi/lib/thumb/v7-m/nofp\libstdc++_nano.a(functional.o)
 .ARM.attributes
                0x00000584       0x2d c:/users/craft/.platformio/packages/toolchain-gccarmnoneeabi/bin/../lib/gcc/arm-none-eabi/12.3.1/../../../../arm-none-eabi/lib/thumb/v7-m/nofp\libc_nano.a(libc_a-abort.o)
 .ARM.attributes
                0x000005b1       0x2d c:/users/craft/.platformio/packages/toolchain-gccarmnoneeabi/bin/../lib/gcc/arm-none-eabi/12.3.1/../../../../arm-none-eabi/lib/thumb/v7-m/nofp\libc_nano.a(libc_a-findfp.o)
 .ARM.attributes
                0x000005de       0x2d c:/users/craft/.platformio/packages/toolchain-gccarmnoneeabi/bin/../lib/gcc/arm-none-eabi/12.3.1/../../../../arm-none-eabi/lib/thumb/v7-m/nofp\libc_nano.a(libc_a-memset.o)
 .ARM.attributes
                0x0000060b       0x2d c:/users/craft/.platformio/packages/toolchain-gccarmnoneeabi/bin/../lib/gcc/arm-none-eabi/12.3.1/../../../../arm-none-eabi/lib/thumb/v7-m/nofp\libc_nano.a(libc_a-signal.o)
 .ARM.attributes
                0x00000638       0x2d c:/users/craft/.platformio/packages/toolchain-gccarmnoneeabi/bin/../lib/gcc/arm-none-eabi/12.3.1/../../../../arm-none-eabi/lib/thumb/v7-m/nofp\libc_nano.a(libc_a-reent.o)
 .ARM.attributes
                0x00000665       0x2d c:/users/craft/.platformio/packages/toolchain-gccarmnoneeabi/bin/../lib/gcc/arm-none-eabi/12.3.1/../../../../arm-none-eabi/lib/thumb/v7-m/nofp\libc_nano.a(libc_a-impure.o)
 .ARM.attributes
                0x00000692       0x2d c:/users/craft/.platformio/packages/toolchain-gccarmnoneeabi/bin/../lib/gcc/arm-none-eabi/12.3.1/../../../../arm-none-eabi/lib/thumb/v7-m/nofp\libc_nano.a(libc_a-signalr.o)
 .ARM.attributes
                0x000006bf       0x2d c:/users/craft/.platformio/packages/toolchain-gccarmnoneeabi/bin/../lib/gcc/arm-none-eabi/12.3.1/../../../../arm-none-eabi/lib/thumb/v7-m/nofp\libc_nano.a(libc_a-init.o)
 .ARM.attributes
                0x000006ec       0x2d c:/users/craft/.platformio/packages/toolchain-gccarmnoneeabi/bin/../lib/gcc/arm-none-eabi/12.3.1/../../../../arm-none-eabi/lib/thumb/v7-m/nofp\libc_nano.a(libc_a-memcpy-stub.o)
 .ARM.attributes
                0x00000719       0x1d c:/users/craft/.platformio/packages/toolchain-gccarmnoneeabi/bin/../lib/gcc/arm-none-eabi/12.3.1/thumb/v7-m/nofp/crtn.o
OUTPUT(.pio/build/stm32_racedash/firmware.elf elf32-littlearm)
LOAD linker stubs
LOAD c:/users/craft/.platformio/packages/toolchain-gccarmnoneeabi/bin/../lib/gcc/arm-none-eabi/12.3.1/../../../../arm-none-eabi/lib/thumb/v7-m/nofp\libc.a
LOAD c:/users/craft/.platformio/packages/toolchain-gccarmnoneeabi/bin/../lib/gcc/arm-none-eabi/12.3.1/../../../../arm-none-eabi/lib/thumb/v7-m/nofp\libm.a
LOAD c:/users/craft/.platformio/packages/toolchain-gccarmnoneeabi/bin/../lib/gcc/arm-none-eabi/12.3.1/thumb/v7-m/nofp\libgcc.a

.comment        0x00000000       0x39
 .comment       0x00000000       0x39 c:/users/craft/.platformio/packages/toolchain-gccarmnoneeabi/bin/../lib/gcc/arm-none-eabi/12.3.1/thumb/v7-m/nofp/crtbegin.o
                                 0x3a (size before relaxing)
 .comment       0x00000039       0x3a .pio/build/stm32_racedash/FrameworkArduinoVariant/PeripheralPins.c.o
 .comment       0x00000039       0x3a .pio/build/stm32_racedash/FrameworkArduinoVariant/generic_clock.c.o
 .comment       0x00000039       0x3a .pio/build/stm32_racedash/FrameworkArduinoVariant/variant_generic.cpp.o
 .comment       0x00000039       0x3a .pio/build/stm32_racedash/SrcWrapper/src/HAL/stm32yyxx_hal.c.o
 .comment       0x00000039       0x3a .pio/build/stm32_racedash/SrcWrapper/src/HAL/stm32yyxx_hal_cortex.c.o
 .comment       0x00000039       0x3a .pio/build/stm32_racedash/SrcWrapper/src/HAL/stm32yyxx_hal_crc.c.o
 .comment       0x00000039       0x3a .pio/build/stm32_racedash/SrcWrapper/src/HAL/stm32yyxx_hal_dma.c.o
 .comment       0x00000039       0x3a .pio/build/stm32_racedash/SrcWrapper/src/HAL/stm32yyxx_hal_gpio.c.o
 .comment       0x00000039       0x3a .pio/build/stm32_racedash/SrcWrapper/src/HAL/stm32yyxx_hal_rcc.c.o
 .comment       0x00000039       0x3a .pio/build/stm32_racedash/SrcWrapper/src/HAL/stm32yyxx_hal_tim.c.o
 .comment       0x00000039       0x3a .pio/build/stm32_racedash/SrcWrapper/src/HAL/stm32yyxx_hal_tim_ex.c.o
 .comment       0x00000039       0x3a .pio/build/stm32_racedash/SrcWrapper/src/HAL/stm32yyxx_hal_uart.c.o
 .comment       0x00000039       0x3a .pio/build/stm32_racedash/SrcWrapper/src/HardwareTimer.cpp.o
 .comment       0x00000039       0x3a .pio/build/stm32_racedash/SrcWrapper/src/stm32/clock.c.o
 .comment       0x00000039       0x3a .pio/build/stm32_racedash/SrcWrapper/src/stm32/dwt.c.o
 .comment       0x00000039       0x3a .pio/build/stm32_racedash/SrcWrapper/src/stm32/hw_config.c.o
 .comment       0x00000039       0x3a .pio/build/stm32_racedash/SrcWrapper/src/stm32/interrupt.cpp.o
 .comment       0x00000039       0x3a .pio/build/stm32_racedash/SrcWrapper/src/stm32/pinmap.c.o
 .comment       0x00000039       0x3a .pio/build/stm32_racedash/SrcWrapper/src/stm32/system_stm32yyxx.c.o
 .comment       0x00000039       0x3a .pio/build/stm32_racedash/SrcWrapper/src/stm32/timer.c.o
 .comment       0x00000039       0x3a .pio/build/stm32_racedash/SrcWrapper/src/stm32/uart.c.o
 .comment       0x00000039       0x3a .pio/build/stm32_racedash/SrcWrapper/src/syscalls.c.o
 .comment       0x00000039       0x3a .pio/build/stm32_racedash/libFrameworkArduino.a(main.cpp.o)
 .comment       0x00000039       0x3a .pio/build/stm32_racedash/libFrameworkArduino.a(WSerial.cpp.o)
 .comment       0x00000039       0x3a .pio/build/stm32_racedash/libFrameworkArduino.a(board.c.o)
 .comment       0x00000039       0x3a .pio/build/stm32_racedash/libFrameworkArduino.a(HardwareSerial.cpp.o)
 .comment       0x00000039       0x3a .pio/build/stm32_racedash/libFrameworkArduino.a(Stream.cpp.o)
 .comment       0x00000039       0x3a .pio/build/stm32_racedash/libFrameworkArduino.a(wiring_time.c.o)
 .comment       0x00000039       0x3a c:/users/craft/.platformio/packages/toolchain-gccarmnoneeabi/bin/../lib/gcc/arm-none-eabi/12.3.1/../../../../arm-none-eabi/lib/thumb/v7-m/nofp\libstdc++_nano.a(functional.o)
 .comment       0x00000039       0x3a c:/users/craft/.platformio/packages/toolchain-gccarmnoneeabi/bin/../lib/gcc/arm-none-eabi/12.3.1/../../../../arm-none-eabi/lib/thumb/v7-m/nofp\libc_nano.a(libc_a-abort.o)
 .comment       0x00000039       0x3a c:/users/craft/.platformio/packages/toolchain-gccarmnoneeabi/bin/../lib/gcc/arm-none-eabi/12.3.1/../../../../arm-none-eabi/lib/thumb/v7-m/nofp\libc_nano.a(libc_a-findfp.o)
 .comment       0x00000039       0x3a c:/users/craft/.platformio/packages/toolchain-gccarmnoneeabi/bin/../lib/gcc/arm-none-eabi/12.3.1/../../../../arm-none-eabi/lib/thumb/v7-m/nofp\libc_nano.a(libc_a-memset.o)
 .comment       0x00000039       0x3a c:/users/craft/.platformio/packages/toolchain-gccarmnoneeabi/bin/../lib/gcc/arm-none-eabi/12.3.1/../../../../arm-none-eabi/lib/thumb/v7-m/nofp\libc_nano.a(libc_a-signal.o)
 .comment       0x00000039       0x3a c:/users/craft/.platformio/packages/toolchain-gccarmnoneeabi/bin/../lib/gcc/arm-none-eabi/12.3.1/../../../../arm-none-eabi/lib/thumb/v7-m/nofp\libc_nano.a(libc_a-reent.o)
 .comment       0x00000039       0x3a c:/users/craft/.platformio/packages/toolchain-gccarmnoneeabi/bin/../lib/gcc/arm-none-eabi/12.3.1/../../../../arm-none-eabi/lib/thumb/v7-m/nofp\libc_nano.a(libc_a-impure.o)
 .comment       0x00000039       0x3a c:/users/craft/.platformio/packages/toolchain-gccarmnoneeabi/bin/../lib/gcc/arm-none-eabi/12.3.1/../../../../arm-none-eabi/lib/thumb/v7-m/nofp\libc_nano.a(libc_a-signalr.o)
 .comment       0x00000039       0x3a c:/users/craft/.platformio/packages/toolchain-gccarmnoneeabi/bin/../lib/gcc/arm-none-eabi/12.3.1/../../../../arm-none-eabi/lib/thumb/v7-m/nofp\libc_nano.a(libc_a-init.o)
 .comment       0x00000039       0x3a c:/users/craft/.platformio/packages/toolchain-gccarmnoneeabi/bin/../lib/gcc/arm-none-eabi/12.3.1/../../../../arm-none-eabi/lib/thumb/v7-m/nofp\libc_nano.a(libc_a-memcpy-stub.o)
